----------------------------------------------------------------
-Pin Report - Date: Wed Mar 26 17:57:02 2025 Pinchecksum: NOT-AVAILABLE
-Product: Designer
-Release: v2024.1
-Version: 2024.1.0.3
-Design Name: testeISP
-Family: SmartFusion2
-Die: M2S025T
-Package: 256 VF
-----------------------------------------------------------------

Port             |Pin |Fixed |Function                                   |Bank     |I/O Std   |Direction                      |I/O state in Flash*Freeze mode |Resistor Pull                      |I/O available in Flash*Freeze mode |Schmitt Trigger |Odt_Static    |Odt Imp (Ohm)  |Low Power Exit |Input Delay |Slew         |Pre-Emphasis      |Output Drive (mA) |Output Load (pF) |
-----------------|----|------|-------------------------------------------|---------|----------|-------------------------------|-------------------------------|-----------------------------------|-----------------------------------|----------------|--------------|---------------|---------------|------------|-------------|------------------|------------------|-----------------|
GPIO_3_M2F        K1   Yes    MSIOD119NB5/SERDES_0_REFCLK1_N              Bank5     LVCMOS25   Output                          TRISTATE                        None                                No                                  ---              ---            ---             ---             ---          SLOW          ---                4                  5                 
MMUART_0_RXD_F2M  H13  Yes    MSIO28NB1/MMUART_1_RXD/GPIO_26_B            Bank1     LVCMOS25   Input                           TRISTATE                        None                                No                                  Off              ---            ---             Off             Off          ---           ---                ---                ---               
MMUART_0_TXD_M2F  H12  Yes    MSIO27NB1/MMUART_1_TXD/GPIO_24_B            Bank1     LVCMOS25   Output                          TRISTATE                        None                                No                                  ---              ---            ---             ---             ---          SLOW          ---                4                  5                 
MMUART_1_RXD_F2M  H16  Yes    MSIO11NB2/I2C_1_SCL/GPIO_1_A/CCC_NE1_CLKI0  Bank2     LVCMOS25   Input                           TRISTATE                        None                                No                                  Off              ---            ---             Off             Off          ---           ---                ---                ---               
MMUART_1_TXD_M2F  J16  Yes    MSIO11PB2/I2C_1_SDA/GPIO_0_A/CCC_NE0_CLKI0  Bank2     LVCMOS25   Output                          TRISTATE                        None                                No                                  ---              ---            ---             ---             ---          SLOW          ---                4                  5                 
USB_ULPI_DATA[0]  L11  Yes    MSIO3PB2/USB_DATA0_B                        Bank2     LVCMOS25   Inout                           TRISTATE                        None                                Yes                                 Off              ---            ---             Off             Off          SLOW          ---                4                  5                 
USB_ULPI_DATA[1]  L12  Yes    MSIO3NB2/USB_DATA1_B                        Bank2     LVCMOS25   Inout                           TRISTATE                        None                                Yes                                 Off              ---            ---             Off             Off          SLOW          ---                4                  5                 
USB_ULPI_DATA[2]  K16  Yes    MSIO4PB2/USB_DATA2_B                        Bank2     LVCMOS25   Inout                           TRISTATE                        None                                Yes                                 Off              ---            ---             Off             Off          SLOW          ---                4                  5                 
USB_ULPI_DATA[3]  L15  Yes    MSIO4NB2/USB_DATA3_B                        Bank2     LVCMOS25   Inout                           TRISTATE                        None                                Yes                                 Off              ---            ---             Off             Off          SLOW          ---                4                  5                 
USB_ULPI_DATA[4]  L14  Yes    MSIO5PB2/USB_DATA4_B                        Bank2     LVCMOS25   Inout                           TRISTATE                        None                                Yes                                 Off              ---            ---             Off             Off          SLOW          ---                4                  5                 
USB_ULPI_DATA[5]  L13  Yes    MSIO5NB2/USB_DATA5_B                        Bank2     LVCMOS25   Inout                           TRISTATE                        None                                Yes                                 Off              ---            ---             Off             Off          SLOW          ---                4                  5                 
USB_ULPI_DATA[6]  K14  Yes    MSIO6PB2/USB_DATA6_B                        Bank2     LVCMOS25   Inout                           TRISTATE                        None                                Yes                                 Off              ---            ---             Off             Off          SLOW          ---                4                  5                 
USB_ULPI_DATA[7]  N15  Yes    MSIO0NB2/USB_DATA7_B                        Bank2     LVCMOS25   Inout                           TRISTATE                        None                                Yes                                 Off              ---            ---             Off             Off          SLOW          ---                4                  5                 
USB_ULPI_DIR      M16  Yes    MSIO1NB2/USB_DIR_B                          Bank2     LVCMOS25   Input                           TRISTATE                        None                                Yes                                 Off              ---            ---             Off             Off          ---           ---                ---                ---               
USB_ULPI_NXT      M13  Yes    MSIO2NB2/USB_NXT_B                          Bank2     LVCMOS25   Input                           TRISTATE                        None                                Yes                                 Off              ---            ---             Off             Off          ---           ---                ---                ---               
USB_ULPI_STP      N14  Yes    MSIO2PB2/USB_STP_B                          Bank2     LVCMOS25   Output                          TRISTATE                        None                                Yes                                 ---              ---            ---             ---             ---          SLOW          ---                4                  5                 
USB_ULPI_XCLK     N16  Yes    MSIO1PB2/USB_XCLK_B                         Bank2     LVCMOS25   Input                           TRISTATE                        None                                Yes                                 Off              ---            ---             Off             Off          ---           ---                ---                ---               
