
Copyright (C) 1994-2023 Synopsys, Inc.
This Synopsys software and all associated documentation are proprietary to Synopsys, Inc.
and may only be used pursuant to the terms and conditions of a written license agreement
with Synopsys, Inc. All other use, reproduction, modification, or distribution of the
Synopsys software or the associated documentation is strictly prohibited.
Tool: Synplify Pro (R)
Build: V-2023.09M
Install: C:\Microchip\Libero_SoC_v2024.1\SynplifyPro
OS: Windows 10 or later
Hostname: DESKTOP-V6FS948

Implementation : synthesis

# Written on Thu Apr 10 09:59:49 2025

##### DESIGN INFO #######################################################

Top View:                "mss_based_isp"
Constraint File(s):      "C:\Users\Lucas\Documents\Nascerr\mss_based_isp\designer\mss_based_isp\synthesis.fdc"




##### SUMMARY ############################################################

Found 0 issues in 0 out of 0 constraints


##### DETAILS ############################################################



Clock Relationships
*******************

Starting                        Ending                          |     rise to rise     |     fall to fall     |     rise to fall     |     fall to rise                     
---------------------------------------------------------------------------------------------------------------------------------------------------------------------------
mss_based_isp|MCCC_CLK_BASE     System                          |     10.000           |     No paths         |     No paths         |     No paths                         
mss_based_isp|MCCC_CLK_BASE     mss_based_isp|MCCC_CLK_BASE     |     10.000           |     No paths         |     No paths         |     No paths                         
===========================================================================================================================================================================
 Note: 'No paths' indicates there are no paths in the design for that pair of clock edges.
       'Diff grp' indicates that paths exist but the starting clock and ending clock are in different clock groups.


Unconstrained Start/End Points
******************************

p:MMUART_1_RXD
p:MMUART_1_TXD


Inapplicable constraints
************************

(none)


Applicable constraints with issues
**********************************

(none)


Constraints with matching wildcard expressions
**********************************************

(none)


Library Report
**************


# End of Constraint Checker Report
