
Copyright (C) 1994-2023 Synopsys, Inc.
This Synopsys software and all associated documentation are proprietary to Synopsys, Inc.
and may only be used pursuant to the terms and conditions of a written license agreement
with Synopsys, Inc. All other use, reproduction, modification, or distribution of the
Synopsys software or the associated documentation is strictly prohibited.
Tool: Synplify Pro (R)
Build: V-2023.09M
Install: C:\Microchip\Libero_SoC_v2024.1\SynplifyPro
OS: Windows 10 or later
Hostname: DESKTOP-V6FS948

Implementation : synthesis
Synopsys HDL compiler and linker, Version comp202309synp1, Build 146R, Built Jan  4 2024 08:15:03, @

Modified Files: 6
FID:  path (prevtimestamp, timestamp)
59       C:\Users\Lucas\Documents\Nascerr\In_System_Programming_FPGA\testeISP\component\work\testeISP\testeISP.v (2025-04-09 14:43:10, 2025-04-09 16:55:06)
60       C:\Users\Lucas\Documents\Nascerr\In_System_Programming_FPGA\testeISP\component\work\testeISP_sb\CCC_0\testeISP_sb_CCC_0_FCCC.v (2025-04-09 14:43:04, 2025-04-09 16:54:09)
61       C:\Users\Lucas\Documents\Nascerr\In_System_Programming_FPGA\testeISP\component\work\testeISP_sb\FABOSC_0\testeISP_sb_FABOSC_0_OSC.v (2025-04-09 14:43:05, 2025-04-09 16:54:09)
62       C:\Users\Lucas\Documents\Nascerr\In_System_Programming_FPGA\testeISP\component\work\testeISP_sb\testeISP_sb.v (2025-04-09 14:43:05, 2025-04-09 16:54:09)
63       C:\Users\Lucas\Documents\Nascerr\In_System_Programming_FPGA\testeISP\component\work\testeISP_sb_MSS\testeISP_sb_MSS.v (2025-04-09 14:43:01, 2025-04-09 16:54:06)
64       C:\Users\Lucas\Documents\Nascerr\In_System_Programming_FPGA\testeISP\component\work\testeISP_sb_MSS\testeISP_sb_MSS_syn.v (2025-04-09 14:43:01, 2025-04-09 16:54:06)

*******************************************************************
Modules that may have changed as a result of file changes: 21
MID:  lib.cell.view
0        work.CoreResetP.verilog may have changed because the following files changed:
                        C:\Users\Lucas\Documents\Nascerr\In_System_Programming_FPGA\testeISP\component\work\testeISP\testeISP.v (2025-04-09 14:43:10, 2025-04-09 16:55:06) <-- (may instantiate this module)
                        C:\Users\Lucas\Documents\Nascerr\In_System_Programming_FPGA\testeISP\component\work\testeISP_sb\testeISP_sb.v (2025-04-09 14:43:05, 2025-04-09 16:54:09) <-- (may instantiate this module)
15       work.Dev_Restart_after_ISP_blk.verilog may have changed because the following files changed:
                        C:\Users\Lucas\Documents\Nascerr\In_System_Programming_FPGA\testeISP\component\work\testeISP\testeISP.v (2025-04-09 14:43:10, 2025-04-09 16:55:06) <-- (may instantiate this module)
1        work.MSS_025.verilog may have changed because the following files changed:
                        C:\Users\Lucas\Documents\Nascerr\In_System_Programming_FPGA\testeISP\component\work\testeISP\testeISP.v (2025-04-09 14:43:10, 2025-04-09 16:55:06) <-- (may instantiate this module)
                        C:\Users\Lucas\Documents\Nascerr\In_System_Programming_FPGA\testeISP\component\work\testeISP_sb\testeISP_sb.v (2025-04-09 14:43:05, 2025-04-09 16:54:09) <-- (may instantiate this module)
                        C:\Users\Lucas\Documents\Nascerr\In_System_Programming_FPGA\testeISP\component\work\testeISP_sb_MSS\testeISP_sb_MSS.v (2025-04-09 14:43:01, 2025-04-09 16:54:06) <-- (may instantiate this module)
                        C:\Users\Lucas\Documents\Nascerr\In_System_Programming_FPGA\testeISP\component\work\testeISP_sb_MSS\testeISP_sb_MSS_syn.v (2025-04-09 14:43:01, 2025-04-09 16:54:06) <-- (module definition)
2        work.RCOSC_1MHZ.verilog may have changed because the following files changed:
                        C:\Users\Lucas\Documents\Nascerr\In_System_Programming_FPGA\testeISP\component\work\testeISP\testeISP.v (2025-04-09 14:43:10, 2025-04-09 16:55:06) <-- (may instantiate this module)
                        C:\Users\Lucas\Documents\Nascerr\In_System_Programming_FPGA\testeISP\component\work\testeISP_sb\FABOSC_0\testeISP_sb_FABOSC_0_OSC.v (2025-04-09 14:43:05, 2025-04-09 16:54:09) <-- (may instantiate this module)
                        C:\Users\Lucas\Documents\Nascerr\In_System_Programming_FPGA\testeISP\component\work\testeISP_sb\testeISP_sb.v (2025-04-09 14:43:05, 2025-04-09 16:54:09) <-- (may instantiate this module)
3        work.RCOSC_1MHZ_FAB.verilog may have changed because the following files changed:
                        C:\Users\Lucas\Documents\Nascerr\In_System_Programming_FPGA\testeISP\component\work\testeISP\testeISP.v (2025-04-09 14:43:10, 2025-04-09 16:55:06) <-- (may instantiate this module)
                        C:\Users\Lucas\Documents\Nascerr\In_System_Programming_FPGA\testeISP\component\work\testeISP_sb\FABOSC_0\testeISP_sb_FABOSC_0_OSC.v (2025-04-09 14:43:05, 2025-04-09 16:54:09) <-- (may instantiate this module)
                        C:\Users\Lucas\Documents\Nascerr\In_System_Programming_FPGA\testeISP\component\work\testeISP_sb\testeISP_sb.v (2025-04-09 14:43:05, 2025-04-09 16:54:09) <-- (may instantiate this module)
4        work.RCOSC_25_50MHZ.verilog may have changed because the following files changed:
                        C:\Users\Lucas\Documents\Nascerr\In_System_Programming_FPGA\testeISP\component\work\testeISP\testeISP.v (2025-04-09 14:43:10, 2025-04-09 16:55:06) <-- (may instantiate this module)
                        C:\Users\Lucas\Documents\Nascerr\In_System_Programming_FPGA\testeISP\component\work\testeISP_sb\FABOSC_0\testeISP_sb_FABOSC_0_OSC.v (2025-04-09 14:43:05, 2025-04-09 16:54:09) <-- (may instantiate this module)
                        C:\Users\Lucas\Documents\Nascerr\In_System_Programming_FPGA\testeISP\component\work\testeISP_sb\testeISP_sb.v (2025-04-09 14:43:05, 2025-04-09 16:54:09) <-- (may instantiate this module)
5        work.RCOSC_25_50MHZ_FAB.verilog may have changed because the following files changed:
                        C:\Users\Lucas\Documents\Nascerr\In_System_Programming_FPGA\testeISP\component\work\testeISP\testeISP.v (2025-04-09 14:43:10, 2025-04-09 16:55:06) <-- (may instantiate this module)
                        C:\Users\Lucas\Documents\Nascerr\In_System_Programming_FPGA\testeISP\component\work\testeISP_sb\FABOSC_0\testeISP_sb_FABOSC_0_OSC.v (2025-04-09 14:43:05, 2025-04-09 16:54:09) <-- (may instantiate this module)
                        C:\Users\Lucas\Documents\Nascerr\In_System_Programming_FPGA\testeISP\component\work\testeISP_sb\testeISP_sb.v (2025-04-09 14:43:05, 2025-04-09 16:54:09) <-- (may instantiate this module)
16       work.Ram_intferface.verilog may have changed because the following files changed:
                        C:\Users\Lucas\Documents\Nascerr\In_System_Programming_FPGA\testeISP\component\work\testeISP\testeISP.v (2025-04-09 14:43:10, 2025-04-09 16:55:06) <-- (may instantiate this module)
17       work.TAMPER.verilog may have changed because the following files changed:
                        C:\Users\Lucas\Documents\Nascerr\In_System_Programming_FPGA\testeISP\component\work\testeISP\testeISP.v (2025-04-09 14:43:10, 2025-04-09 16:55:06) <-- (may instantiate this module)
18       work.TAMPER_C0.verilog may have changed because the following files changed:
                        C:\Users\Lucas\Documents\Nascerr\In_System_Programming_FPGA\testeISP\component\work\testeISP\testeISP.v (2025-04-09 14:43:10, 2025-04-09 16:55:06) <-- (may instantiate this module)
19       work.TAMPER_C0_TAMPER_C0_0_TAMPER.verilog may have changed because the following files changed:
                        C:\Users\Lucas\Documents\Nascerr\In_System_Programming_FPGA\testeISP\component\work\testeISP\testeISP.v (2025-04-09 14:43:10, 2025-04-09 16:55:06) <-- (may instantiate this module)
20       work.TPSRAM_C0.verilog may have changed because the following files changed:
                        C:\Users\Lucas\Documents\Nascerr\In_System_Programming_FPGA\testeISP\component\work\testeISP\testeISP.v (2025-04-09 14:43:10, 2025-04-09 16:55:06) <-- (may instantiate this module)
21       work.TPSRAM_C0_TPSRAM_C0_0_TPSRAM.verilog may have changed because the following files changed:
                        C:\Users\Lucas\Documents\Nascerr\In_System_Programming_FPGA\testeISP\component\work\testeISP\testeISP.v (2025-04-09 14:43:10, 2025-04-09 16:55:06) <-- (may instantiate this module)
6        work.XTLOSC.verilog may have changed because the following files changed:
                        C:\Users\Lucas\Documents\Nascerr\In_System_Programming_FPGA\testeISP\component\work\testeISP\testeISP.v (2025-04-09 14:43:10, 2025-04-09 16:55:06) <-- (may instantiate this module)
                        C:\Users\Lucas\Documents\Nascerr\In_System_Programming_FPGA\testeISP\component\work\testeISP_sb\FABOSC_0\testeISP_sb_FABOSC_0_OSC.v (2025-04-09 14:43:05, 2025-04-09 16:54:09) <-- (may instantiate this module)
                        C:\Users\Lucas\Documents\Nascerr\In_System_Programming_FPGA\testeISP\component\work\testeISP_sb\testeISP_sb.v (2025-04-09 14:43:05, 2025-04-09 16:54:09) <-- (may instantiate this module)
7        work.XTLOSC_FAB.verilog may have changed because the following files changed:
                        C:\Users\Lucas\Documents\Nascerr\In_System_Programming_FPGA\testeISP\component\work\testeISP\testeISP.v (2025-04-09 14:43:10, 2025-04-09 16:55:06) <-- (may instantiate this module)
                        C:\Users\Lucas\Documents\Nascerr\In_System_Programming_FPGA\testeISP\component\work\testeISP_sb\FABOSC_0\testeISP_sb_FABOSC_0_OSC.v (2025-04-09 14:43:05, 2025-04-09 16:54:09) <-- (may instantiate this module)
                        C:\Users\Lucas\Documents\Nascerr\In_System_Programming_FPGA\testeISP\component\work\testeISP_sb\testeISP_sb.v (2025-04-09 14:43:05, 2025-04-09 16:54:09) <-- (may instantiate this module)
8        work.coreresetp_pcie_hotreset.verilog may have changed because the following files changed:
                        C:\Users\Lucas\Documents\Nascerr\In_System_Programming_FPGA\testeISP\component\work\testeISP\testeISP.v (2025-04-09 14:43:10, 2025-04-09 16:55:06) <-- (may instantiate this module)
                        C:\Users\Lucas\Documents\Nascerr\In_System_Programming_FPGA\testeISP\component\work\testeISP_sb\testeISP_sb.v (2025-04-09 14:43:05, 2025-04-09 16:54:09) <-- (may instantiate this module)
10       work.testeISP.verilog may have changed because the following files changed:
                        C:\Users\Lucas\Documents\Nascerr\In_System_Programming_FPGA\testeISP\component\work\testeISP\testeISP.v (2025-04-09 14:43:10, 2025-04-09 16:55:06) <-- (module definition)
11       work.testeISP_sb.verilog may have changed because the following files changed:
                        C:\Users\Lucas\Documents\Nascerr\In_System_Programming_FPGA\testeISP\component\work\testeISP\testeISP.v (2025-04-09 14:43:10, 2025-04-09 16:55:06) <-- (may instantiate this module)
                        C:\Users\Lucas\Documents\Nascerr\In_System_Programming_FPGA\testeISP\component\work\testeISP_sb\testeISP_sb.v (2025-04-09 14:43:05, 2025-04-09 16:54:09) <-- (module definition)
12       work.testeISP_sb_CCC_0_FCCC.verilog may have changed because the following files changed:
                        C:\Users\Lucas\Documents\Nascerr\In_System_Programming_FPGA\testeISP\component\work\testeISP\testeISP.v (2025-04-09 14:43:10, 2025-04-09 16:55:06) <-- (may instantiate this module)
                        C:\Users\Lucas\Documents\Nascerr\In_System_Programming_FPGA\testeISP\component\work\testeISP_sb\CCC_0\testeISP_sb_CCC_0_FCCC.v (2025-04-09 14:43:04, 2025-04-09 16:54:09) <-- (module definition)
                        C:\Users\Lucas\Documents\Nascerr\In_System_Programming_FPGA\testeISP\component\work\testeISP_sb\testeISP_sb.v (2025-04-09 14:43:05, 2025-04-09 16:54:09) <-- (may instantiate this module)
13       work.testeISP_sb_FABOSC_0_OSC.verilog may have changed because the following files changed:
                        C:\Users\Lucas\Documents\Nascerr\In_System_Programming_FPGA\testeISP\component\work\testeISP\testeISP.v (2025-04-09 14:43:10, 2025-04-09 16:55:06) <-- (may instantiate this module)
                        C:\Users\Lucas\Documents\Nascerr\In_System_Programming_FPGA\testeISP\component\work\testeISP_sb\FABOSC_0\testeISP_sb_FABOSC_0_OSC.v (2025-04-09 14:43:05, 2025-04-09 16:54:09) <-- (module definition)
                        C:\Users\Lucas\Documents\Nascerr\In_System_Programming_FPGA\testeISP\component\work\testeISP_sb\testeISP_sb.v (2025-04-09 14:43:05, 2025-04-09 16:54:09) <-- (may instantiate this module)
14       work.testeISP_sb_MSS.verilog may have changed because the following files changed:
                        C:\Users\Lucas\Documents\Nascerr\In_System_Programming_FPGA\testeISP\component\work\testeISP\testeISP.v (2025-04-09 14:43:10, 2025-04-09 16:55:06) <-- (may instantiate this module)
                        C:\Users\Lucas\Documents\Nascerr\In_System_Programming_FPGA\testeISP\component\work\testeISP_sb\testeISP_sb.v (2025-04-09 14:43:05, 2025-04-09 16:54:09) <-- (may instantiate this module)
                        C:\Users\Lucas\Documents\Nascerr\In_System_Programming_FPGA\testeISP\component\work\testeISP_sb_MSS\testeISP_sb_MSS.v (2025-04-09 14:43:01, 2025-04-09 16:54:06) <-- (module definition)

*******************************************************************
Unmodified files: 15
FID:  path (timestamp)
15       C:\Microchip\Libero_SoC_v2024.1\SynplifyPro\lib\generic\smartfusion2.v (2024-01-04 13:11:02)
16       C:\Microchip\Libero_SoC_v2024.1\SynplifyPro\lib\vlog\hypermods.v (2024-01-04 13:04:40)
17       C:\Microchip\Libero_SoC_v2024.1\SynplifyPro\lib\vlog\scemi_objects.v (2024-01-04 13:04:40)
18       C:\Microchip\Libero_SoC_v2024.1\SynplifyPro\lib\vlog\scemi_pipes.svh (2024-01-04 13:04:40)
19       C:\Microchip\Libero_SoC_v2024.1\SynplifyPro\lib\vlog\umr_capim.v (2024-01-04 13:08:34)
56       C:\Users\Lucas\Documents\Nascerr\In_System_Programming_FPGA\testeISP\component\Actel\DirectCore\CoreResetP\7.1.100\rtl\vlog\core\coreresetp.v (2024-09-10 15:44:31)
57       C:\Users\Lucas\Documents\Nascerr\In_System_Programming_FPGA\testeISP\component\Actel\DirectCore\CoreResetP\7.1.100\rtl\vlog\core\coreresetp_pcie_hotreset.v (2024-09-10 15:44:31)
58       C:\Users\Lucas\Documents\Nascerr\In_System_Programming_FPGA\testeISP\component\Actel\SgCore\OSC\2.0.101\osc_comps.v (2024-09-10 15:44:32)
65       C:\Users\Lucas\Documents\Nascerr\In_System_Programming_FPGA\testeISP\component\Actel\SgCore\TAMPER\2.1.300\tamper_comps.v (2025-04-08 14:44:39)
66       C:\Users\Lucas\Documents\Nascerr\In_System_Programming_FPGA\testeISP\component\work\Dev_Restart_after_ISP_blk\Dev_Restart_after_ISP_blk.v (2025-04-08 15:28:27)
67       C:\Users\Lucas\Documents\Nascerr\In_System_Programming_FPGA\testeISP\component\work\TAMPER_C0\TAMPER_C0.v (2025-04-08 14:44:39)
68       C:\Users\Lucas\Documents\Nascerr\In_System_Programming_FPGA\testeISP\component\work\TAMPER_C0\TAMPER_C0_0\TAMPER_C0_TAMPER_C0_0_TAMPER.v (2025-04-08 14:44:39)
69       C:\Users\Lucas\Documents\Nascerr\In_System_Programming_FPGA\testeISP\component\work\TPSRAM_C0\TPSRAM_C0.v (2025-04-08 15:19:24)
70       C:\Users\Lucas\Documents\Nascerr\In_System_Programming_FPGA\testeISP\component\work\TPSRAM_C0\TPSRAM_C0_0\TPSRAM_C0_TPSRAM_C0_0_TPSRAM.v (2025-04-08 15:19:24)
71       C:\Users\Lucas\Documents\Nascerr\In_System_Programming_FPGA\testeISP\hdl\Ram_interface.v (2025-04-08 14:48:47)

*******************************************************************
Unchanged modules: 0
MID:  lib.cell.view
