Archive member included to satisfy reference by file (symbol)

d:/microchip/softconsole-v2021.1/arm-none-eabi-gcc/bin/../lib/gcc/arm-none-eabi/9.2.1/../../../../arm-none-eabi/lib/thumb/v7-m/nofp\libg_nano.a(lib_a-errno.o)
                              ./CMSIS/startup_gcc/newlib_stubs.o (__errno)
d:/microchip/softconsole-v2021.1/arm-none-eabi-gcc/bin/../lib/gcc/arm-none-eabi/9.2.1/../../../../arm-none-eabi/lib/thumb/v7-m/nofp\libg_nano.a(lib_a-exit.o)
                              d:/microchip/softconsole-v2021.1/arm-none-eabi-gcc/bin/../lib/gcc/arm-none-eabi/9.2.1/../../../../arm-none-eabi/lib/thumb/v7-m/nofp/crt0.o (exit)
d:/microchip/softconsole-v2021.1/arm-none-eabi-gcc/bin/../lib/gcc/arm-none-eabi/9.2.1/../../../../arm-none-eabi/lib/thumb/v7-m/nofp\libg_nano.a(lib_a-impure.o)
                              d:/microchip/softconsole-v2021.1/arm-none-eabi-gcc/bin/../lib/gcc/arm-none-eabi/9.2.1/../../../../arm-none-eabi/lib/thumb/v7-m/nofp\libg_nano.a(lib_a-exit.o) (_global_impure_ptr)
d:/microchip/softconsole-v2021.1/arm-none-eabi-gcc/bin/../lib/gcc/arm-none-eabi/9.2.1/../../../../arm-none-eabi/lib/thumb/v7-m/nofp\libg_nano.a(lib_a-init.o)
                              d:/microchip/softconsole-v2021.1/arm-none-eabi-gcc/bin/../lib/gcc/arm-none-eabi/9.2.1/../../../../arm-none-eabi/lib/thumb/v7-m/nofp/crt0.o (__libc_init_array)
d:/microchip/softconsole-v2021.1/arm-none-eabi-gcc/bin/../lib/gcc/arm-none-eabi/9.2.1/../../../../arm-none-eabi/lib/thumb/v7-m/nofp\libg_nano.a(lib_a-memcpy-stub.o)
                              ./mss_sys_services/mss_sys_services.o (memcpy)
d:/microchip/softconsole-v2021.1/arm-none-eabi-gcc/bin/../lib/gcc/arm-none-eabi/9.2.1/../../../../arm-none-eabi/lib/thumb/v7-m/nofp\libg_nano.a(lib_a-memset.o)
                              d:/microchip/softconsole-v2021.1/arm-none-eabi-gcc/bin/../lib/gcc/arm-none-eabi/9.2.1/../../../../arm-none-eabi/lib/thumb/v7-m/nofp/crt0.o (memset)
d:/microchip/softconsole-v2021.1/arm-none-eabi-gcc/bin/../lib/gcc/arm-none-eabi/9.2.1/../../../../arm-none-eabi/lib/thumb/v7-m/nofp\libg_nano.a(lib_a-strncpy.o)
                              ./main.o (strncpy)

Allocating common symbols
Common symbol       size              file

sect_size2          0x4               ./FatFs/src/diskio.o
fs                  0x234             ./main.o
fsrc                0x24              ./main.o
g_mss_uart1         0x40              ./drivers/mss_uart/mss_uart.o
g_mss_uart0         0x40              ./drivers/mss_uart/mss_uart.o
g_page_buffer       0x200             ./main.o
sect_size1          0x4               ./FatFs/src/diskio.o
gh_tx_ep            0x154             ./mss_usb/mss_usb_host.o
res                 0x1               ./main.o
gh_rx_ep            0x154             ./mss_usb/mss_usb_host.o

Discarded input sections

 .text          0x0000000000000000        0x0 d:/microchip/softconsole-v2021.1/arm-none-eabi-gcc/bin/../lib/gcc/arm-none-eabi/9.2.1/thumb/v7-m/nofp/crti.o
 .data          0x0000000000000000        0x0 d:/microchip/softconsole-v2021.1/arm-none-eabi-gcc/bin/../lib/gcc/arm-none-eabi/9.2.1/thumb/v7-m/nofp/crti.o
 .bss           0x0000000000000000        0x0 d:/microchip/softconsole-v2021.1/arm-none-eabi-gcc/bin/../lib/gcc/arm-none-eabi/9.2.1/thumb/v7-m/nofp/crti.o
 .text          0x0000000000000000        0x0 d:/microchip/softconsole-v2021.1/arm-none-eabi-gcc/bin/../lib/gcc/arm-none-eabi/9.2.1/thumb/v7-m/nofp/crtbegin.o
 .data          0x0000000000000000        0x0 d:/microchip/softconsole-v2021.1/arm-none-eabi-gcc/bin/../lib/gcc/arm-none-eabi/9.2.1/thumb/v7-m/nofp/crtbegin.o
 .bss           0x0000000000000000        0x0 d:/microchip/softconsole-v2021.1/arm-none-eabi-gcc/bin/../lib/gcc/arm-none-eabi/9.2.1/thumb/v7-m/nofp/crtbegin.o
 .data.__dso_handle
                0x0000000000000000        0x4 d:/microchip/softconsole-v2021.1/arm-none-eabi-gcc/bin/../lib/gcc/arm-none-eabi/9.2.1/thumb/v7-m/nofp/crtbegin.o
 .text          0x0000000000000000       0x74 d:/microchip/softconsole-v2021.1/arm-none-eabi-gcc/bin/../lib/gcc/arm-none-eabi/9.2.1/../../../../arm-none-eabi/lib/thumb/v7-m/nofp/crt0.o
 .data          0x0000000000000000        0x0 d:/microchip/softconsole-v2021.1/arm-none-eabi-gcc/bin/../lib/gcc/arm-none-eabi/9.2.1/../../../../arm-none-eabi/lib/thumb/v7-m/nofp/crt0.o
 .bss           0x0000000000000000        0x0 d:/microchip/softconsole-v2021.1/arm-none-eabi-gcc/bin/../lib/gcc/arm-none-eabi/9.2.1/../../../../arm-none-eabi/lib/thumb/v7-m/nofp/crt0.o
 .ARM.extab     0x0000000000000000        0x0 d:/microchip/softconsole-v2021.1/arm-none-eabi-gcc/bin/../lib/gcc/arm-none-eabi/9.2.1/../../../../arm-none-eabi/lib/thumb/v7-m/nofp/crt0.o
 .ARM.exidx     0x0000000000000000        0x8 d:/microchip/softconsole-v2021.1/arm-none-eabi-gcc/bin/../lib/gcc/arm-none-eabi/9.2.1/../../../../arm-none-eabi/lib/thumb/v7-m/nofp/crt0.o
 .group         0x0000000000000000        0xc ./mss_usb/mss_usb_common_cif.o
[...]
Memory Configuration

Name             Origin             Length             Attributes
ram              0x0000000020000000 0x0000000000010000 xrw
*default*        0x0000000000000000 0xffffffffffffffff

Linker script and memory map

LOAD d:/microchip/softconsole-v2021.1/arm-none-eabi-gcc/bin/../lib/gcc/arm-none-eabi/9.2.1/thumb/v7-m/nofp/crti.o
LOAD d:/microchip/softconsole-v2021.1/arm-none-eabi-gcc/bin/../lib/gcc/arm-none-eabi/9.2.1/thumb/v7-m/nofp/crtbegin.o
LOAD d:/microchip/softconsole-v2021.1/arm-none-eabi-gcc/bin/../lib/gcc/arm-none-eabi/9.2.1/../../../../arm-none-eabi/lib/thumb/v7-m/nofp/crt0.o
LOAD ./mss_usb/mss_usb_common_cif.o
LOAD ./mss_usb/mss_usb_device.o
LOAD ./mss_usb/mss_usb_device_cdc.o
LOAD ./mss_usb/mss_usb_device_cif.o
LOAD ./mss_usb/mss_usb_device_hid.o
LOAD ./mss_usb/mss_usb_device_msd.o
LOAD ./mss_usb/mss_usb_host.o
LOAD ./mss_usb/mss_usb_host_cif.o
LOAD ./mss_usb/mss_usb_host_msc.o
LOAD ./mss_sys_services/mss_comblk.o
LOAD ./mss_sys_services/mss_sys_services.o
LOAD ./hal/CortexM3/GNU/hal.o
LOAD ./hal/CortexM3/GNU/hw_reg_access.o
LOAD ./hal/CortexM3/cortex_nvic.o
LOAD ./drivers_config/sys_config/sys_config.o
LOAD ./drivers/mss_uart/mss_uart.o
LOAD ./drivers/mss_nvm/mss_nvm.o
LOAD ./drivers/mss_hpdma/mss_hpdma.o
LOAD ./drivers/mss_gpio/mss_gpio.o
LOAD ./FatFs/src/option/syscall.o
LOAD ./FatFs/src/diskio.o
LOAD ./FatFs/src/ff.o
LOAD ./CMSIS/startup_gcc/newlib_stubs.o
LOAD ./CMSIS/startup_gcc/startup_m2sxxx.o
LOAD ./CMSIS/system_m2sxxx.o
LOAD ./main.o
START GROUP
LOAD d:/microchip/softconsole-v2021.1/arm-none-eabi-gcc/bin/../lib/gcc/arm-none-eabi/9.2.1/thumb/v7-m/nofp\libgcc.a
LOAD d:/microchip/softconsole-v2021.1/arm-none-eabi-gcc/bin/../lib/gcc/arm-none-eabi/9.2.1/../../../../arm-none-eabi/lib/thumb/v7-m/nofp\libg_nano.a
LOAD d:/microchip/softconsole-v2021.1/arm-none-eabi-gcc/bin/../lib/gcc/arm-none-eabi/9.2.1/../../../../arm-none-eabi/lib/thumb/v7-m/nofp\libc_nano.a
END GROUP
START GROUP
LOAD d:/microchip/softconsole-v2021.1/arm-none-eabi-gcc/bin/../lib/gcc/arm-none-eabi/9.2.1/thumb/v7-m/nofp\libgcc.a
LOAD d:/microchip/softconsole-v2021.1/arm-none-eabi-gcc/bin/../lib/gcc/arm-none-eabi/9.2.1/../../../../arm-none-eabi/lib/thumb/v7-m/nofp\libc_nano.a
END GROUP
LOAD d:/microchip/softconsole-v2021.1/arm-none-eabi-gcc/bin/../lib/gcc/arm-none-eabi/9.2.1/thumb/v7-m/nofp/crtend.o
LOAD d:/microchip/softconsole-v2021.1/arm-none-eabi-gcc/bin/../lib/gcc/arm-none-eabi/9.2.1/thumb/v7-m/nofp/crtn.o
START GROUP
LOAD d:/microchip/softconsole-v2021.1/arm-none-eabi-gcc/bin/../lib/gcc/arm-none-eabi/9.2.1/../../../../arm-none-eabi/lib/thumb/v7-m/nofp\libc.a
LOAD d:/microchip/softconsole-v2021.1/arm-none-eabi-gcc/bin/../lib/gcc/arm-none-eabi/9.2.1/thumb/v7-m/nofp\libgcc.a
LOAD d:/microchip/softconsole-v2021.1/arm-none-eabi-gcc/bin/../lib/gcc/arm-none-eabi/9.2.1/../../../../arm-none-eabi/lib/thumb/v7-m/nofp\libm.a
END GROUP
                0x0000000000000000                __DYNAMIC = 0x0
                0x0000000020000000                RAM_START_ADDRESS = 0x20000000
                0x0000000000010000                RAM_SIZE = 0x10000
                0x0000000000001000                MAIN_STACK_SIZE = 0x1000
                0x0000000000001000                MIN_SIZE_HEAP = 0x1000
                0x0000000020010000                PROVIDE (__main_stack_start = (RAM_START_ADDRESS + RAM_SIZE))
                0x0000000020010000                PROVIDE (_estack = __main_stack_start)
                0x0000000000000000                PROVIDE (__mirrored_nvm = 0x0)
                0x0000000000000000                PROVIDE (__smartfusion2_memory_remap = 0x0)

.vector_table   0x0000000020000000      0x190
                0x0000000020000000                __vector_table_load = LOADADDR (.vector_table)
                0x0000000020000000                __vector_table_start = .
                0x0000000020000000                __vector_table_vma_base_address = .
 *(.isr_vector)
 .isr_vector    0x0000000020000000      0x190 ./CMSIS/startup_gcc/startup_m2sxxx.o
                0x0000000020000000                g_pfnVectors
                0x0000000020000190                . = ALIGN (0x10)
                0x0000000020000190                _evector_table = .

.boot_code      0x0000000020000190      0x320
 *(.boot_code)
 .boot_code     0x0000000020000190      0x31c ./CMSIS/startup_gcc/startup_m2sxxx.o
                0x0000000020000190                Reset_Handler
                0x000000002000037e                NMI_Handler
                0x0000000020000380                HardFault_Handler
                0x0000000020000382                MemManage_Handler
                0x0000000020000384                BusFault_Handler
                0x0000000020000386                UsageFault_Handler
                0x0000000020000388                SVC_Handler
                0x000000002000038a                DebugMon_Handler
                0x000000002000038c                PendSV_Handler
                0x0000000020000390                WdogWakeup_IRQHandler
                0x0000000020000392                RTC_Wakeup_IRQHandler
                0x0000000020000394                SPI0_IRQHandler
                0x0000000020000396                SPI1_IRQHandler
                0x0000000020000398                I2C0_IRQHandler
                0x000000002000039a                I2C0_SMBAlert_IRQHandler
                0x000000002000039c                I2C0_SMBus_IRQHandler
                0x000000002000039e                I2C1_IRQHandler
                0x00000000200003a0                I2C1_SMBAlert_IRQHandler
                0x00000000200003a2                I2C1_SMBus_IRQHandler
                0x00000000200003a8                EthernetMAC_IRQHandler
                0x00000000200003aa                DMA_IRQHandler
                0x00000000200003ac                Timer1_IRQHandler
                0x00000000200003ae                Timer2_IRQHandler
                0x00000000200003b0                CAN_IRQHandler
                0x00000000200003b2                ENVM0_IRQHandler
                0x00000000200003b4                ENVM1_IRQHandler
                0x00000000200003bc                PLL_Lock_IRQHandler
                0x00000000200003be                PLL_LockLost_IRQHandler
                0x00000000200003c0                CommSwitchError_IRQHandler
                0x00000000200003c2                CacheError_IRQHandler
                0x00000000200003c4                DDR_IRQHandler
                0x00000000200003ca                ECC_Error_IRQHandler
                0x00000000200003cc                MDDR_IOCalib_IRQHandler
                0x00000000200003ce                FAB_PLL_Lock_IRQHandler
                0x00000000200003d0                FAB_PLL_LockLost_IRQHandler
                0x00000000200003d2                FIC64_IRQHandler
                0x00000000200003d4                FabricIrq0_IRQHandler
                0x00000000200003d6                FabricIrq1_IRQHandler
                0x00000000200003d8                FabricIrq2_IRQHandler
                0x00000000200003da                FabricIrq3_IRQHandler
                0x00000000200003dc                FabricIrq4_IRQHandler
                0x00000000200003de                FabricIrq5_IRQHandler
                0x00000000200003e0                FabricIrq6_IRQHandler
                0x00000000200003e2                FabricIrq7_IRQHandler
                0x00000000200003e4                FabricIrq8_IRQHandler
                0x00000000200003e6                FabricIrq9_IRQHandler
                0x00000000200003e8                FabricIrq10_IRQHandler
                0x00000000200003ea                FabricIrq11_IRQHandler
                0x00000000200003ec                FabricIrq12_IRQHandler
                0x00000000200003ee                FabricIrq13_IRQHandler
                0x00000000200003f0                FabricIrq14_IRQHandler
                0x00000000200003f2                FabricIrq15_IRQHandler
                0x00000000200003f4                GPIO0_IRQHandler
                0x00000000200003f6                GPIO1_IRQHandler
                0x00000000200003f8                GPIO2_IRQHandler
                0x00000000200003fa                GPIO3_IRQHandler
                0x00000000200003fc                GPIO4_IRQHandler
                0x00000000200003fe                GPIO5_IRQHandler
                0x0000000020000400                GPIO6_IRQHandler
                0x0000000020000402                GPIO7_IRQHandler
                0x0000000020000404                GPIO8_IRQHandler
                0x0000000020000406                GPIO9_IRQHandler
                0x0000000020000408                GPIO10_IRQHandler
                0x000000002000040a                GPIO11_IRQHandler
                0x000000002000040c                GPIO12_IRQHandler
                0x000000002000040e                GPIO13_IRQHandler
                0x0000000020000410                GPIO14_IRQHandler
                0x0000000020000412                GPIO15_IRQHandler
                0x0000000020000414                GPIO16_IRQHandler
                0x0000000020000416                GPIO17_IRQHandler
                0x0000000020000418                GPIO18_IRQHandler
                0x000000002000041a                GPIO19_IRQHandler
                0x000000002000041c                GPIO20_IRQHandler
                0x000000002000041e                GPIO21_IRQHandler
                0x0000000020000420                GPIO22_IRQHandler
                0x0000000020000422                GPIO23_IRQHandler
                0x0000000020000424                GPIO24_IRQHandler
                0x0000000020000426                GPIO25_IRQHandler
                0x0000000020000428                GPIO26_IRQHandler
                0x000000002000042a                GPIO27_IRQHandler
                0x000000002000042c                GPIO28_IRQHandler
                0x000000002000042e                GPIO29_IRQHandler
                0x0000000020000430                GPIO30_IRQHandler
                0x0000000020000432                GPIO31_IRQHandler
                0x0000000020000434                mscc_post_hw_cfg_init
                0x00000000200004b0                . = ALIGN (0x10)
 *fill*         0x00000000200004ac        0x4 

.text           0x00000000200004b0     0x30c0
 CREATE_OBJECT_SYMBOLS
                0x00000000200004b0                __text_load = LOADADDR (.text)
                0x00000000200004b0                __text_start = .
 *(.text .text.* .gnu.linkonce.t.*)
 .text.__do_global_dtors_aux
                0x00000000200004b0       0x24 d:/microchip/softconsole-v2021.1/arm-none-eabi-gcc/bin/../lib/gcc/arm-none-eabi/9.2.1/thumb/v7-m/nofp/crtbegin.o
 .text.frame_dummy
                0x00000000200004d4       0x1c d:/microchip/softconsole-v2021.1/arm-none-eabi-gcc/bin/../lib/gcc/arm-none-eabi/9.2.1/thumb/v7-m/nofp/crtbegin.o
 .text.USB_IRQHandler
                0x00000000200004f0      0x284 ./mss_usb/mss_usb_common_cif.o
                0x00000000200004f0                USB_IRQHandler
 .text.USB_DMA_IRQHandler
                0x0000000020000774       0x10 ./mss_usb/mss_usb_common_cif.o
                0x0000000020000774                USB_DMA_IRQHandler
 .text.MSS_USB_CIF_ep_write_pkt
                0x0000000020000784      0x104 ./mss_usb/mss_usb_common_cif.o
                0x0000000020000784                MSS_USB_CIF_ep_write_pkt
 .text.MSS_USB_CIF_tx_ep_configure
                0x0000000020000888      0x1c4 ./mss_usb/mss_usb_common_cif.o
                0x0000000020000888                MSS_USB_CIF_tx_ep_configure
 .text.MSS_USB_CIF_rx_ep_configure
                0x0000000020000a4c      0x1d4 ./mss_usb/mss_usb_common_cif.o
                0x0000000020000a4c                MSS_USB_CIF_rx_ep_configure
 .text.MSS_USB_host_cep_cb
                0x0000000020000c20        0xc ./mss_usb/mss_usb_host.o
 .text.MSS_USB_host_sof_cb
                0x0000000020000c2c        0x4 ./mss_usb/mss_usb_host.o
 .text.MSS_USB_host_connect_cb
                0x0000000020000c30       0x14 ./mss_usb/mss_usb_host.o
 .text.MSS_USB_host_disconnect_cb
                0x0000000020000c44        0xc ./mss_usb/mss_usb_host.o
 .text.MSS_USB_host_vbus_err_cb
                0x0000000020000c50        0x4 ./mss_usb/mss_usb_host.o
 .text.MSS_USB_host_babble_err_cb
                0x0000000020000c54        0x4 ./mss_usb/mss_usb_host.o
 .text.validate_dev_desc
                0x0000000020000c58       0x50 ./mss_usb/mss_usb_host.o
 .text.MSS_USB_host_ep_rx_cb
                0x0000000020000ca8       0x80 ./mss_usb/mss_usb_host.o
 .text.MSS_USB_host_ep_tx_complete_cb
                0x0000000020000d28       0x78 ./mss_usb/mss_usb_host.o
 .text.MSS_USB_host_session_request_cb
                0x0000000020000da0        0x4 ./mss_usb/mss_usb_host.o
 .text.MSS_USBH_configure_control_pipe
                0x0000000020000da4       0x60 ./mss_usb/mss_usb_host.o
                0x0000000020000da4                MSS_USBH_configure_control_pipe
 .text.MSS_USBH_configure_out_pipe
                0x0000000020000e04       0xa4 ./mss_usb/mss_usb_host.o
                0x0000000020000e04                MSS_USBH_configure_out_pipe
 .text.MSS_USBH_configure_in_pipe
                0x0000000020000ea8       0xa4 ./mss_usb/mss_usb_host.o
                0x0000000020000ea8                MSS_USBH_configure_in_pipe
 .text.MSS_USBH_write_out_pipe
                0x0000000020000f4c       0x50 ./mss_usb/mss_usb_host.o
                0x0000000020000f4c                MSS_USBH_write_out_pipe
 .text.MSS_USBH_read_in_pipe
                0x0000000020000f9c       0x64 ./mss_usb/mss_usb_host.o
                0x0000000020000f9c                MSS_USBH_read_in_pipe
 .text.MSS_USBH_get_tdev_state
                0x0000000020001000       0x28 ./mss_usb/mss_usb_host.o
                0x0000000020001000                MSS_USBH_get_tdev_state
 .text.MSS_USBH_start_control_xfr
                0x0000000020001028       0x70 ./mss_usb/mss_usb_host.o
                0x0000000020001028                MSS_USBH_start_control_xfr
 .text.MSS_USBH_task
                0x0000000020001098      0x830 ./mss_usb/mss_usb_host.o
                0x0000000020001098                MSS_USBH_task
 .text.MSS_USBH_construct_get_descr_command
                0x00000000200018c8       0x4c ./mss_usb/mss_usb_host.o
                0x00000000200018c8                MSS_USBH_construct_get_descr_command
 .text.MSS_USBH_get_cep_state
                0x0000000020001914        0xc ./mss_usb/mss_usb_host.o
                0x0000000020001914                MSS_USBH_get_cep_state
 .text.MSS_USBH_1ms_tick
                0x0000000020001920       0x40 ./mss_usb/mss_usb_host.o
                0x0000000020001920                MSS_USBH_1ms_tick
 .text.MSS_USBH_get_milis
                0x0000000020001960        0xc ./mss_usb/mss_usb_host.o
                0x0000000020001960                MSS_USBH_get_milis
 .text.MSS_USB_HCIF_cep_configure
                0x000000002000196c       0xb8 ./mss_usb/mss_usb_host_cif.o
                0x000000002000196c                MSS_USB_HCIF_cep_configure
 .text.MSS_USB_HCIF_tx_ep_configure
                0x0000000020001a24       0x60 ./mss_usb/mss_usb_host_cif.o
                0x0000000020001a24                MSS_USB_HCIF_tx_ep_configure
 .text.MSS_USB_HCIF_rx_ep_configure
                0x0000000020001a84       0x60 ./mss_usb/mss_usb_host_cif.o
                0x0000000020001a84                MSS_USB_HCIF_rx_ep_configure
 .text.MSS_USB_HCIF_read_vbus_level
                0x0000000020001ae4       0x24 ./mss_usb/mss_usb_host_cif.o
                0x0000000020001ae4                MSS_USB_HCIF_read_vbus_level
 .text.MSS_USB_HCIF_tx_ep_mp_configure
                0x0000000020001b08      0x104 ./mss_usb/mss_usb_host_cif.o
                0x0000000020001b08                MSS_USB_HCIF_tx_ep_mp_configure
 .text.MSS_USB_HCIF_rx_ep_mp_configure
                0x0000000020001c0c      0x100 ./mss_usb/mss_usb_host_cif.o
                0x0000000020001c0c                MSS_USB_HCIF_rx_ep_mp_configure
 .text.MSS_USB_HCIF_cep_write_pkt
                0x0000000020001d0c       0x6c ./mss_usb/mss_usb_host_cif.o
                0x0000000020001d0c                MSS_USB_HCIF_cep_write_pkt
 .text.MSS_USB_HCIF_tx_ep_write_pkt
                0x0000000020001d78       0x14 ./mss_usb/mss_usb_host_cif.o
                0x0000000020001d78                MSS_USB_HCIF_tx_ep_write_pkt
 .text.MSS_USB_HCIF_cep_read_pkt
                0x0000000020001d8c       0x74 ./mss_usb/mss_usb_host_cif.o
                0x0000000020001d8c                MSS_USB_HCIF_cep_read_pkt
 .text.MSS_USB_HCIF_rx_ep_read_pkt
                0x0000000020001e00       0xc4 ./mss_usb/mss_usb_host_cif.o
                0x0000000020001e00                MSS_USB_HCIF_rx_ep_read_pkt
 .text.MSS_USB_HCIF_handle_connect_irq
                0x0000000020001ec4       0x50 ./mss_usb/mss_usb_host_cif.o
                0x0000000020001ec4                MSS_USB_HCIF_handle_connect_irq
 .text.MSS_USBH_MSC_task
                0x0000000020001f14      0x724 ./mss_usb/mss_usb_host_msc.o
                0x0000000020001f14                MSS_USBH_MSC_task
 .text.abort_current_cmd.part.0
                0x0000000020002638       0x44 ./mss_sys_services/mss_comblk.o
 .text.ComBlk_IRQHandler
                0x000000002000267c      0x3b8 ./mss_sys_services/mss_comblk.o
                0x000000002000267c                ComBlk_IRQHandler
 .text.global_init
                0x0000000020002a34      0x220 ./drivers/mss_uart/mss_uart.o
 .text.MSS_UART_isr.part.0
                0x0000000020002c54      0x170 ./drivers/mss_uart/mss_uart.o
 .text.default_tx_handler
                0x0000000020002dc4       0xb8 ./drivers/mss_uart/mss_uart.o
 .text.MSS_UART_init
                0x0000000020002e7c       0x70 ./drivers/mss_uart/mss_uart.o
                0x0000000020002e7c                MSS_UART_init
 .text.MSS_UART_polled_tx
                0x0000000020002eec       0x70 ./drivers/mss_uart/mss_uart.o
                0x0000000020002eec                MSS_UART_polled_tx
 .text.MSS_UART_get_rx
                0x0000000020002f5c       0x74 ./drivers/mss_uart/mss_uart.o
                0x0000000020002f5c                MSS_UART_get_rx
 .text.UART0_IRQHandler
                0x0000000020002fd0       0x1c ./drivers/mss_uart/mss_uart.o
                0x0000000020002fd0                UART0_IRQHandler
 .text.UART1_IRQHandler
                0x0000000020002fec       0x1c ./drivers/mss_uart/mss_uart.o
                0x0000000020002fec                UART1_IRQHandler
 .text.start_transfer
                0x0000000020003008       0x9c ./drivers/mss_hpdma/mss_hpdma.o
 .text.HPDMA_Complete_IRQHandler
                0x00000000200030a4       0xac ./drivers/mss_hpdma/mss_hpdma.o
                0x00000000200030a4                HPDMA_Complete_IRQHandler
 .text.HPDMA_Error_IRQHandler
                0x0000000020003150       0xb4 ./drivers/mss_hpdma/mss_hpdma.o
                0x0000000020003150                HPDMA_Error_IRQHandler
 .text.MSS_GPIO_init
                0x0000000020003204       0x64 ./drivers/mss_gpio/mss_gpio.o
                0x0000000020003204                MSS_GPIO_init
 .text.MSS_GPIO_config
                0x0000000020003268       0x18 ./drivers/mss_gpio/mss_gpio.o
                0x0000000020003268                MSS_GPIO_config
 .text.MSS_GPIO_set_output
                0x0000000020003280       0x2c ./drivers/mss_gpio/mss_gpio.o
                0x0000000020003280                MSS_GPIO_set_output
 .text.SystemInit
                0x00000000200032ac       0x40 ./CMSIS/system_m2sxxx.o
                0x00000000200032ac                SystemInit
 .text.SystemCoreClockUpdate
                0x00000000200032ec       0xb4 ./CMSIS/system_m2sxxx.o
                0x00000000200032ec                SystemCoreClockUpdate
 .text.startup.main
                0x00000000200033a0       0x5c ./main.o
                0x00000000200033a0                main
 .text.SysTick_Handler
                0x00000000200033fc       0x14 ./main.o
                0x00000000200033fc                SysTick_Handler
 .text.__libc_init_array
                0x0000000020003410       0x48 d:/microchip/softconsole-v2021.1/arm-none-eabi-gcc/bin/../lib/gcc/arm-none-eabi/9.2.1/../../../../arm-none-eabi/lib/thumb/v7-m/nofp\libg_nano.a(lib_a-init.o)
                0x0000000020003410                __libc_init_array
 .text.memset   0x0000000020003458       0x10 d:/microchip/softconsole-v2021.1/arm-none-eabi-gcc/bin/../lib/gcc/arm-none-eabi/9.2.1/../../../../arm-none-eabi/lib/thumb/v7-m/nofp\libg_nano.a(lib_a-memset.o)
                0x0000000020003458                memset
 *(.plt)
 *(.gnu.warning)
 *(.glue_7t)
 .glue_7t       0x0000000020003468        0x0 linker stubs
 *(.glue_7)
 .glue_7        0x0000000020003468        0x0 linker stubs
 *(.vfp11_veneer)
 .vfp11_veneer  0x0000000020003468        0x0 linker stubs
                0x0000000020003468                . = ALIGN (0x4)
 *crtbegin.o(.ctors)
 *(EXCLUDE_FILE(*crtend.o) .ctors)
 *(SORT_BY_NAME(.ctors.*))
 *crtend.o(.ctors)
 *crtbegin.o(.dtors)
 *(EXCLUDE_FILE(*crtend.o) .dtors)
 *(SORT_BY_NAME(.dtors.*))
 *crtend.o(.dtors)
 *(.rodata .rodata.* .gnu.linkonce.r.*)
 .rodata.CSWTCH.36
                0x0000000020003468       0x11 ./mss_usb/mss_usb_host_cif.o
 *fill*         0x0000000020003479        0x3 
 .rodata        0x000000002000347c       0x27 ./mss_usb/mss_usb_host_msc.o
 *fill*         0x00000000200034a3        0x1 
 .rodata.g_config_reg_lut
                0x00000000200034a4       0x80 ./drivers/mss_gpio/mss_gpio.o
 .rodata.g_gpio_irqn_lut
                0x0000000020003524       0x20 ./drivers/mss_gpio/mss_gpio.o
 .rodata        0x0000000020003544        0x8 ./CMSIS/system_m2sxxx.o
 *(.ARM.extab* .gnu.linkonce.armextab.*)
 *(.gcc_except_table)
 *(.eh_frame_hdr)
 *(.eh_frame)
 .eh_frame      0x000000002000354c        0x0 d:/microchip/softconsole-v2021.1/arm-none-eabi-gcc/bin/../lib/gcc/arm-none-eabi/9.2.1/thumb/v7-m/nofp/crtbegin.o
 *(.vector_table)
 *(.init)
 .init          0x000000002000354c        0x4 d:/microchip/softconsole-v2021.1/arm-none-eabi-gcc/bin/../lib/gcc/arm-none-eabi/9.2.1/thumb/v7-m/nofp/crti.o
                0x000000002000354c                _init
 .init          0x0000000020003550        0x8 d:/microchip/softconsole-v2021.1/arm-none-eabi-gcc/bin/../lib/gcc/arm-none-eabi/9.2.1/thumb/v7-m/nofp/crtn.o
 *(.fini)
 .fini          0x0000000020003558        0x4 d:/microchip/softconsole-v2021.1/arm-none-eabi-gcc/bin/../lib/gcc/arm-none-eabi/9.2.1/thumb/v7-m/nofp/crti.o
                0x0000000020003558                _fini
 .fini          0x000000002000355c        0x8 d:/microchip/softconsole-v2021.1/arm-none-eabi-gcc/bin/../lib/gcc/arm-none-eabi/9.2.1/thumb/v7-m/nofp/crtn.o
                0x0000000020003564                PROVIDE (__preinit_array_start = .)
 *(.preinit_array)
                0x0000000020003564                PROVIDE (__preinit_array_end = .)
                0x0000000020003564                PROVIDE (__init_array_start = .)
 *(SORT_BY_NAME(.init_array.*))
 *(.init_array)
 .init_array    0x0000000020003564        0x4 d:/microchip/softconsole-v2021.1/arm-none-eabi-gcc/bin/../lib/gcc/arm-none-eabi/9.2.1/thumb/v7-m/nofp/crtbegin.o
                0x0000000020003568                PROVIDE (__init_array_end = .)
                [!provide]                        PROVIDE (__fini_array_start = .)
 *(.fini_array)
 .fini_array    0x0000000020003568        0x4 d:/microchip/softconsole-v2021.1/arm-none-eabi-gcc/bin/../lib/gcc/arm-none-eabi/9.2.1/thumb/v7-m/nofp/crtbegin.o
 *(SORT_BY_NAME(.fini_array.*))
                [!provide]                        PROVIDE (__fini_array_end = .)
                0x0000000020003570                . = ALIGN (0x10)
 *fill*         0x000000002000356c        0x4 
                0x0000000020003570                __exidx_start = .

.v4_bx          0x0000000020003570        0x0
 .v4_bx         0x0000000020003570        0x0 linker stubs

.iplt           0x0000000020003570        0x0
 .iplt          0x0000000020003570        0x0 d:/microchip/softconsole-v2021.1/arm-none-eabi-gcc/bin/../lib/gcc/arm-none-eabi/9.2.1/thumb/v7-m/nofp/crtbegin.o

.rel.dyn        0x0000000020003570        0x0
 .rel.iplt      0x0000000020003570        0x0 d:/microchip/softconsole-v2021.1/arm-none-eabi-gcc/bin/../lib/gcc/arm-none-eabi/9.2.1/thumb/v7-m/nofp/crtbegin.o

.ARM.exidx
 *(.ARM.exidx* .gnu.linkonce.armexidx.*)
                0x0000000020003570                __exidx_end = .
                0x0000000020003570                _etext = .
                [!provide]                        PROVIDE (__text_end = .)

.data           0x0000000020003570       0x50
                0x0000000020003570                __data_load = LOADADDR (.data)
                0x0000000020003570                _sidata = LOADADDR (.data)
                0x0000000020003570                __data_start = .
                0x0000000020003570                _sdata = .
 *(.jcr)
 *(.got.plt)
 *(.got)
 *(.shdata)
 *(.data .data.* .gnu.linkonce.d.*)
 .data.g_cep_xfr_result
                0x0000000020003570        0x1 ./mss_usb/mss_usb_host.o
 *fill*         0x0000000020003571        0x3 
 .data.g_mss_usb_host_cb
                0x0000000020003574       0x24 ./mss_usb/mss_usb_host.o
                0x0000000020003574                g_mss_usb_host_cb
 .data.SystemCoreClock
                0x0000000020003598        0x4 ./CMSIS/system_m2sxxx.o
                0x0000000020003598                SystemCoreClock
 .data.g_FrequencyFIC0
                0x000000002000359c        0x4 ./CMSIS/system_m2sxxx.o
                0x000000002000359c                g_FrequencyFIC0
 .data.g_FrequencyFIC1
                0x00000000200035a0        0x4 ./CMSIS/system_m2sxxx.o
                0x00000000200035a0                g_FrequencyFIC1
 .data.g_FrequencyFIC64
                0x00000000200035a4        0x4 ./CMSIS/system_m2sxxx.o
                0x00000000200035a4                g_FrequencyFIC64
 .data.g_FrequencyPCLK0
                0x00000000200035a8        0x4 ./CMSIS/system_m2sxxx.o
                0x00000000200035a8                g_FrequencyPCLK0
 .data.g_FrequencyPCLK1
                0x00000000200035ac        0x4 ./CMSIS/system_m2sxxx.o
                0x00000000200035ac                g_FrequencyPCLK1
 .data.g_FrequencyPCLK2
                0x00000000200035b0        0x4 ./CMSIS/system_m2sxxx.o
                0x00000000200035b0                g_FrequencyPCLK2
                0x00000000200035c0                . = ALIGN (0x10)
 *fill*         0x00000000200035b4        0xc 
                0x00000000200035c0                _edata = .

.igot.plt       0x00000000200035c0        0x0
 .igot.plt      0x00000000200035c0        0x0 d:/microchip/softconsole-v2021.1/arm-none-eabi-gcc/bin/../lib/gcc/arm-none-eabi/9.2.1/thumb/v7-m/nofp/crtbegin.o

.bss            0x00000000200035c0      0x4c0
                0x00000000200035c0                __bss_start__ = .
                0x00000000200035c0                _sbss = .
 *(.shbss)
 *(.bss .bss.* .gnu.linkonce.b.*)
 .bss.completed.8911
                0x00000000200035c0        0x1 d:/microchip/softconsole-v2021.1/arm-none-eabi-gcc/bin/../lib/gcc/arm-none-eabi/9.2.1/thumb/v7-m/nofp/crtbegin.o
 *fill*         0x00000000200035c1        0x3 
 .bss.object.8916
                0x00000000200035c4       0x18 d:/microchip/softconsole-v2021.1/arm-none-eabi-gcc/bin/../lib/gcc/arm-none-eabi/9.2.1/thumb/v7-m/nofp/crtbegin.o
 .bss.g_enum_state
                0x00000000200035dc        0x1 ./mss_usb/mss_usb_host.o
 .bss.g_host_state
                0x00000000200035dd        0x1 ./mss_usb/mss_usb_host.o
 .bss.g_internal_cep_xfr
                0x00000000200035de        0x1 ./mss_usb/mss_usb_host.o
 *fill*         0x00000000200035df        0x1 
 .bss.g_rcd     0x00000000200035e0        0x8 ./mss_usb/mss_usb_host.o
 .bss.g_tdev    0x00000000200035e8        0xc ./mss_usb/mss_usb_host.o
 .bss.g_tdev_desc
                0x00000000200035f4       0x2a ./mss_usb/mss_usb_host.o
 .bss.g_tdev_error_code
                0x000000002000361e        0x1 ./mss_usb/mss_usb_host.o
                0x000000002000361e                g_tdev_error_code
 *fill*         0x000000002000361f        0x1 
 .bss.g_user_cb
                0x0000000020003620        0x4 ./mss_usb/mss_usb_host.o
 .bss.gh_cep_cb_event
                0x0000000020003624        0x1 ./mss_usb/mss_usb_host.o
                0x0000000020003624                gh_cep_cb_event
 .bss.gh_tdev_connect_event
                0x0000000020003625        0x1 ./mss_usb/mss_usb_host.o
                0x0000000020003625                gh_tdev_connect_event
 .bss.gh_tdev_discon_event
                0x0000000020003626        0x1 ./mss_usb/mss_usb_host.o
                0x0000000020003626                gh_tdev_discon_event
 *fill*         0x0000000020003627        0x1 
 .bss.ms        0x0000000020003628        0x4 ./mss_usb/mss_usb_host.o
                0x0000000020003628                ms
 .bss.reset_milis.8197
                0x000000002000362c        0x4 ./mss_usb/mss_usb_host.o
 .bss.reset_milis.8212
                0x0000000020003630        0x4 ./mss_usb/mss_usb_host.o
 .bss.tdev_idx  0x0000000020003634        0x1 ./mss_usb/mss_usb_host.o
                0x0000000020003634                tdev_idx
 *fill*         0x0000000020003635        0x3 
 .bss.x.8163    0x0000000020003638        0x4 ./mss_usb/mss_usb_host.o
 .bss.error.7914
                0x000000002000363c        0x1 ./mss_usb/mss_usb_host_msc.o
 *fill*         0x000000002000363d        0x3 
 .bss.g_bot_cbw
                0x0000000020003640       0x20 ./mss_usb/mss_usb_host_msc.o
 .bss.g_bot_csw
                0x0000000020003660        0xd ./mss_usb/mss_usb_host_msc.o
 *fill*         0x000000002000366d        0x3 
 .bss.g_bot_inquiry
                0x0000000020003670       0x24 ./mss_usb/mss_usb_host_msc.o
 .bss.g_bot_readcap
                0x0000000020003694        0x8 ./mss_usb/mss_usb_host_msc.o
 .bss.g_msc_bot_state
                0x000000002000369c        0x1 ./mss_usb/mss_usb_host_msc.o
 .bss.g_msc_state
                0x000000002000369d        0x1 ./mss_usb/mss_usb_host_msc.o
 .bss.g_msch_error_code
                0x000000002000369e        0x1 ./mss_usb/mss_usb_host_msc.o
 *fill*         0x000000002000369f        0x1 
 .bss.g_msch_user_cb
                0x00000000200036a0        0x4 ./mss_usb/mss_usb_host_msc.o
 .bss.g_msd_conf_desc
                0x00000000200036a4       0x20 ./mss_usb/mss_usb_host_msc.o
 .bss.g_msd_tdev_addr
                0x00000000200036c4        0x1 ./mss_usb/mss_usb_host_msc.o
 *fill*         0x00000000200036c5        0x3 
 .bss.g_scsi_command
                0x00000000200036c8       0x14 ./mss_usb/mss_usb_host_msc.o
 .bss.g_tdev_in_ep
                0x00000000200036dc        0x4 ./mss_usb/mss_usb_host_msc.o
 .bss.g_tdev_max_lun_idx
                0x00000000200036e0        0x4 ./mss_usb/mss_usb_host_msc.o
 .bss.g_tdev_out_ep
                0x00000000200036e4        0x4 ./mss_usb/mss_usb_host_msc.o
 .bss.g_usbh_msc_alloc_event
                0x00000000200036e8        0x1 ./mss_usb/mss_usb_host_msc.o
 .bss.g_usbh_msc_cep_event
                0x00000000200036e9        0x1 ./mss_usb/mss_usb_host_msc.o
 .bss.g_usbh_msc_datain_event
                0x00000000200036ea        0x1 ./mss_usb/mss_usb_host_msc.o
 .bss.g_usbh_msc_dataout_event
                0x00000000200036eb        0x1 ./mss_usb/mss_usb_host_msc.o
 .bss.reqsense_buf.7904
                0x00000000200036ec       0x12 ./mss_usb/mss_usb_host_msc.o
 *fill*         0x00000000200036fe        0x2 
 .bss.wait_mili.7878
                0x0000000020003700        0x4 ./mss_usb/mss_usb_host_msc.o
 .bss.g_async_event_handler
                0x0000000020003704        0x4 ./mss_sys_services/mss_comblk.o
 .bss.g_comblk_cmd_opcode
                0x0000000020003708        0x1 ./mss_sys_services/mss_comblk.o
 *fill*         0x0000000020003709        0x1 
 .bss.g_comblk_cmd_size
                0x000000002000370a        0x2 ./mss_sys_services/mss_comblk.o
 .bss.g_comblk_completion_handler
                0x000000002000370c        0x4 ./mss_sys_services/mss_comblk.o
 .bss.g_comblk_data_size
                0x0000000020003710        0x4 ./mss_sys_services/mss_comblk.o
 .bss.g_comblk_p_cmd
                0x0000000020003714        0x4 ./mss_sys_services/mss_comblk.o
 .bss.g_comblk_p_data
                0x0000000020003718        0x4 ./mss_sys_services/mss_comblk.o
 .bss.g_comblk_p_response
                0x000000002000371c        0x4 ./mss_sys_services/mss_comblk.o
 .bss.g_comblk_page_handler
                0x0000000020003720        0x4 ./mss_sys_services/mss_comblk.o
 .bss.g_comblk_response_idx
                0x0000000020003724        0x2 ./mss_sys_services/mss_comblk.o
 .bss.g_comblk_response_size
                0x0000000020003726        0x2 ./mss_sys_services/mss_comblk.o
 .bss.g_comblk_state
                0x0000000020003728        0x1 ./mss_sys_services/mss_comblk.o
 .bss.g_request_in_progress
                0x0000000020003729        0x1 ./mss_sys_services/mss_comblk.o
 *fill*         0x000000002000372a        0x2 
 .bss.g_hpdma_current_desc
                0x000000002000372c        0x4 ./drivers/mss_hpdma/mss_hpdma.o
 .bss.g_hpdma_end_desc
                0x0000000020003730        0x4 ./drivers/mss_hpdma/mss_hpdma.o
 .bss.g_transfer
                0x0000000020003734       0x18 ./drivers/mss_hpdma/mss_hpdma.o
 *(COMMON)
 COMMON         0x000000002000374c      0x2a8 ./mss_usb/mss_usb_host.o
                0x000000002000374c                gh_tx_ep
                0x00000000200038a0                gh_rx_ep
 COMMON         0x00000000200039f4       0x80 ./drivers/mss_uart/mss_uart.o
                0x00000000200039f4                g_mss_uart1
                0x0000000020003a34                g_mss_uart0
                0x0000000020003a80                . = ALIGN (0x10)
 *fill*         0x0000000020003a74        0xc 
                0x0000000020003a80                __bss_end__ = .
                0x0000000020003a80                _end = .
                0x0000000020003a80                __end = _end
                0x0000000020003a80                _ebss = .
                [!provide]                        PROVIDE (end = .)

.heap           0x0000000020003a80     0xb580
                0x0000000020003a80                __heap_start__ = .
                0x0000000020004a80                . = (. + MIN_SIZE_HEAP)
 *fill*         0x0000000020003a80     0x1000 
                0x000000002000f000                . = (. + (((ABSOLUTE (RAM_START_ADDRESS) + RAM_SIZE) - MAIN_STACK_SIZE) - .))
 *fill*         0x0000000020004a80     0xa580 
                0x000000002000f000                _eheap = .

.stack          0x000000002000f000     0x1000
                0x000000002000f000                __stack_start__ = .
                0x0000000020010000                . = (. + MAIN_STACK_SIZE)
 *fill*         0x000000002000f000     0x1000 
                0x0000000020010000                _estack = .

.stab
 *(.stab)

.stabstr
 *(.stabstr)

.debug
 *(.debug)

.line
 *(.line)

.debug_srcinfo
 *(.debug_srcinfo)

.debug_sfnames
 *(.debug_sfnames)

.debug_aranges  0x0000000000000000      0x608
 *(.debug_aranges)
 .debug_aranges
                0x0000000000000000       0x50 ./mss_usb/mss_usb_common_cif.o
 .debug_aranges
                0x0000000000000050       0xf0 ./mss_usb/mss_usb_host.o
 .debug_aranges
                0x0000000000000140       0x90 ./mss_usb/mss_usb_host_cif.o
 .debug_aranges
                0x00000000000001d0       0xa0 ./mss_usb/mss_usb_host_msc.o
 .debug_aranges
                0x0000000000000270       0x48 ./mss_sys_services/mss_comblk.o
 .debug_aranges
                0x00000000000002b8      0x198 ./drivers/mss_uart/mss_uart.o
 .debug_aranges
                0x0000000000000450       0x68 ./drivers/mss_hpdma/mss_hpdma.o
 .debug_aranges
                0x00000000000004b8       0x58 ./drivers/mss_gpio/mss_gpio.o
 .debug_aranges
                0x0000000000000510       0x20 ./CMSIS/startup_gcc/startup_m2sxxx.o
 .debug_aranges
                0x0000000000000530       0x28 ./CMSIS/system_m2sxxx.o
 .debug_aranges
                0x0000000000000558       0xb0 ./main.o

.debug_pubnames
 *(.debug_pubnames)

.debug_info     0x0000000000000000    0x135f4
 *(.debug_info .gnu.linkonce.wi.*)
 .debug_info    0x0000000000000000     0x262a ./mss_usb/mss_usb_common_cif.o
 .debug_info    0x000000000000262a     0x36fb ./mss_usb/mss_usb_host.o
 .debug_info    0x0000000000005d25     0x23c0 ./mss_usb/mss_usb_host_cif.o
 .debug_info    0x00000000000080e5     0x1c9c ./mss_usb/mss_usb_host_msc.o
 .debug_info    0x0000000000009d81     0x122c ./mss_sys_services/mss_comblk.o
 .debug_info    0x000000000000afad     0x3237 ./drivers/mss_uart/mss_uart.o
 .debug_info    0x000000000000e1e4     0x1371 ./drivers/mss_hpdma/mss_hpdma.o
 .debug_info    0x000000000000f555     0x11c7 ./drivers/mss_gpio/mss_gpio.o
 .debug_info    0x000000000001071c       0x26 ./CMSIS/startup_gcc/startup_m2sxxx.o
 .debug_info    0x0000000000010742      0xc64 ./CMSIS/system_m2sxxx.o
 .debug_info    0x00000000000113a6     0x224e ./main.o

.debug_abbrev   0x0000000000000000     0x2968
 *(.debug_abbrev)
 .debug_abbrev  0x0000000000000000      0x460 ./mss_usb/mss_usb_common_cif.o
 .debug_abbrev  0x0000000000000460      0x64c ./mss_usb/mss_usb_host.o
 .debug_abbrev  0x0000000000000aac      0x4c5 ./mss_usb/mss_usb_host_cif.o
 .debug_abbrev  0x0000000000000f71      0x4cd ./mss_usb/mss_usb_host_msc.o
 .debug_abbrev  0x000000000000143e      0x385 ./mss_sys_services/mss_comblk.o
 .debug_abbrev  0x00000000000017c3      0x475 ./drivers/mss_uart/mss_uart.o
 .debug_abbrev  0x0000000000001c38      0x317 ./drivers/mss_hpdma/mss_hpdma.o
 .debug_abbrev  0x0000000000001f4f      0x266 ./drivers/mss_gpio/mss_gpio.o
 .debug_abbrev  0x00000000000021b5       0x14 ./CMSIS/startup_gcc/startup_m2sxxx.o
 .debug_abbrev  0x00000000000021c9      0x22f ./CMSIS/system_m2sxxx.o
 .debug_abbrev  0x00000000000023f8      0x570 ./main.o

.debug_line     0x0000000000000000     0xc125
 *(.debug_line)
 .debug_line    0x0000000000000000     0x1506 ./mss_usb/mss_usb_common_cif.o
 .debug_line    0x0000000000001506     0x2240 ./mss_usb/mss_usb_host.o
 .debug_line    0x0000000000003746     0x1305 ./mss_usb/mss_usb_host_cif.o
 .debug_line    0x0000000000004a4b     0x1393 ./mss_usb/mss_usb_host_msc.o
 .debug_line    0x0000000000005dde     0x12de ./mss_sys_services/mss_comblk.o
 .debug_line    0x00000000000070bc     0x2d15 ./drivers/mss_uart/mss_uart.o
 .debug_line    0x0000000000009dd1      0x93a ./drivers/mss_hpdma/mss_hpdma.o
 .debug_line    0x000000000000a70b      0x794 ./drivers/mss_gpio/mss_gpio.o
 .debug_line    0x000000000000ae9f      0x18e ./CMSIS/startup_gcc/startup_m2sxxx.o
 .debug_line    0x000000000000b02d      0x441 ./CMSIS/system_m2sxxx.o
 .debug_line    0x000000000000b46e      0xcb7 ./main.o

.debug_frame    0x0000000000000000     0x11c8
 *(.debug_frame)
 .debug_frame   0x0000000000000000      0x140 ./mss_usb/mss_usb_common_cif.o
 .debug_frame   0x0000000000000140      0x2fc ./mss_usb/mss_usb_host.o
 .debug_frame   0x000000000000043c      0x180 ./mss_usb/mss_usb_host_cif.o
 .debug_frame   0x00000000000005bc      0x1d0 ./mss_usb/mss_usb_host_msc.o
 .debug_frame   0x000000000000078c      0x10c ./mss_sys_services/mss_comblk.o
 .debug_frame   0x0000000000000898      0x4c8 ./drivers/mss_uart/mss_uart.o
 .debug_frame   0x0000000000000d60      0x12c ./drivers/mss_hpdma/mss_hpdma.o
 .debug_frame   0x0000000000000e8c       0xd4 ./drivers/mss_gpio/mss_gpio.o
 .debug_frame   0x0000000000000f60       0x48 ./CMSIS/system_m2sxxx.o
 .debug_frame   0x0000000000000fa8      0x1d4 ./main.o
 .debug_frame   0x000000000000117c       0x2c d:/microchip/softconsole-v2021.1/arm-none-eabi-gcc/bin/../lib/gcc/arm-none-eabi/9.2.1/../../../../arm-none-eabi/lib/thumb/v7-m/nofp\libg_nano.a(lib_a-init.o)
 .debug_frame   0x00000000000011a8       0x20 d:/microchip/softconsole-v2021.1/arm-none-eabi-gcc/bin/../lib/gcc/arm-none-eabi/9.2.1/../../../../arm-none-eabi/lib/thumb/v7-m/nofp\libg_nano.a(lib_a-memset.o)

.debug_str      0x0000000000000000    0x18e54
 *(.debug_str)
 .debug_str     0x0000000000000000     0xc2c9 ./mss_usb/mss_usb_common_cif.o
                                       0xc53f (size before relaxing)
 .debug_str     0x000000000000c2c9     0x63f9 ./mss_usb/mss_usb_host.o
                                      0x1202d (size before relaxing)
 .debug_str     0x00000000000126c2      0xa7b ./mss_usb/mss_usb_host_cif.o
                                       0xd766 (size before relaxing)
 .debug_str     0x000000000001313d      0xb52 ./mss_usb/mss_usb_host_msc.o
                                      0x10fbb (size before relaxing)
 .debug_str     0x0000000000013c8f      0x627 ./mss_sys_services/mss_comblk.o
                                       0xa36a (size before relaxing)
 .debug_str     0x00000000000142b6     0x1dce ./drivers/mss_uart/mss_uart.o
                                       0xbe6a (size before relaxing)
 .debug_str     0x0000000000016084      0x76d ./drivers/mss_hpdma/mss_hpdma.o
                                       0xab46 (size before relaxing)
 .debug_str     0x00000000000167f1      0x35a ./drivers/mss_gpio/mss_gpio.o
                                       0xadb1 (size before relaxing)
 .debug_str     0x0000000000016b4b       0x34 ./CMSIS/startup_gcc/startup_m2sxxx.o
                                         0xb8 (size before relaxing)
 .debug_str     0x0000000000016b7f      0x792 ./CMSIS/system_m2sxxx.o
                                       0xa22d (size before relaxing)
 .debug_str     0x0000000000017311     0x1b43 ./main.o
                                      0x13284 (size before relaxing)

.debug_loc      0x0000000000000000     0x6e76
 *(.debug_loc)
 .debug_loc     0x0000000000000000      0xdd3 ./mss_usb/mss_usb_common_cif.o
 .debug_loc     0x0000000000000dd3     0x157e ./mss_usb/mss_usb_host.o
 .debug_loc     0x0000000000002351      0xae1 ./mss_usb/mss_usb_host_cif.o
 .debug_loc     0x0000000000002e32      0x7e6 ./mss_usb/mss_usb_host_msc.o
 .debug_loc     0x0000000000003618      0xd2e ./mss_sys_services/mss_comblk.o
 .debug_loc     0x0000000000004346     0x1fc4 ./drivers/mss_uart/mss_uart.o
 .debug_loc     0x000000000000630a      0x3f8 ./drivers/mss_hpdma/mss_hpdma.o
 .debug_loc     0x0000000000006702      0x2f7 ./drivers/mss_gpio/mss_gpio.o
 .debug_loc     0x00000000000069f9      0x11d ./CMSIS/system_m2sxxx.o
 .debug_loc     0x0000000000006b16      0x360 ./main.o

.debug_macinfo
 *(.debug_macinfo)

.debug_weaknames
 *(.debug_weaknames)

.debug_funcnames
 *(.debug_funcnames)

.debug_typenames
 *(.debug_typenames)

.debug_varnames
 *(.debug_varnames)

.note.gnu.arm.ident
 *(.note.gnu.arm.ident)

.ARM.attributes
                0x0000000000000000       0x29
 *(.ARM.attributes)
 .ARM.attributes
                0x0000000000000000       0x1d d:/microchip/softconsole-v2021.1/arm-none-eabi-gcc/bin/../lib/gcc/arm-none-eabi/9.2.1/thumb/v7-m/nofp/crti.o
 .ARM.attributes
                0x000000000000001d       0x2d d:/microchip/softconsole-v2021.1/arm-none-eabi-gcc/bin/../lib/gcc/arm-none-eabi/9.2.1/thumb/v7-m/nofp/crtbegin.o
 .ARM.attributes
                0x000000000000004a       0x1b d:/microchip/softconsole-v2021.1/arm-none-eabi-gcc/bin/../lib/gcc/arm-none-eabi/9.2.1/../../../../arm-none-eabi/lib/thumb/v7-m/nofp/crt0.o
 .ARM.attributes
                0x0000000000000065       0x2d ./mss_usb/mss_usb_common_cif.o
 .ARM.attributes
                0x0000000000000092       0x33 ./mss_usb/mss_usb_device.o
 .ARM.attributes
                0x00000000000000c5       0x33 ./mss_usb/mss_usb_device_cdc.o
 .ARM.attributes
                0x00000000000000f8       0x33 ./mss_usb/mss_usb_device_cif.o
 .ARM.attributes
                0x000000000000012b       0x33 ./mss_usb/mss_usb_device_hid.o
 .ARM.attributes
                0x000000000000015e       0x33 ./mss_usb/mss_usb_device_msd.o
 .ARM.attributes
                0x0000000000000191       0x2d ./mss_usb/mss_usb_host.o
 .ARM.attributes
                0x00000000000001be       0x2d ./mss_usb/mss_usb_host_cif.o
 .ARM.attributes
                0x00000000000001eb       0x2d ./mss_usb/mss_usb_host_msc.o
 .ARM.attributes
                0x0000000000000218       0x2d ./mss_sys_services/mss_comblk.o
 .ARM.attributes
                0x0000000000000245       0x2d ./mss_sys_services/mss_sys_services.o
 .ARM.attributes
                0x0000000000000272       0x1b ./hal/CortexM3/GNU/hal.o
 .ARM.attributes
                0x000000000000028d       0x1b ./hal/CortexM3/GNU/hw_reg_access.o
 .ARM.attributes
                0x00000000000002a8       0x2d ./hal/CortexM3/cortex_nvic.o
 .ARM.attributes
                0x00000000000002d5       0x33 ./drivers_config/sys_config/sys_config.o
 .ARM.attributes
                0x0000000000000308       0x2d ./drivers/mss_uart/mss_uart.o
 .ARM.attributes
                0x0000000000000335       0x2d ./drivers/mss_nvm/mss_nvm.o
 .ARM.attributes
                0x0000000000000362       0x2d ./drivers/mss_hpdma/mss_hpdma.o
 .ARM.attributes
                0x000000000000038f       0x2d ./drivers/mss_gpio/mss_gpio.o
 .ARM.attributes
                0x00000000000003bc       0x33 ./FatFs/src/option/syscall.o
 .ARM.attributes
                0x00000000000003ef       0x2d ./FatFs/src/diskio.o
 .ARM.attributes
                0x000000000000041c       0x2d ./FatFs/src/ff.o
 .ARM.attributes
                0x0000000000000449       0x2d ./CMSIS/startup_gcc/newlib_stubs.o
 .ARM.attributes
                0x0000000000000476       0x21 ./CMSIS/startup_gcc/startup_m2sxxx.o
 .ARM.attributes
                0x0000000000000497       0x2d ./CMSIS/system_m2sxxx.o
 .ARM.attributes
                0x00000000000004c4       0x2d ./main.o
 .ARM.attributes
                0x00000000000004f1       0x2d d:/microchip/softconsole-v2021.1/arm-none-eabi-gcc/bin/../lib/gcc/arm-none-eabi/9.2.1/../../../../arm-none-eabi/lib/thumb/v7-m/nofp\libg_nano.a(lib_a-errno.o)
 .ARM.attributes
                0x000000000000051e       0x2d d:/microchip/softconsole-v2021.1/arm-none-eabi-gcc/bin/../lib/gcc/arm-none-eabi/9.2.1/../../../../arm-none-eabi/lib/thumb/v7-m/nofp\libg_nano.a(lib_a-exit.o)
 .ARM.attributes
                0x000000000000054b       0x2d d:/microchip/softconsole-v2021.1/arm-none-eabi-gcc/bin/../lib/gcc/arm-none-eabi/9.2.1/../../../../arm-none-eabi/lib/thumb/v7-m/nofp\libg_nano.a(lib_a-impure.o)
 .ARM.attributes
                0x0000000000000578       0x2d d:/microchip/softconsole-v2021.1/arm-none-eabi-gcc/bin/../lib/gcc/arm-none-eabi/9.2.1/../../../../arm-none-eabi/lib/thumb/v7-m/nofp\libg_nano.a(lib_a-init.o)
 .ARM.attributes
                0x00000000000005a5       0x2d d:/microchip/softconsole-v2021.1/arm-none-eabi-gcc/bin/../lib/gcc/arm-none-eabi/9.2.1/../../../../arm-none-eabi/lib/thumb/v7-m/nofp\libg_nano.a(lib_a-memcpy-stub.o)
 .ARM.attributes
                0x00000000000005d2       0x2d d:/microchip/softconsole-v2021.1/arm-none-eabi-gcc/bin/../lib/gcc/arm-none-eabi/9.2.1/../../../../arm-none-eabi/lib/thumb/v7-m/nofp\libg_nano.a(lib_a-memset.o)
 .ARM.attributes
                0x00000000000005ff       0x2d d:/microchip/softconsole-v2021.1/arm-none-eabi-gcc/bin/../lib/gcc/arm-none-eabi/9.2.1/../../../../arm-none-eabi/lib/thumb/v7-m/nofp\libg_nano.a(lib_a-strncpy.o)
 .ARM.attributes
                0x000000000000062c       0x2d d:/microchip/softconsole-v2021.1/arm-none-eabi-gcc/bin/../lib/gcc/arm-none-eabi/9.2.1/thumb/v7-m/nofp/crtend.o
 .ARM.attributes
                0x0000000000000659       0x1d d:/microchip/softconsole-v2021.1/arm-none-eabi-gcc/bin/../lib/gcc/arm-none-eabi/9.2.1/thumb/v7-m/nofp/crtn.o

/DISCARD/
 *(.note.GNU-stack)
 *(.isr_vector)
OUTPUT(demo_MSS_CM3_app.elf elf32-littlearm)

.debug_ranges   0x0000000000000000     0x2328
 .debug_ranges  0x0000000000000000      0x470 ./mss_usb/mss_usb_common_cif.o
 .debug_ranges  0x0000000000000470      0x690 ./mss_usb/mss_usb_host.o
 .debug_ranges  0x0000000000000b00      0x278 ./mss_usb/mss_usb_host_cif.o
 .debug_ranges  0x0000000000000d78      0x250 ./mss_usb/mss_usb_host_msc.o
 .debug_ranges  0x0000000000000fc8      0x478 ./mss_sys_services/mss_comblk.o
 .debug_ranges  0x0000000000001440      0xbf8 ./drivers/mss_uart/mss_uart.o
 .debug_ranges  0x0000000000002038       0xc8 ./drivers/mss_hpdma/mss_hpdma.o
 .debug_ranges  0x0000000000002100       0x90 ./drivers/mss_gpio/mss_gpio.o
 .debug_ranges  0x0000000000002190       0x78 ./CMSIS/system_m2sxxx.o
 .debug_ranges  0x0000000000002208      0x120 ./main.o

.debug_macro    0x0000000000000000     0x4807
 .debug_macro   0x0000000000000000      0x12c ./mss_usb/mss_usb_common_cif.o
 .debug_macro   0x000000000000012c      0xa84 ./mss_usb/mss_usb_common_cif.o
 .debug_macro   0x0000000000000bb0       0x26 ./mss_usb/mss_usb_common_cif.o
 .debug_macro   0x0000000000000bd6       0x22 ./mss_usb/mss_usb_common_cif.o
 .debug_macro   0x0000000000000bf8       0x8e ./mss_usb/mss_usb_common_cif.o
 .debug_macro   0x0000000000000c86       0x51 ./mss_usb/mss_usb_common_cif.o
 .debug_macro   0x0000000000000cd7       0xef ./mss_usb/mss_usb_common_cif.o
 .debug_macro   0x0000000000000dc6       0x6a ./mss_usb/mss_usb_common_cif.o
 .debug_macro   0x0000000000000e30      0x1df ./mss_usb/mss_usb_common_cif.o
 .debug_macro   0x000000000000100f       0x34 ./mss_usb/mss_usb_common_cif.o
 .debug_macro   0x0000000000001043       0x34 ./mss_usb/mss_usb_common_cif.o
 .debug_macro   0x0000000000001077      0xca6 ./mss_usb/mss_usb_common_cif.o
 .debug_macro   0x0000000000001d1d      0x265 ./mss_usb/mss_usb_common_cif.o
 .debug_macro   0x0000000000001f82       0x1c ./mss_usb/mss_usb_common_cif.o
 .debug_macro   0x0000000000001f9e      0x3f8 ./mss_usb/mss_usb_common_cif.o
 .debug_macro   0x0000000000002396       0xd0 ./mss_usb/mss_usb_common_cif.o
 .debug_macro   0x0000000000002466       0x64 ./mss_usb/mss_usb_common_cif.o
 .debug_macro   0x00000000000024ca       0x18 ./mss_usb/mss_usb_common_cif.o
 .debug_macro   0x00000000000024e2       0x35 ./mss_usb/mss_usb_common_cif.o
 .debug_macro   0x0000000000002517       0x34 ./mss_usb/mss_usb_common_cif.o
 .debug_macro   0x000000000000254b       0x1c ./mss_usb/mss_usb_common_cif.o
 .debug_macro   0x0000000000002567       0x2e ./mss_usb/mss_usb_common_cif.o
 .debug_macro   0x0000000000002595      0x2b3 ./mss_usb/mss_usb_host.o
 .debug_macro   0x0000000000002848       0x6d ./mss_usb/mss_usb_host.o
 .debug_macro   0x00000000000028b5      0x11c ./mss_usb/mss_usb_host.o
 .debug_macro   0x00000000000029d1      0x174 ./mss_usb/mss_usb_host.o
 .debug_macro   0x0000000000002b45       0x58 ./mss_usb/mss_usb_host.o
 .debug_macro   0x0000000000002b9d       0x1f ./mss_usb/mss_usb_host.o
 .debug_macro   0x0000000000002bbc       0x43 ./mss_usb/mss_usb_host.o
 .debug_macro   0x0000000000002bff       0x20 ./mss_usb/mss_usb_host.o
 .debug_macro   0x0000000000002c1f      0x18e ./mss_usb/mss_usb_host.o
 .debug_macro   0x0000000000002dad      0x339 ./mss_usb/mss_usb_host.o
 .debug_macro   0x00000000000030e6       0x10 ./mss_usb/mss_usb_host.o
 .debug_macro   0x00000000000030f6       0x35 ./mss_usb/mss_usb_host.o
 .debug_macro   0x000000000000312b       0x1c ./mss_usb/mss_usb_host.o
 .debug_macro   0x0000000000003147       0x10 ./mss_usb/mss_usb_host.o
 .debug_macro   0x0000000000003157       0x10 ./mss_usb/mss_usb_host.o
 .debug_macro   0x0000000000003167       0x1c ./mss_usb/mss_usb_host.o
 .debug_macro   0x0000000000003183       0x52 ./mss_usb/mss_usb_host.o
 .debug_macro   0x00000000000031d5       0x40 ./mss_usb/mss_usb_host.o
 .debug_macro   0x0000000000003215       0x10 ./mss_usb/mss_usb_host.o
 .debug_macro   0x0000000000003225       0x40 ./mss_usb/mss_usb_host.o
 .debug_macro   0x0000000000003265       0xd7 ./mss_usb/mss_usb_host.o
 .debug_macro   0x000000000000333c       0x1c ./mss_usb/mss_usb_host.o
 .debug_macro   0x0000000000003358       0x3d ./mss_usb/mss_usb_host.o
 .debug_macro   0x0000000000003395       0x16 ./mss_usb/mss_usb_host.o
 .debug_macro   0x00000000000033ab      0x16f ./mss_usb/mss_usb_host.o
 .debug_macro   0x000000000000351a      0x13b ./mss_usb/mss_usb_host_cif.o
 .debug_macro   0x0000000000003655       0x28 ./mss_usb/mss_usb_host_cif.o
 .debug_macro   0x000000000000367d      0x2d1 ./mss_usb/mss_usb_host_msc.o
 .debug_macro   0x000000000000394e      0x16d ./mss_sys_services/mss_comblk.o
 .debug_macro   0x0000000000003abb       0x2e ./mss_sys_services/mss_comblk.o
 .debug_macro   0x0000000000003ae9      0x185 ./drivers/mss_uart/mss_uart.o
 .debug_macro   0x0000000000003c6e      0x177 ./drivers/mss_uart/mss_uart.o
 .debug_macro   0x0000000000003de5       0xe2 ./drivers/mss_uart/mss_uart.o
 .debug_macro   0x0000000000003ec7       0x22 ./drivers/mss_uart/mss_uart.o
 .debug_macro   0x0000000000003ee9      0x151 ./drivers/mss_hpdma/mss_hpdma.o
 .debug_macro   0x000000000000403a       0x5e ./drivers/mss_hpdma/mss_hpdma.o
 .debug_macro   0x0000000000004098       0x94 ./drivers/mss_hpdma/mss_hpdma.o
 .debug_macro   0x000000000000412c       0x57 ./drivers/mss_hpdma/mss_hpdma.o
 .debug_macro   0x0000000000004183       0x10 ./drivers/mss_hpdma/mss_hpdma.o
 .debug_macro   0x0000000000004193      0x10f ./drivers/mss_gpio/mss_gpio.o
 .debug_macro   0x00000000000042a2      0x173 ./CMSIS/system_m2sxxx.o
 .debug_macro   0x0000000000004415      0x30b ./main.o
 .debug_macro   0x0000000000004720       0xe7 ./main.o

.comment        0x0000000000000000       0x66
 .comment       0x0000000000000000       0x66 ./mss_usb/mss_usb_common_cif.o
                                         0x67 (size before relaxing)
 .comment       0x0000000000000066       0x67 ./mss_usb/mss_usb_host.o
 .comment       0x0000000000000066       0x67 ./mss_usb/mss_usb_host_cif.o
 .comment       0x0000000000000066       0x67 ./mss_usb/mss_usb_host_msc.o
 .comment       0x0000000000000066       0x67 ./mss_sys_services/mss_comblk.o
 .comment       0x0000000000000066       0x67 ./drivers/mss_uart/mss_uart.o
 .comment       0x0000000000000066       0x67 ./drivers/mss_hpdma/mss_hpdma.o
 .comment       0x0000000000000066       0x67 ./drivers/mss_gpio/mss_gpio.o
 .comment       0x0000000000000066       0x67 ./CMSIS/system_m2sxxx.o
 .comment       0x0000000000000066       0x67 ./main.o
