Archive member included to satisfy reference by file (symbol)

c:/microchip/softconsole-v2021.1/arm-none-eabi-gcc/bin/../lib/gcc/arm-none-eabi/9.2.1/../../../../arm-none-eabi/lib/thumb/v7-m/nofp\libg_nano.a(lib_a-atoi.o)
                              ./main.o (atoi)
c:/microchip/softconsole-v2021.1/arm-none-eabi-gcc/bin/../lib/gcc/arm-none-eabi/9.2.1/../../../../arm-none-eabi/lib/thumb/v7-m/nofp\libg_nano.a(lib_a-errno.o)
                              ./CMSIS/startup_gcc/newlib_stubs.o (__errno)
c:/microchip/softconsole-v2021.1/arm-none-eabi-gcc/bin/../lib/gcc/arm-none-eabi/9.2.1/../../../../arm-none-eabi/lib/thumb/v7-m/nofp\libg_nano.a(lib_a-exit.o)
                              c:/microchip/softconsole-v2021.1/arm-none-eabi-gcc/bin/../lib/gcc/arm-none-eabi/9.2.1/../../../../arm-none-eabi/lib/thumb/v7-m/nofp/crt0.o (exit)
c:/microchip/softconsole-v2021.1/arm-none-eabi-gcc/bin/../lib/gcc/arm-none-eabi/9.2.1/../../../../arm-none-eabi/lib/thumb/v7-m/nofp\libg_nano.a(lib_a-impure.o)
                              c:/microchip/softconsole-v2021.1/arm-none-eabi-gcc/bin/../lib/gcc/arm-none-eabi/9.2.1/../../../../arm-none-eabi/lib/thumb/v7-m/nofp\libg_nano.a(lib_a-exit.o) (_global_impure_ptr)
c:/microchip/softconsole-v2021.1/arm-none-eabi-gcc/bin/../lib/gcc/arm-none-eabi/9.2.1/../../../../arm-none-eabi/lib/thumb/v7-m/nofp\libg_nano.a(lib_a-init.o)
                              c:/microchip/softconsole-v2021.1/arm-none-eabi-gcc/bin/../lib/gcc/arm-none-eabi/9.2.1/../../../../arm-none-eabi/lib/thumb/v7-m/nofp/crt0.o (__libc_init_array)
c:/microchip/softconsole-v2021.1/arm-none-eabi-gcc/bin/../lib/gcc/arm-none-eabi/9.2.1/../../../../arm-none-eabi/lib/thumb/v7-m/nofp\libg_nano.a(lib_a-memcpy-stub.o)
                              ./mss_sys_services/mss_sys_services.o (memcpy)
c:/microchip/softconsole-v2021.1/arm-none-eabi-gcc/bin/../lib/gcc/arm-none-eabi/9.2.1/../../../../arm-none-eabi/lib/thumb/v7-m/nofp\libg_nano.a(lib_a-memset.o)
                              c:/microchip/softconsole-v2021.1/arm-none-eabi-gcc/bin/../lib/gcc/arm-none-eabi/9.2.1/../../../../arm-none-eabi/lib/thumb/v7-m/nofp/crt0.o (memset)
c:/microchip/softconsole-v2021.1/arm-none-eabi-gcc/bin/../lib/gcc/arm-none-eabi/9.2.1/../../../../arm-none-eabi/lib/thumb/v7-m/nofp\libg_nano.a(lib_a-strtol.o)
                              c:/microchip/softconsole-v2021.1/arm-none-eabi-gcc/bin/../lib/gcc/arm-none-eabi/9.2.1/../../../../arm-none-eabi/lib/thumb/v7-m/nofp\libg_nano.a(lib_a-atoi.o) (_strtol_r)
c:/microchip/softconsole-v2021.1/arm-none-eabi-gcc/bin/../lib/gcc/arm-none-eabi/9.2.1/../../../../arm-none-eabi/lib/thumb/v7-m/nofp\libg_nano.a(lib_a-ctype_.o)
                              c:/microchip/softconsole-v2021.1/arm-none-eabi-gcc/bin/../lib/gcc/arm-none-eabi/9.2.1/../../../../arm-none-eabi/lib/thumb/v7-m/nofp\libg_nano.a(lib_a-strtol.o) (_ctype_)

Allocating common symbols
Common symbol       size              file

g_mss_uart1         0x40              ./drivers/mss_uart/mss_uart.o
g_mss_uart0         0x40              ./drivers/mss_uart/mss_uart.o
g_page_buffer       0x1000            ./main.o
dummy_g_page_buffer
                    0x14              ./main.o

Discarded input sections

 .text          0x0000000000000000        0x0 c:/microchip/softconsole-v2021.1/arm-none-eabi-gcc/bin/../lib/gcc/arm-none-eabi/9.2.1/thumb/v7-m/nofp/crti.o
 .data          0x0000000000000000        0x0 c:/microchip/softconsole-v2021.1/arm-none-eabi-gcc/bin/../lib/gcc/arm-none-eabi/9.2.1/thumb/v7-m/nofp/crti.o
 .bss           0x0000000000000000        0x0 c:/microchip/softconsole-v2021.1/arm-none-eabi-gcc/bin/../lib/gcc/arm-none-eabi/9.2.1/thumb/v7-m/nofp/crti.o
 .text          0x0000000000000000        0x0 c:/microchip/softconsole-v2021.1/arm-none-eabi-gcc/bin/../lib/gcc/arm-none-eabi/9.2.1/thumb/v7-m/nofp/crtbegin.o
 .data          0x0000000000000000        0x0 c:/microchip/softconsole-v2021.1/arm-none-eabi-gcc/bin/../lib/gcc/arm-none-eabi/9.2.1/thumb/v7-m/nofp/crtbegin.o
 .bss           0x0000000000000000        0x0 c:/microchip/softconsole-v2021.1/arm-none-eabi-gcc/bin/../lib/gcc/arm-none-eabi/9.2.1/thumb/v7-m/nofp/crtbegin.o
 .data.__dso_handle
                0x0000000000000000        0x4 c:/microchip/softconsole-v2021.1/arm-none-eabi-gcc/bin/../lib/gcc/arm-none-eabi/9.2.1/thumb/v7-m/nofp/crtbegin.o
 .text          0x0000000000000000       0x74 c:/microchip/softconsole-v2021.1/arm-none-eabi-gcc/bin/../lib/gcc/arm-none-eabi/9.2.1/../../../../arm-none-eabi/lib/thumb/v7-m/nofp/crt0.o
 .data          0x0000000000000000        0x0 c:/microchip/softconsole-v2021.1/arm-none-eabi-gcc/bin/../lib/gcc/arm-none-eabi/9.2.1/../../../../arm-none-eabi/lib/thumb/v7-m/nofp/crt0.o
 .bss           0x0000000000000000        0x0 c:/microchip/softconsole-v2021.1/arm-none-eabi-gcc/bin/../lib/gcc/arm-none-eabi/9.2.1/../../../../arm-none-eabi/lib/thumb/v7-m/nofp/crt0.o
[...]
Memory Configuration

Name             Origin             Length             Attributes
ram              0x0000000020000000 0x0000000000010000 xrw
*default*        0x0000000000000000 0xffffffffffffffff

Linker script and memory map

LOAD c:/microchip/softconsole-v2021.1/arm-none-eabi-gcc/bin/../lib/gcc/arm-none-eabi/9.2.1/thumb/v7-m/nofp/crti.o
LOAD c:/microchip/softconsole-v2021.1/arm-none-eabi-gcc/bin/../lib/gcc/arm-none-eabi/9.2.1/thumb/v7-m/nofp/crtbegin.o
LOAD c:/microchip/softconsole-v2021.1/arm-none-eabi-gcc/bin/../lib/gcc/arm-none-eabi/9.2.1/../../../../arm-none-eabi/lib/thumb/v7-m/nofp/crt0.o
LOAD ./mss_sys_services/mss_comblk.o
LOAD ./mss_sys_services/mss_sys_services.o
LOAD ./hal/CortexM3/GNU/hal.o
LOAD ./hal/CortexM3/GNU/hw_reg_access.o
LOAD ./hal/CortexM3/cortex_nvic.o
LOAD ./drivers_config/sys_config/sys_config.o
LOAD ./drivers/mss_uart/mss_uart.o
LOAD ./drivers/mss_nvm/mss_nvm.o
LOAD ./drivers/mss_hpdma/mss_hpdma.o
LOAD ./CMSIS/startup_gcc/newlib_stubs.o
LOAD ./CMSIS/startup_gcc/startup_m2sxxx.o
LOAD ./CMSIS/system_m2sxxx.o
LOAD ./main.o
START GROUP
LOAD c:/microchip/softconsole-v2021.1/arm-none-eabi-gcc/bin/../lib/gcc/arm-none-eabi/9.2.1/thumb/v7-m/nofp\libgcc.a
LOAD c:/microchip/softconsole-v2021.1/arm-none-eabi-gcc/bin/../lib/gcc/arm-none-eabi/9.2.1/../../../../arm-none-eabi/lib/thumb/v7-m/nofp\libg_nano.a
LOAD c:/microchip/softconsole-v2021.1/arm-none-eabi-gcc/bin/../lib/gcc/arm-none-eabi/9.2.1/../../../../arm-none-eabi/lib/thumb/v7-m/nofp\libc_nano.a
END GROUP
START GROUP
LOAD c:/microchip/softconsole-v2021.1/arm-none-eabi-gcc/bin/../lib/gcc/arm-none-eabi/9.2.1/thumb/v7-m/nofp\libgcc.a
LOAD c:/microchip/softconsole-v2021.1/arm-none-eabi-gcc/bin/../lib/gcc/arm-none-eabi/9.2.1/../../../../arm-none-eabi/lib/thumb/v7-m/nofp\libc_nano.a
END GROUP
LOAD c:/microchip/softconsole-v2021.1/arm-none-eabi-gcc/bin/../lib/gcc/arm-none-eabi/9.2.1/thumb/v7-m/nofp/crtend.o
LOAD c:/microchip/softconsole-v2021.1/arm-none-eabi-gcc/bin/../lib/gcc/arm-none-eabi/9.2.1/thumb/v7-m/nofp/crtn.o
START GROUP
LOAD c:/microchip/softconsole-v2021.1/arm-none-eabi-gcc/bin/../lib/gcc/arm-none-eabi/9.2.1/../../../../arm-none-eabi/lib/thumb/v7-m/nofp\libc.a
LOAD c:/microchip/softconsole-v2021.1/arm-none-eabi-gcc/bin/../lib/gcc/arm-none-eabi/9.2.1/thumb/v7-m/nofp\libgcc.a
LOAD c:/microchip/softconsole-v2021.1/arm-none-eabi-gcc/bin/../lib/gcc/arm-none-eabi/9.2.1/../../../../arm-none-eabi/lib/thumb/v7-m/nofp\libm.a
END GROUP
                0x0000000000000000                __DYNAMIC = 0x0
                0x0000000020000000                RAM_START_ADDRESS = 0x20000000
                0x0000000000010000                RAM_SIZE = 0x10000
                0x0000000000001000                MAIN_STACK_SIZE = 0x1000
                0x0000000000001000                MIN_SIZE_HEAP = 0x1000
                0x0000000020010000                PROVIDE (__main_stack_start = (RAM_START_ADDRESS + RAM_SIZE))
                0x0000000020010000                PROVIDE (_estack = __main_stack_start)
                0x0000000000000000                PROVIDE (__mirrored_nvm = 0x0)
                0x0000000000000000                PROVIDE (__smartfusion2_memory_remap = 0x0)

.vector_table   0x0000000020000000      0x190
                0x0000000020000000                __vector_table_load = LOADADDR (.vector_table)
                0x0000000020000000                __vector_table_start = .
                0x0000000020000000                __vector_table_vma_base_address = .
 *(.isr_vector)
 .isr_vector    0x0000000020000000      0x190 ./CMSIS/startup_gcc/startup_m2sxxx.o
                0x0000000020000000                g_pfnVectors
                0x0000000020000190                . = ALIGN (0x10)
                0x0000000020000190                _evector_table = .

.boot_code      0x0000000020000190      0x320
 *(.boot_code)
 .boot_code     0x0000000020000190      0x31c ./CMSIS/startup_gcc/startup_m2sxxx.o
                0x0000000020000190                Reset_Handler
                0x000000002000037e                NMI_Handler
                0x0000000020000380                HardFault_Handler
                0x0000000020000382                MemManage_Handler
                0x0000000020000384                BusFault_Handler
                0x0000000020000386                UsageFault_Handler
                0x0000000020000388                SVC_Handler
                0x000000002000038a                DebugMon_Handler
                0x000000002000038c                PendSV_Handler
                0x000000002000038e                SysTick_Handler
                0x0000000020000390                WdogWakeup_IRQHandler
                0x0000000020000392                RTC_Wakeup_IRQHandler
                0x0000000020000394                SPI0_IRQHandler
                0x0000000020000396                SPI1_IRQHandler
                0x0000000020000398                I2C0_IRQHandler
                0x000000002000039a                I2C0_SMBAlert_IRQHandler
                0x000000002000039c                I2C0_SMBus_IRQHandler
                0x000000002000039e                I2C1_IRQHandler
                0x00000000200003a0                I2C1_SMBAlert_IRQHandler
                0x00000000200003a2                I2C1_SMBus_IRQHandler
                0x00000000200003a8                EthernetMAC_IRQHandler
                0x00000000200003aa                DMA_IRQHandler
                0x00000000200003ac                Timer1_IRQHandler
                0x00000000200003ae                Timer2_IRQHandler
                0x00000000200003b0                CAN_IRQHandler
                0x00000000200003b2                ENVM0_IRQHandler
                0x00000000200003b4                ENVM1_IRQHandler
                0x00000000200003b8                USB_IRQHandler
                0x00000000200003ba                USB_DMA_IRQHandler
                0x00000000200003bc                PLL_Lock_IRQHandler
                0x00000000200003be                PLL_LockLost_IRQHandler
                0x00000000200003c0                CommSwitchError_IRQHandler
                0x00000000200003c2                CacheError_IRQHandler
                0x00000000200003c4                DDR_IRQHandler
                0x00000000200003ca                ECC_Error_IRQHandler
                0x00000000200003cc                MDDR_IOCalib_IRQHandler
                0x00000000200003ce                FAB_PLL_Lock_IRQHandler
                0x00000000200003d0                FAB_PLL_LockLost_IRQHandler
                0x00000000200003d2                FIC64_IRQHandler
                0x00000000200003d4                FabricIrq0_IRQHandler
                0x00000000200003d6                FabricIrq1_IRQHandler
                0x00000000200003d8                FabricIrq2_IRQHandler
                0x00000000200003da                FabricIrq3_IRQHandler
                0x00000000200003dc                FabricIrq4_IRQHandler
                0x00000000200003de                FabricIrq5_IRQHandler
                0x00000000200003e0                FabricIrq6_IRQHandler
                0x00000000200003e2                FabricIrq7_IRQHandler
                0x00000000200003e4                FabricIrq8_IRQHandler
                0x00000000200003e6                FabricIrq9_IRQHandler
                0x00000000200003e8                FabricIrq10_IRQHandler
                0x00000000200003ea                FabricIrq11_IRQHandler
                0x00000000200003ec                FabricIrq12_IRQHandler
                0x00000000200003ee                FabricIrq13_IRQHandler
                0x00000000200003f0                FabricIrq14_IRQHandler
                0x00000000200003f2                FabricIrq15_IRQHandler
                0x00000000200003f4                GPIO0_IRQHandler
                0x00000000200003f6                GPIO1_IRQHandler
                0x00000000200003f8                GPIO2_IRQHandler
                0x00000000200003fa                GPIO3_IRQHandler
                0x00000000200003fc                GPIO4_IRQHandler
                0x00000000200003fe                GPIO5_IRQHandler
                0x0000000020000400                GPIO6_IRQHandler
                0x0000000020000402                GPIO7_IRQHandler
                0x0000000020000404                GPIO8_IRQHandler
                0x0000000020000406                GPIO9_IRQHandler
                0x0000000020000408                GPIO10_IRQHandler
                0x000000002000040a                GPIO11_IRQHandler
                0x000000002000040c                GPIO12_IRQHandler
                0x000000002000040e                GPIO13_IRQHandler
                0x0000000020000410                GPIO14_IRQHandler
                0x0000000020000412                GPIO15_IRQHandler
                0x0000000020000414                GPIO16_IRQHandler
                0x0000000020000416                GPIO17_IRQHandler
                0x0000000020000418                GPIO18_IRQHandler
                0x000000002000041a                GPIO19_IRQHandler
                0x000000002000041c                GPIO20_IRQHandler
                0x000000002000041e                GPIO21_IRQHandler
                0x0000000020000420                GPIO22_IRQHandler
                0x0000000020000422                GPIO23_IRQHandler
                0x0000000020000424                GPIO24_IRQHandler
                0x0000000020000426                GPIO25_IRQHandler
                0x0000000020000428                GPIO26_IRQHandler
                0x000000002000042a                GPIO27_IRQHandler
                0x000000002000042c                GPIO28_IRQHandler
                0x000000002000042e                GPIO29_IRQHandler
                0x0000000020000430                GPIO30_IRQHandler
                0x0000000020000432                GPIO31_IRQHandler
                0x0000000020000434                mscc_post_hw_cfg_init
                0x00000000200004b0                . = ALIGN (0x10)
 *fill*         0x00000000200004ac        0x4 

.text           0x00000000200004b0     0x2290
 CREATE_OBJECT_SYMBOLS
                0x00000000200004b0                __text_load = LOADADDR (.text)
                0x00000000200004b0                __text_start = .
 *(.text .text.* .gnu.linkonce.t.*)
 .text.__do_global_dtors_aux
                0x00000000200004b0       0x24 c:/microchip/softconsole-v2021.1/arm-none-eabi-gcc/bin/../lib/gcc/arm-none-eabi/9.2.1/thumb/v7-m/nofp/crtbegin.o
 .text.frame_dummy
                0x00000000200004d4       0x1c c:/microchip/softconsole-v2021.1/arm-none-eabi-gcc/bin/../lib/gcc/arm-none-eabi/9.2.1/thumb/v7-m/nofp/crtbegin.o
 .text.NVIC_EnableIRQ
                0x00000000200004f0       0x30 ./mss_sys_services/mss_comblk.o
 .text.NVIC_DisableIRQ
                0x0000000020000520       0x34 ./mss_sys_services/mss_comblk.o
 .text.NVIC_ClearPendingIRQ
                0x0000000020000554       0x34 ./mss_sys_services/mss_comblk.o
 .text.MSS_COMBLK_init
                0x0000000020000588       0xd8 ./mss_sys_services/mss_comblk.o
                0x0000000020000588                MSS_COMBLK_init
 .text.MSS_COMBLK_send_cmd
                0x0000000020000660      0x130 ./mss_sys_services/mss_comblk.o
                0x0000000020000660                MSS_COMBLK_send_cmd
 .text.MSS_COMBLK_send_paged_cmd
                0x0000000020000790      0x130 ./mss_sys_services/mss_comblk.o
                0x0000000020000790                MSS_COMBLK_send_paged_cmd
 .text.ComBlk_IRQHandler
                0x00000000200008c0       0x48 ./mss_sys_services/mss_comblk.o
                0x00000000200008c0                ComBlk_IRQHandler
 .text.handle_tx_okay_irq
                0x0000000020000908      0x1b0 ./mss_sys_services/mss_comblk.o
 .text.handle_rx_okay_irq
                0x0000000020000ab8      0x210 ./mss_sys_services/mss_comblk.o
 .text.complete_request
                0x0000000020000cc8       0x40 ./mss_sys_services/mss_comblk.o
 .text.abort_current_cmd
                0x0000000020000d08       0x4c ./mss_sys_services/mss_comblk.o
 .text.send_cmd_opcode
                0x0000000020000d54       0x3c ./mss_sys_services/mss_comblk.o
 .text.fill_tx_fifo
                0x0000000020000d90       0x60 ./mss_sys_services/mss_comblk.o
 .text.process_sys_ctrl_command
                0x0000000020000df0       0x28 ./mss_sys_services/mss_comblk.o
 .text.MSS_SYS_init
                0x0000000020000e18       0x50 ./mss_sys_services/mss_sys_services.o
                0x0000000020000e18                MSS_SYS_init
 .text.asynchronous_event_handler
                0x0000000020000e68      0x104 ./mss_sys_services/mss_sys_services.o
 .text.isp_page_read_handler
                0x0000000020000f6c       0xa0 ./mss_sys_services/mss_sys_services.o
 .text.isp_sys_completion_handler
                0x000000002000100c       0x4c ./mss_sys_services/mss_sys_services.o
 .text.MSS_SYS_start_isp
                0x0000000020001058       0xd8 ./mss_sys_services/mss_sys_services.o
                0x0000000020001058                MSS_SYS_start_isp
 .text.MSS_SYS_check_digest
                0x0000000020001130       0xb0 ./mss_sys_services/mss_sys_services.o
                0x0000000020001130                MSS_SYS_check_digest
 .text.request_completion_handler
                0x00000000200011e0       0x2c ./mss_sys_services/mss_sys_services.o
 .text.signal_request_start
                0x000000002000120c       0x2c ./mss_sys_services/mss_sys_services.o
 .text.wait_for_request_completion
                0x0000000020001238       0x28 ./mss_sys_services/mss_sys_services.o
 .text.NVIC_ClearPendingIRQ
                0x0000000020001260       0x34 ./drivers/mss_uart/mss_uart.o
 .text.set_bit_reg8
                0x0000000020001294       0x3a ./drivers/mss_uart/mss_uart.o
 .text.clear_bit_reg8
                0x00000000200012ce       0x3a ./drivers/mss_uart/mss_uart.o
 .text.read_bit_reg8
                0x0000000020001308       0x38 ./drivers/mss_uart/mss_uart.o
 .text.MSS_UART_init
                0x0000000020001340       0x70 ./drivers/mss_uart/mss_uart.o
                0x0000000020001340                MSS_UART_init
 .text.MSS_UART_polled_tx
                0x00000000200013b0       0xc4 ./drivers/mss_uart/mss_uart.o
                0x00000000200013b0                MSS_UART_polled_tx
 .text.UART0_IRQHandler
                0x0000000020001474       0x24 ./drivers/mss_uart/mss_uart.o
                0x0000000020001474                UART0_IRQHandler
 .text.UART1_IRQHandler
                0x0000000020001498       0x24 ./drivers/mss_uart/mss_uart.o
                0x0000000020001498                UART1_IRQHandler
 .text.config_baud_divisors
                0x00000000200014bc      0x14c ./drivers/mss_uart/mss_uart.o
 .text.global_init
                0x0000000020001608      0x1d8 ./drivers/mss_uart/mss_uart.o
 .text.MSS_UART_isr
                0x00000000200017e0      0x208 ./drivers/mss_uart/mss_uart.o
 .text.default_tx_handler
                0x00000000200019e8       0xe8 ./drivers/mss_uart/mss_uart.o
 .text.start_transfer
                0x0000000020001ad0      0x154 ./drivers/mss_hpdma/mss_hpdma.o
 .text.HPDMA_Complete_IRQHandler
                0x0000000020001c24       0xf8 ./drivers/mss_hpdma/mss_hpdma.o
                0x0000000020001c24                HPDMA_Complete_IRQHandler
 .text.HPDMA_Error_IRQHandler
                0x0000000020001d1c      0x104 ./drivers/mss_hpdma/mss_hpdma.o
                0x0000000020001d1c                HPDMA_Error_IRQHandler
 .text.SystemInit
                0x0000000020001e20       0x20 ./CMSIS/system_m2sxxx.o
                0x0000000020001e20                SystemInit
 .text.SystemCoreClockUpdate
                0x0000000020001e40       0xfc ./CMSIS/system_m2sxxx.o
                0x0000000020001e40                SystemCoreClockUpdate
 .text.get_rcosc_25_50mhz_frequency
                0x0000000020001f3c       0x3c ./CMSIS/system_m2sxxx.o
 .text.set_clock_frequency_globals
                0x0000000020001f78       0x5c ./CMSIS/system_m2sxxx.o
 .text.get_silicon_revision
                0x0000000020001fd4       0x48 ./CMSIS/system_m2sxxx.o
 .text.silicon_workarounds
                0x000000002000201c       0x22 ./CMSIS/system_m2sxxx.o
 *fill*         0x000000002000203e        0x2 
 .text.m2s050_rev_a_workarounds
                0x0000000020002040       0x30 ./CMSIS/system_m2sxxx.o
 .text.UART_Polled_Rx
                0x0000000020002070       0x4c ./main.o
                0x0000000020002070                UART_Polled_Rx
 .text.main     0x00000000200020bc      0x1cc ./main.o
                0x00000000200020bc                main
 .text.isp_completion_handler
                0x0000000020002288       0x48 ./main.o
                0x0000000020002288                isp_completion_handler
 .text.read_page_from_host_through_uart
                0x00000000200022d0      0x19c ./main.o
 .text.page_read_handler
                0x000000002000246c       0x28 ./main.o
                0x000000002000246c                page_read_handler
 .text.atoi     0x0000000020002494        0x8 c:/microchip/softconsole-v2021.1/arm-none-eabi-gcc/bin/../lib/gcc/arm-none-eabi/9.2.1/../../../../arm-none-eabi/lib/thumb/v7-m/nofp\libg_nano.a(lib_a-atoi.o)
                0x0000000020002494                atoi
 .text.__libc_init_array
                0x000000002000249c       0x48 c:/microchip/softconsole-v2021.1/arm-none-eabi-gcc/bin/../lib/gcc/arm-none-eabi/9.2.1/../../../../arm-none-eabi/lib/thumb/v7-m/nofp\libg_nano.a(lib_a-init.o)
                0x000000002000249c                __libc_init_array
 .text._strtol_l.isra.0
                0x00000000200024e4       0xf4 c:/microchip/softconsole-v2021.1/arm-none-eabi-gcc/bin/../lib/gcc/arm-none-eabi/9.2.1/../../../../arm-none-eabi/lib/thumb/v7-m/nofp\libg_nano.a(lib_a-strtol.o)
 .text.strtol   0x00000000200025d8       0x14 c:/microchip/softconsole-v2021.1/arm-none-eabi-gcc/bin/../lib/gcc/arm-none-eabi/9.2.1/../../../../arm-none-eabi/lib/thumb/v7-m/nofp\libg_nano.a(lib_a-strtol.o)
                0x00000000200025d8                strtol
 *(.plt)
 *(.gnu.warning)
 *(.glue_7t)
 .glue_7t       0x00000000200025ec        0x0 linker stubs
 *(.glue_7)
 .glue_7        0x00000000200025ec        0x0 linker stubs
 *(.vfp11_veneer)
 .vfp11_veneer  0x00000000200025ec        0x0 linker stubs
                0x00000000200025ec                . = ALIGN (0x4)
 *crtbegin.o(.ctors)
 *(EXCLUDE_FILE(*crtend.o) .ctors)
 *(SORT_BY_NAME(.ctors.*))
 *crtend.o(.ctors)
 *crtbegin.o(.dtors)
 *(EXCLUDE_FILE(*crtend.o) .dtors)
 *(SORT_BY_NAME(.dtors.*))
 *crtend.o(.dtors)
 *(.rodata .rodata.* .gnu.linkonce.r.*)
 .rodata        0x00000000200025ec        0x8 ./CMSIS/system_m2sxxx.o
 .rodata        0x00000000200025f4       0x2a ./main.o
 .rodata._ctype_
                0x000000002000261e      0x101 c:/microchip/softconsole-v2021.1/arm-none-eabi-gcc/bin/../lib/gcc/arm-none-eabi/9.2.1/../../../../arm-none-eabi/lib/thumb/v7-m/nofp\libg_nano.a(lib_a-ctype_.o)
                0x000000002000261e                _ctype_
 *(.ARM.extab* .gnu.linkonce.armextab.*)
 *(.gcc_except_table)
 *(.eh_frame_hdr)
 *(.eh_frame)
 *fill*         0x000000002000271f        0x1 
 .eh_frame      0x0000000020002720        0x0 c:/microchip/softconsole-v2021.1/arm-none-eabi-gcc/bin/../lib/gcc/arm-none-eabi/9.2.1/thumb/v7-m/nofp/crtbegin.o
 *(.vector_table)
 *(.init)
 .init          0x0000000020002720        0x4 c:/microchip/softconsole-v2021.1/arm-none-eabi-gcc/bin/../lib/gcc/arm-none-eabi/9.2.1/thumb/v7-m/nofp/crti.o
                0x0000000020002720                _init
 .init          0x0000000020002724        0x8 c:/microchip/softconsole-v2021.1/arm-none-eabi-gcc/bin/../lib/gcc/arm-none-eabi/9.2.1/thumb/v7-m/nofp/crtn.o
 *(.fini)
 .fini          0x000000002000272c        0x4 c:/microchip/softconsole-v2021.1/arm-none-eabi-gcc/bin/../lib/gcc/arm-none-eabi/9.2.1/thumb/v7-m/nofp/crti.o
                0x000000002000272c                _fini
 .fini          0x0000000020002730        0x8 c:/microchip/softconsole-v2021.1/arm-none-eabi-gcc/bin/../lib/gcc/arm-none-eabi/9.2.1/thumb/v7-m/nofp/crtn.o
                0x0000000020002738                PROVIDE (__preinit_array_start = .)
 *(.preinit_array)
                0x0000000020002738                PROVIDE (__preinit_array_end = .)
                0x0000000020002738                PROVIDE (__init_array_start = .)
 *(SORT_BY_NAME(.init_array.*))
 *(.init_array)
 .init_array    0x0000000020002738        0x4 c:/microchip/softconsole-v2021.1/arm-none-eabi-gcc/bin/../lib/gcc/arm-none-eabi/9.2.1/thumb/v7-m/nofp/crtbegin.o
                0x000000002000273c                PROVIDE (__init_array_end = .)
                [!provide]                        PROVIDE (__fini_array_start = .)
 *(.fini_array)
 .fini_array    0x000000002000273c        0x4 c:/microchip/softconsole-v2021.1/arm-none-eabi-gcc/bin/../lib/gcc/arm-none-eabi/9.2.1/thumb/v7-m/nofp/crtbegin.o
 *(SORT_BY_NAME(.fini_array.*))
                [!provide]                        PROVIDE (__fini_array_end = .)
                0x0000000020002740                . = ALIGN (0x10)
                0x0000000020002740                __exidx_start = .

.v4_bx          0x0000000020002740        0x0
 .v4_bx         0x0000000020002740        0x0 linker stubs

.iplt           0x0000000020002740        0x0
 .iplt          0x0000000020002740        0x0 c:/microchip/softconsole-v2021.1/arm-none-eabi-gcc/bin/../lib/gcc/arm-none-eabi/9.2.1/thumb/v7-m/nofp/crtbegin.o

.rel.dyn        0x0000000020002740        0x0
 .rel.iplt      0x0000000020002740        0x0 c:/microchip/softconsole-v2021.1/arm-none-eabi-gcc/bin/../lib/gcc/arm-none-eabi/9.2.1/thumb/v7-m/nofp/crtbegin.o

.ARM.exidx
 *(.ARM.exidx* .gnu.linkonce.armexidx.*)
                0x0000000020002740                __exidx_end = .
                0x0000000020002740                _etext = .
                [!provide]                        PROVIDE (__text_end = .)

.data           0x0000000020002740       0x90
                0x0000000020002740                __data_load = LOADADDR (.data)
                0x0000000020002740                _sidata = LOADADDR (.data)
                0x0000000020002740                __data_start = .
                0x0000000020002740                _sdata = .
 *(.jcr)
 *(.got.plt)
 *(.got)
 *(.shdata)
 *(.data .data.* .gnu.linkonce.d.*)
 .data.g_initial_envm_cr
                0x0000000020002740        0x4 ./mss_sys_services/mss_sys_services.o
 .data.wait_for_clock_switch
                0x0000000020002744        0x1 ./mss_sys_services/mss_sys_services.o
 *fill*         0x0000000020002745        0x3 
 .data.SystemCoreClock
                0x0000000020002748        0x4 ./CMSIS/system_m2sxxx.o
                0x0000000020002748                SystemCoreClock
 .data.g_FrequencyPCLK0
                0x000000002000274c        0x4 ./CMSIS/system_m2sxxx.o
                0x000000002000274c                g_FrequencyPCLK0
 .data.g_FrequencyPCLK1
                0x0000000020002750        0x4 ./CMSIS/system_m2sxxx.o
                0x0000000020002750                g_FrequencyPCLK1
 .data.g_FrequencyPCLK2
                0x0000000020002754        0x4 ./CMSIS/system_m2sxxx.o
                0x0000000020002754                g_FrequencyPCLK2
 .data.g_FrequencyFIC0
                0x0000000020002758        0x4 ./CMSIS/system_m2sxxx.o
                0x0000000020002758                g_FrequencyFIC0
 .data.g_FrequencyFIC1
                0x000000002000275c        0x4 ./CMSIS/system_m2sxxx.o
                0x000000002000275c                g_FrequencyFIC1
 .data.g_FrequencyFIC64
                0x0000000020002760        0x4 ./CMSIS/system_m2sxxx.o
                0x0000000020002760                g_FrequencyFIC64
 .data._impure_ptr
                0x0000000020002764        0x4 c:/microchip/softconsole-v2021.1/arm-none-eabi-gcc/bin/../lib/gcc/arm-none-eabi/9.2.1/../../../../arm-none-eabi/lib/thumb/v7-m/nofp\libg_nano.a(lib_a-impure.o)
                0x0000000020002764                _impure_ptr
 .data.impure_data
                0x0000000020002768       0x60 c:/microchip/softconsole-v2021.1/arm-none-eabi-gcc/bin/../lib/gcc/arm-none-eabi/9.2.1/../../../../arm-none-eabi/lib/thumb/v7-m/nofp\libg_nano.a(lib_a-impure.o)
                0x00000000200027d0                . = ALIGN (0x10)
 *fill*         0x00000000200027c8        0x8 
                0x00000000200027d0                _edata = .

.igot.plt       0x00000000200027d0        0x0
 .igot.plt      0x00000000200027d0        0x0 c:/microchip/softconsole-v2021.1/arm-none-eabi-gcc/bin/../lib/gcc/arm-none-eabi/9.2.1/thumb/v7-m/nofp/crtbegin.o

.bss            0x00000000200027d0     0x1130
                0x00000000200027d0                __bss_start__ = .
                0x00000000200027d0                _sbss = .
 *(.shbss)
 *(.bss .bss.* .gnu.linkonce.b.*)
 .bss.completed.8911
                0x00000000200027d0        0x1 c:/microchip/softconsole-v2021.1/arm-none-eabi-gcc/bin/../lib/gcc/arm-none-eabi/9.2.1/thumb/v7-m/nofp/crtbegin.o
 *fill*         0x00000000200027d1        0x3 
 .bss.object.8916
                0x00000000200027d4       0x18 c:/microchip/softconsole-v2021.1/arm-none-eabi-gcc/bin/../lib/gcc/arm-none-eabi/9.2.1/thumb/v7-m/nofp/crtbegin.o
 .bss.g_comblk_cmd_opcode
                0x00000000200027ec        0x1 ./mss_sys_services/mss_comblk.o
 *fill*         0x00000000200027ed        0x3 
 .bss.g_comblk_p_cmd
                0x00000000200027f0        0x4 ./mss_sys_services/mss_comblk.o
 .bss.g_comblk_cmd_size
                0x00000000200027f4        0x2 ./mss_sys_services/mss_comblk.o
 *fill*         0x00000000200027f6        0x2 
 .bss.g_comblk_p_data
                0x00000000200027f8        0x4 ./mss_sys_services/mss_comblk.o
 .bss.g_comblk_data_size
                0x00000000200027fc        0x4 ./mss_sys_services/mss_comblk.o
 .bss.g_comblk_p_response
                0x0000000020002800        0x4 ./mss_sys_services/mss_comblk.o
 .bss.g_comblk_response_size
                0x0000000020002804        0x2 ./mss_sys_services/mss_comblk.o
 .bss.g_comblk_response_idx
                0x0000000020002806        0x2 ./mss_sys_services/mss_comblk.o
 .bss.g_comblk_completion_handler
                0x0000000020002808        0x4 ./mss_sys_services/mss_comblk.o
 .bss.g_comblk_page_handler
                0x000000002000280c        0x4 ./mss_sys_services/mss_comblk.o
 .bss.g_request_in_progress
                0x0000000020002810        0x1 ./mss_sys_services/mss_comblk.o
 .bss.g_comblk_state
                0x0000000020002811        0x1 ./mss_sys_services/mss_comblk.o
 *fill*         0x0000000020002812        0x2 
 .bss.g_async_event_handler
                0x0000000020002814        0x4 ./mss_sys_services/mss_comblk.o
 .bss.g_request_in_progress
                0x0000000020002818        0x1 ./mss_sys_services/mss_sys_services.o
 *fill*         0x0000000020002819        0x1 
 .bss.g_last_response_length
                0x000000002000281a        0x2 ./mss_sys_services/mss_sys_services.o
 .bss.g_event_handler
                0x000000002000281c        0x4 ./mss_sys_services/mss_sys_services.o
 .bss.g_response
                0x0000000020002820        0x2 ./mss_sys_services/mss_sys_services.o
 *fill*         0x0000000020002822        0x2 
 .bss.g_initial_mssddr_facc1_cr
                0x0000000020002824        0x4 ./mss_sys_services/mss_sys_services.o
 .bss.g_isp_response
                0x0000000020002828        0x2 ./mss_sys_services/mss_sys_services.o
 *fill*         0x000000002000282a        0x2 
 .bss.g_isp_completion_handler
                0x000000002000282c        0x4 ./mss_sys_services/mss_sys_services.o
                0x000000002000282c                g_isp_completion_handler
 .bss.g_isp_page_read_handler
                0x0000000020002830        0x4 ./mss_sys_services/mss_sys_services.o
                0x0000000020002830                g_isp_page_read_handler
 .bss.g_initial_mssddr_facc2_cr
                0x0000000020002834        0x4 ./mss_sys_services/mss_sys_services.o
 .bss.g_mode    0x0000000020002838        0x1 ./mss_sys_services/mss_sys_services.o
 *fill*         0x0000000020002839        0x3 
 .bss.g_transfer
                0x000000002000283c       0x18 ./drivers/mss_hpdma/mss_hpdma.o
 .bss.g_hpdma_end_desc
                0x0000000020002854        0x4 ./drivers/mss_hpdma/mss_hpdma.o
 .bss.g_hpdma_current_desc
                0x0000000020002858        0x4 ./drivers/mss_hpdma/mss_hpdma.o
 .bss.g_src_image_target_address
                0x000000002000285c        0x4 ./main.o
 .bss.g_bkup    0x0000000020002860        0x4 ./main.o
                0x0000000020002860                g_bkup
 .bss.g_mode    0x0000000020002864        0x1 ./main.o
                0x0000000020002864                g_mode
 *fill*         0x0000000020002865        0x3 
 .bss.g_file_size
                0x0000000020002868        0x4 ./main.o
 *(COMMON)
 COMMON         0x000000002000286c       0x80 ./drivers/mss_uart/mss_uart.o
                0x000000002000286c                g_mss_uart1
                0x00000000200028ac                g_mss_uart0
 COMMON         0x00000000200028ec     0x1014 ./main.o
                0x00000000200028ec                g_page_buffer
                0x00000000200038ec                dummy_g_page_buffer
                0x0000000020003900                . = ALIGN (0x10)
                0x0000000020003900                __bss_end__ = .
                0x0000000020003900                _end = .
                0x0000000020003900                __end = _end
                0x0000000020003900                _ebss = .
                [!provide]                        PROVIDE (end = .)

.heap           0x0000000020003900     0xb700
                0x0000000020003900                __heap_start__ = .
                0x0000000020004900                . = (. + MIN_SIZE_HEAP)
 *fill*         0x0000000020003900     0x1000 
                0x000000002000f000                . = (. + (((ABSOLUTE (RAM_START_ADDRESS) + RAM_SIZE) - MAIN_STACK_SIZE) - .))
 *fill*         0x0000000020004900     0xa700 
                0x000000002000f000                _eheap = .

.stack          0x000000002000f000     0x1000
                0x000000002000f000                __stack_start__ = .
                0x0000000020010000                . = (. + MAIN_STACK_SIZE)
 *fill*         0x000000002000f000     0x1000 
                0x0000000020010000                _estack = .

.stab
 *(.stab)

.stabstr
 *(.stabstr)

.debug
 *(.debug)

.line
 *(.line)

.debug_srcinfo
 *(.debug_srcinfo)

.debug_sfnames
 *(.debug_sfnames)

.debug_aranges  0x0000000000000000      0x550
 *(.debug_aranges)
 .debug_aranges
                0x0000000000000000       0x90 ./mss_sys_services/mss_comblk.o
 .debug_aranges
                0x0000000000000090      0x1a8 ./mss_sys_services/mss_sys_services.o
 .debug_aranges
                0x0000000000000238      0x1d0 ./drivers/mss_uart/mss_uart.o
 .debug_aranges
                0x0000000000000408       0x80 ./drivers/mss_hpdma/mss_hpdma.o
 .debug_aranges
                0x0000000000000488       0x20 ./CMSIS/startup_gcc/startup_m2sxxx.o
 .debug_aranges
                0x00000000000004a8       0x50 ./CMSIS/system_m2sxxx.o
 .debug_aranges
                0x00000000000004f8       0x58 ./main.o

.debug_pubnames
 *(.debug_pubnames)

.debug_info     0x0000000000000000     0x8014
 *(.debug_info .gnu.linkonce.wi.*)
 .debug_info    0x0000000000000000      0xb46 ./mss_sys_services/mss_comblk.o
 .debug_info    0x0000000000000b46     0x25b7 ./mss_sys_services/mss_sys_services.o
 .debug_info    0x00000000000030fd     0x1ea8 ./drivers/mss_uart/mss_uart.o
 .debug_info    0x0000000000004fa5     0x1231 ./drivers/mss_hpdma/mss_hpdma.o
 .debug_info    0x00000000000061d6       0x26 ./CMSIS/startup_gcc/startup_m2sxxx.o
 .debug_info    0x00000000000061fc      0xb61 ./CMSIS/system_m2sxxx.o
 .debug_info    0x0000000000006d5d     0x12b7 ./main.o

.debug_abbrev   0x0000000000000000     0x108e
 *(.debug_abbrev)
 .debug_abbrev  0x0000000000000000      0x224 ./mss_sys_services/mss_comblk.o
 .debug_abbrev  0x0000000000000224      0x327 ./mss_sys_services/mss_sys_services.o
 .debug_abbrev  0x000000000000054b      0x356 ./drivers/mss_uart/mss_uart.o
 .debug_abbrev  0x00000000000008a1      0x2a3 ./drivers/mss_hpdma/mss_hpdma.o
 .debug_abbrev  0x0000000000000b44       0x14 ./CMSIS/startup_gcc/startup_m2sxxx.o
 .debug_abbrev  0x0000000000000b58      0x1b2 ./CMSIS/system_m2sxxx.o
 .debug_abbrev  0x0000000000000d0a      0x384 ./main.o

.debug_line     0x0000000000000000     0x4433
 *(.debug_line)
 .debug_line    0x0000000000000000      0x8ef ./mss_sys_services/mss_comblk.o
 .debug_line    0x00000000000008ef     0x1129 ./mss_sys_services/mss_sys_services.o
 .debug_line    0x0000000000001a18     0x159a ./drivers/mss_uart/mss_uart.o
 .debug_line    0x0000000000002fb2      0x653 ./drivers/mss_hpdma/mss_hpdma.o
 .debug_line    0x0000000000003605      0x18e ./CMSIS/startup_gcc/startup_m2sxxx.o
 .debug_line    0x0000000000003793      0x41f ./CMSIS/system_m2sxxx.o
 .debug_line    0x0000000000003bb2      0x881 ./main.o

.debug_frame    0x0000000000000000     0x16b0
 *(.debug_frame)
 .debug_frame   0x0000000000000000      0x240 ./mss_sys_services/mss_comblk.o
 .debug_frame   0x0000000000000240      0x740 ./mss_sys_services/mss_sys_services.o
 .debug_frame   0x0000000000000980      0x820 ./drivers/mss_uart/mss_uart.o
 .debug_frame   0x00000000000011a0      0x208 ./drivers/mss_hpdma/mss_hpdma.o
 .debug_frame   0x00000000000013a8      0x10c ./CMSIS/system_m2sxxx.o
 .debug_frame   0x00000000000014b4      0x13c ./main.o
 .debug_frame   0x00000000000015f0       0x30 c:/microchip/softconsole-v2021.1/arm-none-eabi-gcc/bin/../lib/gcc/arm-none-eabi/9.2.1/../../../../arm-none-eabi/lib/thumb/v7-m/nofp\libg_nano.a(lib_a-atoi.o)
 .debug_frame   0x0000000000001620       0x2c c:/microchip/softconsole-v2021.1/arm-none-eabi-gcc/bin/../lib/gcc/arm-none-eabi/9.2.1/../../../../arm-none-eabi/lib/thumb/v7-m/nofp\libg_nano.a(lib_a-init.o)
 .debug_frame   0x000000000000164c       0x64 c:/microchip/softconsole-v2021.1/arm-none-eabi-gcc/bin/../lib/gcc/arm-none-eabi/9.2.1/../../../../arm-none-eabi/lib/thumb/v7-m/nofp\libg_nano.a(lib_a-strtol.o)

.debug_str      0x0000000000000000    0x12f2d
 *(.debug_str)
 .debug_str     0x0000000000000000     0xa0f4 ./mss_sys_services/mss_comblk.o
                                       0xa36b (size before relaxing)
 .debug_str     0x000000000000a0f4     0x53e9 ./mss_sys_services/mss_sys_services.o
                                       0xeed0 (size before relaxing)
 .debug_str     0x000000000000f4dd     0x16ea ./drivers/mss_uart/mss_uart.o
                                       0xbe55 (size before relaxing)
 .debug_str     0x0000000000010bc7      0x762 ./drivers/mss_hpdma/mss_hpdma.o
                                       0xab47 (size before relaxing)
 .debug_str     0x0000000000011329       0x34 ./CMSIS/startup_gcc/startup_m2sxxx.o
                                         0xb8 (size before relaxing)
 .debug_str     0x000000000001135d      0x75c ./CMSIS/system_m2sxxx.o
                                       0xa218 (size before relaxing)
 .debug_str     0x0000000000011ab9     0x1474 ./main.o
                                       0xf40c (size before relaxing)

.debug_loc
 *(.debug_loc)

.debug_macinfo
 *(.debug_macinfo)

.debug_weaknames
 *(.debug_weaknames)

.debug_funcnames
 *(.debug_funcnames)

.debug_typenames
 *(.debug_typenames)

.debug_varnames
 *(.debug_varnames)

.note.gnu.arm.ident
 *(.note.gnu.arm.ident)

.ARM.attributes
                0x0000000000000000       0x29
 *(.ARM.attributes)
 .ARM.attributes
                0x0000000000000000       0x1d c:/microchip/softconsole-v2021.1/arm-none-eabi-gcc/bin/../lib/gcc/arm-none-eabi/9.2.1/thumb/v7-m/nofp/crti.o
 .ARM.attributes
                0x000000000000001d       0x2d c:/microchip/softconsole-v2021.1/arm-none-eabi-gcc/bin/../lib/gcc/arm-none-eabi/9.2.1/thumb/v7-m/nofp/crtbegin.o
 .ARM.attributes
                0x000000000000004a       0x1b c:/microchip/softconsole-v2021.1/arm-none-eabi-gcc/bin/../lib/gcc/arm-none-eabi/9.2.1/../../../../arm-none-eabi/lib/thumb/v7-m/nofp/crt0.o
 .ARM.attributes
                0x0000000000000065       0x2d ./mss_sys_services/mss_comblk.o
 .ARM.attributes
                0x0000000000000092       0x2d ./mss_sys_services/mss_sys_services.o
 .ARM.attributes
                0x00000000000000bf       0x1b ./hal/CortexM3/GNU/hal.o
 .ARM.attributes
                0x00000000000000da       0x1b ./hal/CortexM3/GNU/hw_reg_access.o
 .ARM.attributes
                0x00000000000000f5       0x2d ./hal/CortexM3/cortex_nvic.o
 .ARM.attributes
                0x0000000000000122       0x33 ./drivers_config/sys_config/sys_config.o
 .ARM.attributes
                0x0000000000000155       0x2d ./drivers/mss_uart/mss_uart.o
 .ARM.attributes
                0x0000000000000182       0x2d ./drivers/mss_nvm/mss_nvm.o
 .ARM.attributes
                0x00000000000001af       0x2d ./drivers/mss_hpdma/mss_hpdma.o
 .ARM.attributes
                0x00000000000001dc       0x2d ./CMSIS/startup_gcc/newlib_stubs.o
 .ARM.attributes
                0x0000000000000209       0x21 ./CMSIS/startup_gcc/startup_m2sxxx.o
 .ARM.attributes
                0x000000000000022a       0x2d ./CMSIS/system_m2sxxx.o
 .ARM.attributes
                0x0000000000000257       0x2d ./main.o
 .ARM.attributes
                0x0000000000000284       0x2d c:/microchip/softconsole-v2021.1/arm-none-eabi-gcc/bin/../lib/gcc/arm-none-eabi/9.2.1/../../../../arm-none-eabi/lib/thumb/v7-m/nofp\libg_nano.a(lib_a-atoi.o)
 .ARM.attributes
                0x00000000000002b1       0x2d c:/microchip/softconsole-v2021.1/arm-none-eabi-gcc/bin/../lib/gcc/arm-none-eabi/9.2.1/../../../../arm-none-eabi/lib/thumb/v7-m/nofp\libg_nano.a(lib_a-errno.o)
 .ARM.attributes
                0x00000000000002de       0x2d c:/microchip/softconsole-v2021.1/arm-none-eabi-gcc/bin/../lib/gcc/arm-none-eabi/9.2.1/../../../../arm-none-eabi/lib/thumb/v7-m/nofp\libg_nano.a(lib_a-exit.o)
 .ARM.attributes
                0x000000000000030b       0x2d c:/microchip/softconsole-v2021.1/arm-none-eabi-gcc/bin/../lib/gcc/arm-none-eabi/9.2.1/../../../../arm-none-eabi/lib/thumb/v7-m/nofp\libg_nano.a(lib_a-impure.o)
 .ARM.attributes
                0x0000000000000338       0x2d c:/microchip/softconsole-v2021.1/arm-none-eabi-gcc/bin/../lib/gcc/arm-none-eabi/9.2.1/../../../../arm-none-eabi/lib/thumb/v7-m/nofp\libg_nano.a(lib_a-init.o)
 .ARM.attributes
                0x0000000000000365       0x2d c:/microchip/softconsole-v2021.1/arm-none-eabi-gcc/bin/../lib/gcc/arm-none-eabi/9.2.1/../../../../arm-none-eabi/lib/thumb/v7-m/nofp\libg_nano.a(lib_a-memcpy-stub.o)
 .ARM.attributes
                0x0000000000000392       0x2d c:/microchip/softconsole-v2021.1/arm-none-eabi-gcc/bin/../lib/gcc/arm-none-eabi/9.2.1/../../../../arm-none-eabi/lib/thumb/v7-m/nofp\libg_nano.a(lib_a-memset.o)
 .ARM.attributes
                0x00000000000003bf       0x2d c:/microchip/softconsole-v2021.1/arm-none-eabi-gcc/bin/../lib/gcc/arm-none-eabi/9.2.1/../../../../arm-none-eabi/lib/thumb/v7-m/nofp\libg_nano.a(lib_a-strtol.o)
 .ARM.attributes
                0x00000000000003ec       0x2d c:/microchip/softconsole-v2021.1/arm-none-eabi-gcc/bin/../lib/gcc/arm-none-eabi/9.2.1/../../../../arm-none-eabi/lib/thumb/v7-m/nofp\libg_nano.a(lib_a-ctype_.o)
 .ARM.attributes
                0x0000000000000419       0x2d c:/microchip/softconsole-v2021.1/arm-none-eabi-gcc/bin/../lib/gcc/arm-none-eabi/9.2.1/thumb/v7-m/nofp/crtend.o
 .ARM.attributes
                0x0000000000000446       0x1d c:/microchip/softconsole-v2021.1/arm-none-eabi-gcc/bin/../lib/gcc/arm-none-eabi/9.2.1/thumb/v7-m/nofp/crtn.o

/DISCARD/
 *(.note.GNU-stack)
 *(.isr_vector)
OUTPUT(demo_MSS_CM3_app.elf elf32-littlearm)

.debug_ranges   0x0000000000000000      0x550
 .debug_ranges  0x0000000000000000       0xd0 ./mss_sys_services/mss_comblk.o
 .debug_ranges  0x00000000000000d0      0x198 ./mss_sys_services/mss_sys_services.o
 .debug_ranges  0x0000000000000268      0x1d8 ./drivers/mss_uart/mss_uart.o
 .debug_ranges  0x0000000000000440       0x70 ./drivers/mss_hpdma/mss_hpdma.o
 .debug_ranges  0x00000000000004b0       0x58 ./CMSIS/system_m2sxxx.o
 .debug_ranges  0x0000000000000508       0x48 ./main.o

.debug_macro    0x0000000000000000     0x3b7a
 .debug_macro   0x0000000000000000      0x16d ./mss_sys_services/mss_comblk.o
 .debug_macro   0x000000000000016d      0xa84 ./mss_sys_services/mss_comblk.o
 .debug_macro   0x0000000000000bf1       0x26 ./mss_sys_services/mss_comblk.o
 .debug_macro   0x0000000000000c17       0x22 ./mss_sys_services/mss_comblk.o
 .debug_macro   0x0000000000000c39       0x8e ./mss_sys_services/mss_comblk.o
 .debug_macro   0x0000000000000cc7       0x51 ./mss_sys_services/mss_comblk.o
 .debug_macro   0x0000000000000d18       0xef ./mss_sys_services/mss_comblk.o
 .debug_macro   0x0000000000000e07       0x6a ./mss_sys_services/mss_comblk.o
 .debug_macro   0x0000000000000e71      0x1df ./mss_sys_services/mss_comblk.o
 .debug_macro   0x0000000000001050       0x34 ./mss_sys_services/mss_comblk.o
 .debug_macro   0x0000000000001084       0x34 ./mss_sys_services/mss_comblk.o
 .debug_macro   0x00000000000010b8      0xca6 ./mss_sys_services/mss_comblk.o
 .debug_macro   0x0000000000001d5e      0x265 ./mss_sys_services/mss_comblk.o
 .debug_macro   0x0000000000001fc3       0x2e ./mss_sys_services/mss_comblk.o
 .debug_macro   0x0000000000001ff1       0x64 ./mss_sys_services/mss_comblk.o
 .debug_macro   0x0000000000002055       0x18 ./mss_sys_services/mss_comblk.o
 .debug_macro   0x000000000000206d       0x35 ./mss_sys_services/mss_comblk.o
 .debug_macro   0x00000000000020a2       0x34 ./mss_sys_services/mss_comblk.o
 .debug_macro   0x00000000000020d6       0x1c ./mss_sys_services/mss_comblk.o
 .debug_macro   0x00000000000020f2      0x3a6 ./mss_sys_services/mss_sys_services.o
 .debug_macro   0x0000000000002498      0x2f1 ./mss_sys_services/mss_sys_services.o
 .debug_macro   0x0000000000002789       0x34 ./mss_sys_services/mss_sys_services.o
 .debug_macro   0x00000000000027bd      0x174 ./mss_sys_services/mss_sys_services.o
 .debug_macro   0x0000000000002931       0x58 ./mss_sys_services/mss_sys_services.o
 .debug_macro   0x0000000000002989       0x1f ./mss_sys_services/mss_sys_services.o
 .debug_macro   0x00000000000029a8       0x43 ./mss_sys_services/mss_sys_services.o
 .debug_macro   0x00000000000029eb       0x20 ./mss_sys_services/mss_sys_services.o
 .debug_macro   0x0000000000002a0b      0x18e ./mss_sys_services/mss_sys_services.o
 .debug_macro   0x0000000000002b99      0x339 ./mss_sys_services/mss_sys_services.o
 .debug_macro   0x0000000000002ed2       0x10 ./mss_sys_services/mss_sys_services.o
 .debug_macro   0x0000000000002ee2       0x35 ./mss_sys_services/mss_sys_services.o
 .debug_macro   0x0000000000002f17      0x185 ./drivers/mss_uart/mss_uart.o
 .debug_macro   0x000000000000309c      0x177 ./drivers/mss_uart/mss_uart.o
 .debug_macro   0x0000000000003213       0xe2 ./drivers/mss_uart/mss_uart.o
 .debug_macro   0x00000000000032f5       0x22 ./drivers/mss_uart/mss_uart.o
 .debug_macro   0x0000000000003317      0x151 ./drivers/mss_hpdma/mss_hpdma.o
 .debug_macro   0x0000000000003468       0x5e ./drivers/mss_hpdma/mss_hpdma.o
 .debug_macro   0x00000000000034c6       0x94 ./drivers/mss_hpdma/mss_hpdma.o
 .debug_macro   0x000000000000355a       0x57 ./drivers/mss_hpdma/mss_hpdma.o
 .debug_macro   0x00000000000035b1       0x10 ./drivers/mss_hpdma/mss_hpdma.o
 .debug_macro   0x00000000000035c1      0x173 ./CMSIS/system_m2sxxx.o
 .debug_macro   0x0000000000003734      0x295 ./main.o
 .debug_macro   0x00000000000039c9       0x1c ./main.o
 .debug_macro   0x00000000000039e5       0x10 ./main.o
 .debug_macro   0x00000000000039f5       0x16 ./main.o
 .debug_macro   0x0000000000003a0b      0x16f ./main.o

.comment        0x0000000000000000       0x66
 .comment       0x0000000000000000       0x66 ./mss_sys_services/mss_comblk.o
                                         0x67 (size before relaxing)
 .comment       0x0000000000000066       0x67 ./mss_sys_services/mss_sys_services.o
 .comment       0x0000000000000066       0x67 ./drivers/mss_uart/mss_uart.o
 .comment       0x0000000000000066       0x67 ./drivers/mss_hpdma/mss_hpdma.o
 .comment       0x0000000000000066       0x67 ./CMSIS/system_m2sxxx.o
 .comment       0x0000000000000066       0x67 ./main.o
