Archive member included to satisfy reference by file (symbol)

d:/microchip/softconsole-v2021.1/arm-none-eabi-gcc/bin/../lib/gcc/arm-none-eabi/9.2.1/../../../../arm-none-eabi/lib/thumb/v7-m/nofp\libg_nano.a(lib_a-errno.o)
                              ./CMSIS/startup_gcc/newlib_stubs.o (__errno)
d:/microchip/softconsole-v2021.1/arm-none-eabi-gcc/bin/../lib/gcc/arm-none-eabi/9.2.1/../../../../arm-none-eabi/lib/thumb/v7-m/nofp\libg_nano.a(lib_a-exit.o)
                              d:/microchip/softconsole-v2021.1/arm-none-eabi-gcc/bin/../lib/gcc/arm-none-eabi/9.2.1/../../../../arm-none-eabi/lib/thumb/v7-m/nofp/crt0.o (exit)
d:/microchip/softconsole-v2021.1/arm-none-eabi-gcc/bin/../lib/gcc/arm-none-eabi/9.2.1/../../../../arm-none-eabi/lib/thumb/v7-m/nofp\libg_nano.a(lib_a-impure.o)
                              d:/microchip/softconsole-v2021.1/arm-none-eabi-gcc/bin/../lib/gcc/arm-none-eabi/9.2.1/../../../../arm-none-eabi/lib/thumb/v7-m/nofp\libg_nano.a(lib_a-exit.o) (_global_impure_ptr)
d:/microchip/softconsole-v2021.1/arm-none-eabi-gcc/bin/../lib/gcc/arm-none-eabi/9.2.1/../../../../arm-none-eabi/lib/thumb/v7-m/nofp\libg_nano.a(lib_a-init.o)
                              d:/microchip/softconsole-v2021.1/arm-none-eabi-gcc/bin/../lib/gcc/arm-none-eabi/9.2.1/../../../../arm-none-eabi/lib/thumb/v7-m/nofp/crt0.o (__libc_init_array)
d:/microchip/softconsole-v2021.1/arm-none-eabi-gcc/bin/../lib/gcc/arm-none-eabi/9.2.1/../../../../arm-none-eabi/lib/thumb/v7-m/nofp\libg_nano.a(lib_a-memcpy-stub.o)
                              ./mss_sys_services/mss_sys_services.o (memcpy)
d:/microchip/softconsole-v2021.1/arm-none-eabi-gcc/bin/../lib/gcc/arm-none-eabi/9.2.1/../../../../arm-none-eabi/lib/thumb/v7-m/nofp\libg_nano.a(lib_a-memset.o)
                              d:/microchip/softconsole-v2021.1/arm-none-eabi-gcc/bin/../lib/gcc/arm-none-eabi/9.2.1/../../../../arm-none-eabi/lib/thumb/v7-m/nofp/crt0.o (memset)
d:/microchip/softconsole-v2021.1/arm-none-eabi-gcc/bin/../lib/gcc/arm-none-eabi/9.2.1/../../../../arm-none-eabi/lib/thumb/v7-m/nofp\libg_nano.a(lib_a-strncpy.o)
                              ./main.o (strncpy)
d:/microchip/softconsole-v2021.1/arm-none-eabi-gcc/bin/../lib/gcc/arm-none-eabi/9.2.1/../../../../arm-none-eabi/lib/thumb/v7-m/nofp\libg_nano.a(lib_a-strstr.o)
                              ./main.o (strstr)

Allocating common symbols
Common symbol       size              file

sect_size2          0x4               ./FatFs/src/diskio.o
fs                  0x234             ./main.o
fsrc                0x24              ./main.o
g_mss_uart1         0x40              ./drivers/mss_uart/mss_uart.o
g_mss_uart0         0x40              ./drivers/mss_uart/mss_uart.o
g_page_buffer       0x200             ./main.o
sect_size1          0x4               ./FatFs/src/diskio.o
gh_tx_ep            0x154             ./mss_usb/mss_usb_host.o
res                 0x1               ./main.o
gh_rx_ep            0x154             ./mss_usb/mss_usb_host.o

Discarded input sections

 .text          0x0000000000000000        0x0 d:/microchip/softconsole-v2021.1/arm-none-eabi-gcc/bin/../lib/gcc/arm-none-eabi/9.2.1/thumb/v7-m/nofp/crti.o
 .data          0x0000000000000000        0x0 d:/microchip/softconsole-v2021.1/arm-none-eabi-gcc/bin/../lib/gcc/arm-none-eabi/9.2.1/thumb/v7-m/nofp/crti.o
 .bss           0x0000000000000000        0x0 d:/microchip/softconsole-v2021.1/arm-none-eabi-gcc/bin/../lib/gcc/arm-none-eabi/9.2.1/thumb/v7-m/nofp/crti.o
 .text          0x0000000000000000        0x0 d:/microchip/softconsole-v2021.1/arm-none-eabi-gcc/bin/../lib/gcc/arm-none-eabi/9.2.1/thumb/v7-m/nofp/crtbegin.o
 .data          0x0000000000000000        0x0 d:/microchip/softconsole-v2021.1/arm-none-eabi-gcc/bin/../lib/gcc/arm-none-eabi/9.2.1/thumb/v7-m/nofp/crtbegin.o
 .bss           0x0000000000000000        0x0 d:/microchip/softconsole-v2021.1/arm-none-eabi-gcc/bin/../lib/gcc/arm-none-eabi/9.2.1/thumb/v7-m/nofp/crtbegin.o
 .data.__dso_handle
                0x0000000000000000        0x4 d:/microchip/softconsole-v2021.1/arm-none-eabi-gcc/bin/../lib/gcc/arm-none-eabi/9.2.1/thumb/v7-m/nofp/crtbegin.o
 .text          0x0000000000000000       0x74 d:/microchip/softconsole-v2021.1/arm-none-eabi-gcc/bin/../lib/gcc/arm-none-eabi/9.2.1/../../../../arm-none-eabi/lib/thumb/v7-m/nofp/crt0.o
 .data          0x0000000000000000        0x0 d:/microchip/softconsole-v2021.1/arm-none-eabi-gcc/bin/../lib/gcc/arm-none-eabi/9.2.1/../../../../arm-none-eabi/lib/thumb/v7-m/nofp/crt0.o
 .bss           0x0000000000000000        0x0 d:/microchip/softconsole-v2021.1/arm-none-eabi-gcc/bin/../lib/gcc/arm-none-eabi/9.2.1/../../../../arm-none-eabi/lib/thumb/v7-m/nofp/crt0.o
 .ARM.extab     0x0000000000000000        0x0 d:/microchip/softconsole-v2021.1/arm-none-eabi-gcc/bin/../lib/gcc/arm-none-eabi/9.2.1/../../../../arm-none-eabi/lib/thumb/v7-m/nofp/crt0.o
[...]
Memory Configuration

Name             Origin             Length             Attributes
rom              0x0000000000000000 0x0000000000040000 xr
ram              0x0000000000000000 0x000000000000f000 xrw
*default*        0x0000000000000000 0xffffffffffffffff

Linker script and memory map

LOAD d:/microchip/softconsole-v2021.1/arm-none-eabi-gcc/bin/../lib/gcc/arm-none-eabi/9.2.1/thumb/v7-m/nofp/crti.o
LOAD d:/microchip/softconsole-v2021.1/arm-none-eabi-gcc/bin/../lib/gcc/arm-none-eabi/9.2.1/thumb/v7-m/nofp/crtbegin.o
LOAD d:/microchip/softconsole-v2021.1/arm-none-eabi-gcc/bin/../lib/gcc/arm-none-eabi/9.2.1/../../../../arm-none-eabi/lib/thumb/v7-m/nofp/crt0.o
LOAD ./mss_usb/mss_usb_common_cif.o
LOAD ./mss_usb/mss_usb_device.o
LOAD ./mss_usb/mss_usb_device_cdc.o
LOAD ./mss_usb/mss_usb_device_cif.o
LOAD ./mss_usb/mss_usb_device_hid.o
LOAD ./mss_usb/mss_usb_device_msd.o
LOAD ./mss_usb/mss_usb_host.o
LOAD ./mss_usb/mss_usb_host_cif.o
LOAD ./mss_usb/mss_usb_host_msc.o
LOAD ./mss_sys_services/mss_comblk.o
LOAD ./mss_sys_services/mss_sys_services.o
LOAD ./hal/CortexM3/GNU/hal.o
LOAD ./hal/CortexM3/GNU/hw_reg_access.o
LOAD ./hal/CortexM3/cortex_nvic.o
LOAD ./drivers_config/sys_config/sys_config.o
LOAD ./drivers/mss_uart/mss_uart.o
LOAD ./drivers/mss_nvm/mss_nvm.o
LOAD ./drivers/mss_hpdma/mss_hpdma.o
LOAD ./drivers/mss_gpio/mss_gpio.o
LOAD ./FatFs/src/option/syscall.o
LOAD ./FatFs/src/diskio.o
LOAD ./FatFs/src/ff.o
LOAD ./CMSIS/startup_gcc/newlib_stubs.o
LOAD ./CMSIS/startup_gcc/startup_m2sxxx.o
LOAD ./CMSIS/system_m2sxxx.o
LOAD ./main.o
START GROUP
LOAD d:/microchip/softconsole-v2021.1/arm-none-eabi-gcc/bin/../lib/gcc/arm-none-eabi/9.2.1/thumb/v7-m/nofp\libgcc.a
LOAD d:/microchip/softconsole-v2021.1/arm-none-eabi-gcc/bin/../lib/gcc/arm-none-eabi/9.2.1/../../../../arm-none-eabi/lib/thumb/v7-m/nofp\libg_nano.a
LOAD d:/microchip/softconsole-v2021.1/arm-none-eabi-gcc/bin/../lib/gcc/arm-none-eabi/9.2.1/../../../../arm-none-eabi/lib/thumb/v7-m/nofp\libc_nano.a
END GROUP
START GROUP
LOAD d:/microchip/softconsole-v2021.1/arm-none-eabi-gcc/bin/../lib/gcc/arm-none-eabi/9.2.1/thumb/v7-m/nofp\libgcc.a
LOAD d:/microchip/softconsole-v2021.1/arm-none-eabi-gcc/bin/../lib/gcc/arm-none-eabi/9.2.1/../../../../arm-none-eabi/lib/thumb/v7-m/nofp\libc_nano.a
END GROUP
LOAD d:/microchip/softconsole-v2021.1/arm-none-eabi-gcc/bin/../lib/gcc/arm-none-eabi/9.2.1/thumb/v7-m/nofp/crtend.o
LOAD d:/microchip/softconsole-v2021.1/arm-none-eabi-gcc/bin/../lib/gcc/arm-none-eabi/9.2.1/thumb/v7-m/nofp/crtn.o
START GROUP
LOAD d:/microchip/softconsole-v2021.1/arm-none-eabi-gcc/bin/../lib/gcc/arm-none-eabi/9.2.1/../../../../arm-none-eabi/lib/thumb/v7-m/nofp\libc.a
LOAD d:/microchip/softconsole-v2021.1/arm-none-eabi-gcc/bin/../lib/gcc/arm-none-eabi/9.2.1/thumb/v7-m/nofp\libgcc.a
LOAD d:/microchip/softconsole-v2021.1/arm-none-eabi-gcc/bin/../lib/gcc/arm-none-eabi/9.2.1/../../../../arm-none-eabi/lib/thumb/v7-m/nofp\libm.a
END GROUP
                0x0000000000000000                __DYNAMIC = 0x0
                0x0000000000000000                RAM_START_ADDRESS = 0x0
                0x000000000000f000                RAM_SIZE = 0xf000
                0x0000000000002000                MAIN_STACK_SIZE = 0x2000
                0x0000000000000000                MIN_SIZE_HEAP = 0x0
                0x000000000000f000                PROVIDE (__main_stack_start = (RAM_START_ADDRESS + RAM_SIZE))
                [!provide]                        PROVIDE (__process_stack_start = (__main_stack_start - MAIN_STACK_SIZE))
                0x000000000000f000                PROVIDE (_estack = __main_stack_start)
                0x0000000000000000                PROVIDE (__mirrored_nvm = 0x0)
                0x0000000000000000                PROVIDE (__smartfusion2_memory_remap = 0x0)

.vector_table   0x0000000000000000      0x190
                0x0000000000000000                __vector_table_load = LOADADDR (.vector_table)
                0x0000000000000000                __vector_table_start = .
                0x0000000000000000                __vector_table_vma_base_address = .
 *(.isr_vector)
 .isr_vector    0x0000000000000000      0x190 ./CMSIS/startup_gcc/startup_m2sxxx.o
                0x0000000000000000                g_pfnVectors
                0x0000000000000190                . = ALIGN (0x10)
                0x0000000000000190                _evector_table = .

.boot_code      0x0000000000000190      0x320
 *(.boot_code)
 .boot_code     0x0000000000000190      0x31c ./CMSIS/startup_gcc/startup_m2sxxx.o
                0x0000000000000190                Reset_Handler
                0x000000000000037e                NMI_Handler
                0x0000000000000380                HardFault_Handler
                0x0000000000000382                MemManage_Handler
                0x0000000000000384                BusFault_Handler
                0x0000000000000386                UsageFault_Handler
                0x0000000000000388                SVC_Handler
                0x000000000000038a                DebugMon_Handler
                0x000000000000038c                PendSV_Handler
                0x0000000000000390                WdogWakeup_IRQHandler
                0x0000000000000392                RTC_Wakeup_IRQHandler
                0x0000000000000394                SPI0_IRQHandler
                0x0000000000000396                SPI1_IRQHandler
                0x0000000000000398                I2C0_IRQHandler
                0x000000000000039a                I2C0_SMBAlert_IRQHandler
                0x000000000000039c                I2C0_SMBus_IRQHandler
                0x000000000000039e                I2C1_IRQHandler
                0x00000000000003a0                I2C1_SMBAlert_IRQHandler
                0x00000000000003a2                I2C1_SMBus_IRQHandler
                0x00000000000003a8                EthernetMAC_IRQHandler
                0x00000000000003aa                DMA_IRQHandler
                0x00000000000003ac                Timer1_IRQHandler
                0x00000000000003ae                Timer2_IRQHandler
                0x00000000000003b0                CAN_IRQHandler
                0x00000000000003b2                ENVM0_IRQHandler
                0x00000000000003b4                ENVM1_IRQHandler
                0x00000000000003bc                PLL_Lock_IRQHandler
                0x00000000000003be                PLL_LockLost_IRQHandler
                0x00000000000003c0                CommSwitchError_IRQHandler
                0x00000000000003c2                CacheError_IRQHandler
                0x00000000000003c4                DDR_IRQHandler
                0x00000000000003ca                ECC_Error_IRQHandler
                0x00000000000003cc                MDDR_IOCalib_IRQHandler
                0x00000000000003ce                FAB_PLL_Lock_IRQHandler
                0x00000000000003d0                FAB_PLL_LockLost_IRQHandler
                0x00000000000003d2                FIC64_IRQHandler
                0x00000000000003d4                FabricIrq0_IRQHandler
                0x00000000000003d6                FabricIrq1_IRQHandler
                0x00000000000003d8                FabricIrq2_IRQHandler
                0x00000000000003da                FabricIrq3_IRQHandler
                0x00000000000003dc                FabricIrq4_IRQHandler
                0x00000000000003de                FabricIrq5_IRQHandler
                0x00000000000003e0                FabricIrq6_IRQHandler
                0x00000000000003e2                FabricIrq7_IRQHandler
                0x00000000000003e4                FabricIrq8_IRQHandler
                0x00000000000003e6                FabricIrq9_IRQHandler
                0x00000000000003e8                FabricIrq10_IRQHandler
                0x00000000000003ea                FabricIrq11_IRQHandler
                0x00000000000003ec                FabricIrq12_IRQHandler
                0x00000000000003ee                FabricIrq13_IRQHandler
                0x00000000000003f0                FabricIrq14_IRQHandler
                0x00000000000003f2                FabricIrq15_IRQHandler
                0x00000000000003f4                GPIO0_IRQHandler
                0x00000000000003f6                GPIO1_IRQHandler
                0x00000000000003f8                GPIO2_IRQHandler
                0x00000000000003fa                GPIO3_IRQHandler
                0x00000000000003fc                GPIO4_IRQHandler
                0x00000000000003fe                GPIO5_IRQHandler
                0x0000000000000400                GPIO6_IRQHandler
                0x0000000000000402                GPIO7_IRQHandler
                0x0000000000000404                GPIO8_IRQHandler
                0x0000000000000406                GPIO9_IRQHandler
                0x0000000000000408                GPIO10_IRQHandler
                0x000000000000040a                GPIO11_IRQHandler
                0x000000000000040c                GPIO12_IRQHandler
                0x000000000000040e                GPIO13_IRQHandler
                0x0000000000000410                GPIO14_IRQHandler
                0x0000000000000412                GPIO15_IRQHandler
                0x0000000000000414                GPIO16_IRQHandler
                0x0000000000000416                GPIO17_IRQHandler
                0x0000000000000418                GPIO18_IRQHandler
                0x000000000000041a                GPIO19_IRQHandler
                0x000000000000041c                GPIO20_IRQHandler
                0x000000000000041e                GPIO21_IRQHandler
                0x0000000000000420                GPIO22_IRQHandler
                0x0000000000000422                GPIO23_IRQHandler
                0x0000000000000424                GPIO24_IRQHandler
                0x0000000000000426                GPIO25_IRQHandler
                0x0000000000000428                GPIO26_IRQHandler
                0x000000000000042a                GPIO27_IRQHandler
                0x000000000000042c                GPIO28_IRQHandler
                0x000000000000042e                GPIO29_IRQHandler
                0x0000000000000430                GPIO30_IRQHandler
                0x0000000000000432                GPIO31_IRQHandler
                0x0000000000000434                mscc_post_hw_cfg_init
                0x00000000000004b0                . = ALIGN (0x10)
 *fill*         0x00000000000004ac        0x4 

.text           0x00000000000004b0     0xa7c0
 CREATE_OBJECT_SYMBOLS
                0x00000000000004b0                __text_load = LOADADDR (.text)
                0x00000000000004b0                __text_start = .
 *(.text .text.* .gnu.linkonce.t.*)
 .text.__do_global_dtors_aux
                0x00000000000004b0       0x24 d:/microchip/softconsole-v2021.1/arm-none-eabi-gcc/bin/../lib/gcc/arm-none-eabi/9.2.1/thumb/v7-m/nofp/crtbegin.o
 .text.frame_dummy
                0x00000000000004d4       0x1c d:/microchip/softconsole-v2021.1/arm-none-eabi-gcc/bin/../lib/gcc/arm-none-eabi/9.2.1/thumb/v7-m/nofp/crtbegin.o
 .text.MSS_USB_CIF_is_txepfifo_notempty
                0x00000000000004f0       0x38 ./mss_usb/mss_usb_common_cif.o
 .text.MSS_USB_CIF_set_index_reg
                0x0000000000000528       0x20 ./mss_usb/mss_usb_common_cif.o
 .text.MSS_USB_CIF_read_irq_reg
                0x0000000000000548       0x18 ./mss_usb/mss_usb_common_cif.o
 .text.MSS_USB_CIF_read_tx_ep_irq_reg
                0x0000000000000560       0x18 ./mss_usb/mss_usb_common_cif.o
 .text.MSS_USB_CIF_read_rx_ep_irq_reg
                0x0000000000000578       0x18 ./mss_usb/mss_usb_common_cif.o
 .text.MSS_USB_CIF_tx_ep_enable_irq
                0x0000000000000590       0x30 ./mss_usb/mss_usb_common_cif.o
 .text.MSS_USB_CIF_rx_ep_enable_irq
                0x00000000000005c0       0x30 ./mss_usb/mss_usb_common_cif.o
 .text.MSS_USB_CIF_get_mode
                0x00000000000005f0       0x28 ./mss_usb/mss_usb_common_cif.o
 .text.MSS_USB_CIF_get_role
                0x0000000000000618       0x20 ./mss_usb/mss_usb_common_cif.o
 .text.MSS_USB_CIF_tx_ep_set_max_pkt
                0x0000000000000638       0xac ./mss_usb/mss_usb_common_cif.o
 .text.MSS_USB_CIF_tx_ep_set_txpktrdy
                0x00000000000006e4       0x3c ./mss_usb/mss_usb_common_cif.o
 .text.MSS_USB_CIF_tx_ep_clr_data_tog
                0x0000000000000720       0x3c ./mss_usb/mss_usb_common_cif.o
 .text.MSS_USB_CIF_tx_ep_set_dma_mode1
                0x000000000000075c       0x3c ./mss_usb/mss_usb_common_cif.o
 .text.MSS_USB_CIF_tx_ep_set_dma_mode0
                0x0000000000000798       0x3c ./mss_usb/mss_usb_common_cif.o
 .text.MSS_USB_CIF_tx_ep_enable_dma
                0x00000000000007d4       0x3c ./mss_usb/mss_usb_common_cif.o
 .text.MSS_USB_CIF_tx_ep_disable_dma
                0x0000000000000810       0x3c ./mss_usb/mss_usb_common_cif.o
 .text.MSS_USB_CIF_rx_ep_set_max_pkt
                0x000000000000084c       0xb8 ./mss_usb/mss_usb_common_cif.o
 .text.MSS_USB_CIF_rx_ep_clr_rxpktrdy
                0x0000000000000904       0x3c ./mss_usb/mss_usb_common_cif.o
 .text.MSS_USB_CIF_rx_ep_clr_data_tog
                0x0000000000000940       0x3c ./mss_usb/mss_usb_common_cif.o
 .text.MSS_USB_CIF_rx_ep_set_dma_mode1
                0x000000000000097c       0x3c ./mss_usb/mss_usb_common_cif.o
 .text.MSS_USB_CIF_rx_ep_set_dma_mode0
                0x00000000000009b8       0x3c ./mss_usb/mss_usb_common_cif.o
 .text.MSS_USB_CIF_rx_ep_enable_dma
                0x00000000000009f4       0x3c ./mss_usb/mss_usb_common_cif.o
 .text.MSS_USB_CIF_rx_ep_disable_dma
                0x0000000000000a30       0x3c ./mss_usb/mss_usb_common_cif.o
 .text.MSS_USB_CIF_load_tx_fifo
                0x0000000000000a6c       0x80 ./mss_usb/mss_usb_common_cif.o
 .text.MSS_USB_CIF_tx_ep_set_fifo_size
                0x0000000000000aec       0x6c ./mss_usb/mss_usb_common_cif.o
 .text.MSS_USB_CIF_rx_ep_set_fifo_size
                0x0000000000000b58       0x6c ./mss_usb/mss_usb_common_cif.o
 .text.MSS_USB_CIF_tx_ep_set_fifo_addr
                0x0000000000000bc4       0x38 ./mss_usb/mss_usb_common_cif.o
 .text.MSS_USB_CIF_rx_ep_set_fifo_addr
                0x0000000000000bfc       0x38 ./mss_usb/mss_usb_common_cif.o
 .text.MSS_USB_CIF_disable_rx_ep_dpb
                0x0000000000000c34       0x34 ./mss_usb/mss_usb_common_cif.o
 .text.MSS_USB_CIF_enable_rx_ep_dpb
                0x0000000000000c68       0x38 ./mss_usb/mss_usb_common_cif.o
 .text.MSS_USB_disable_tx_ep_dpb
                0x0000000000000ca0       0x34 ./mss_usb/mss_usb_common_cif.o
 .text.MSS_USB_enable_tx_ep_dpb
                0x0000000000000cd4       0x38 ./mss_usb/mss_usb_common_cif.o
 .text.MSS_USB_CIF_dma_start_xfr
                0x0000000000000d0c       0x38 ./mss_usb/mss_usb_common_cif.o
 .text.MSS_USB_CIF_dma_set_dir
                0x0000000000000d44       0x44 ./mss_usb/mss_usb_common_cif.o
 .text.MSS_USB_CIF_dma_set_mode
                0x0000000000000d88       0x44 ./mss_usb/mss_usb_common_cif.o
 .text.MSS_USB_CIF_dma_enable_irq
                0x0000000000000dcc       0x38 ./mss_usb/mss_usb_common_cif.o
 .text.MSS_USB_CIF_dma_assign_to_epnum
                0x0000000000000e04       0x44 ./mss_usb/mss_usb_common_cif.o
 .text.MSS_USB_CIF_dma_set_burst_mode
                0x0000000000000e48       0x44 ./mss_usb/mss_usb_common_cif.o
 .text.MSS_USB_CIF_dma_write_addr
                0x0000000000000e8c       0x2c ./mss_usb/mss_usb_common_cif.o
 .text.MSS_USB_CIF_dma_write_count
                0x0000000000000eb8       0x2c ./mss_usb/mss_usb_common_cif.o
 .text.MSS_USB_HCIF_cep_is_rxstall_err
                0x0000000000000ee4       0x28 ./mss_usb/mss_usb_common_cif.o
 .text.MSS_USB_HCIF_cep_clr_rxstall_err
                0x0000000000000f0c       0x24 ./mss_usb/mss_usb_common_cif.o
 .text.MSS_USB_HCIF_cep_is_retry_err
                0x0000000000000f30       0x28 ./mss_usb/mss_usb_common_cif.o
 .text.MSS_USB_HCIF_cep_clr_retry_err
                0x0000000000000f58       0x24 ./mss_usb/mss_usb_common_cif.o
 .text.MSS_USB_HCIF_cep_is_naktimeout_err
                0x0000000000000f7c       0x28 ./mss_usb/mss_usb_common_cif.o
 .text.MSS_USB_HCIF_cep_clr_naktimeout_err
                0x0000000000000fa4       0x24 ./mss_usb/mss_usb_common_cif.o
 .text.MSS_USB_HCIF_tx_ep_is_retry_err
                0x0000000000000fc8       0x38 ./mss_usb/mss_usb_common_cif.o
 .text.MSS_USB_HCIF_tx_ep_clr_retry_err
                0x0000000000001000       0x3c ./mss_usb/mss_usb_common_cif.o
 .text.MSS_USB_HCIF_tx_ep_is_rxstall_err
                0x000000000000103c       0x38 ./mss_usb/mss_usb_common_cif.o
 .text.MSS_USB_HCIF_tx_ep_clr_rxstall_err
                0x0000000000001074       0x3c ./mss_usb/mss_usb_common_cif.o
 .text.MSS_USB_HCIF_tx_ep_is_naktimeout_err
                0x00000000000010b0       0x38 ./mss_usb/mss_usb_common_cif.o
 .text.MSS_USB_HCIF_tx_ep_clr_naktimeout_err
                0x00000000000010e8       0x3c ./mss_usb/mss_usb_common_cif.o
 .text.MSS_USB_HCIF_rx_ep_is_rxpktrdy
                0x0000000000001124       0x30 ./mss_usb/mss_usb_common_cif.o
 .text.MSS_USB_HCIF_rx_ep_is_retry_err
                0x0000000000001154       0x38 ./mss_usb/mss_usb_common_cif.o
 .text.MSS_USB_HCIF_rx_ep_clr_retry_err
                0x000000000000118c       0x3c ./mss_usb/mss_usb_common_cif.o
 .text.MSS_USB_HCIF_rx_ep_is_naktimeout_err
                0x00000000000011c8       0x38 ./mss_usb/mss_usb_common_cif.o
 .text.MSS_USB_HCIF_rx_ep_clr_naktimeout_err
                0x0000000000001200       0x3c ./mss_usb/mss_usb_common_cif.o
 .text.MSS_USB_HCIF_rx_ep_is_rxstall_err
                0x000000000000123c       0x38 ./mss_usb/mss_usb_common_cif.o
 .text.MSS_USB_HCIF_rx_ep_clr_rxstall_err
                0x0000000000001274       0x3c ./mss_usb/mss_usb_common_cif.o
 .text.USB_IRQHandler
                0x00000000000012b0       0xdc ./mss_usb/mss_usb_common_cif.o
                0x00000000000012b0                USB_IRQHandler
 .text.MSS_USB_CIF_handle_cep_irq
                0x000000000000138c       0x74 ./mss_usb/mss_usb_common_cif.o
 .text.MSS_USB_CIF_handle_tx_ep_irq
                0x0000000000001400       0xb8 ./mss_usb/mss_usb_common_cif.o
 .text.MSS_USB_CIF_handle_rx_ep_irq
                0x00000000000014b8       0xc0 ./mss_usb/mss_usb_common_cif.o
 .text.USB_DMA_IRQHandler
                0x0000000000001578       0x16 ./mss_usb/mss_usb_common_cif.o
                0x0000000000001578                USB_DMA_IRQHandler
 .text.MSS_USB_CIF_ep_write_pkt
                0x000000000000158e      0x102 ./mss_usb/mss_usb_common_cif.o
                0x000000000000158e                MSS_USB_CIF_ep_write_pkt
 .text.MSS_USB_CIF_configure_ep_dma
                0x0000000000001690       0x68 ./mss_usb/mss_usb_common_cif.o
                0x0000000000001690                MSS_USB_CIF_configure_ep_dma
 .text.MSS_USB_CIF_tx_ep_configure
                0x00000000000016f8       0xfc ./mss_usb/mss_usb_common_cif.o
                0x00000000000016f8                MSS_USB_CIF_tx_ep_configure
 .text.MSS_USB_CIF_rx_ep_configure
                0x00000000000017f4      0x106 ./mss_usb/mss_usb_common_cif.o
                0x00000000000017f4                MSS_USB_CIF_rx_ep_configure
 *fill*         0x00000000000018fa        0x2 
 .text.MSS_USB_CIF_enable_usbirq
                0x00000000000018fc       0x28 ./mss_usb/mss_usb_host.o
 .text.MSS_USB_CIF_cep_enable_irq
                0x0000000000001924       0x20 ./mss_usb/mss_usb_host.o
 .text.MSS_USB_CIF_cep_disable_irq
                0x0000000000001944       0x20 ./mss_usb/mss_usb_host.o
 .text.MSS_USB_CIF_set_index_reg
                0x0000000000001964       0x20 ./mss_usb/mss_usb_host.o
 .text.MSS_USB_HCIF_assert_bus_reset
                0x0000000000001984       0x20 ./mss_usb/mss_usb_host.o
 .text.MSS_USB_HCIF_clr_bus_reset
                0x00000000000019a4       0x20 ./mss_usb/mss_usb_host.o
 .text.MSS_USB_HCIF_start_session
                0x00000000000019c4       0x24 ./mss_usb/mss_usb_host.o
 .text.MSS_USB_HCIF_is_hs_mode
                0x00000000000019e8       0x24 ./mss_usb/mss_usb_host.o
 .text.MSS_USB_HCIF_cep_set_request_in_pkt
                0x0000000000001a0c       0x24 ./mss_usb/mss_usb_host.o
 .text.MSS_USB_HCIF_cep_set_setuppktrdy
                0x0000000000001a30       0x24 ./mss_usb/mss_usb_host.o
 .text.MSS_USB_HCIF_cep_set_statuspktrdy_after_out
                0x0000000000001a54       0x24 ./mss_usb/mss_usb_host.o
 .text.MSS_USB_HCIF_cep_set_statuspktrdy_after_in
                0x0000000000001a78       0x24 ./mss_usb/mss_usb_host.o
 .text.MSS_USB_HCIF_cep_clr_statusRxpktrdy
                0x0000000000001a9c       0x2c ./mss_usb/mss_usb_host.o
 .text.MSS_USB_HCIF_cep_set_txpktrdy
                0x0000000000001ac8       0x24 ./mss_usb/mss_usb_host.o
 .text.MSS_USB_HCIF_load_tx_fifo
                0x0000000000001aec       0x80 ./mss_usb/mss_usb_host.o
 .text.MSS_USB_HCIF_tx_ep_set_target_func_addr
                0x0000000000001b6c       0x30 ./mss_usb/mss_usb_host.o
 .text.MSS_USB_HCIF_cep_set_type0_reg
                0x0000000000001b9c       0x24 ./mss_usb/mss_usb_host.o
 .text.MSS_USB_HCIF_rx_ep_set_reqpkt
                0x0000000000001bc0       0x3c ./mss_usb/mss_usb_host.o
 .text.MSS_USBH_init
                0x0000000000001bfc       0x70 ./mss_usb/mss_usb_host.o
                0x0000000000001bfc                MSS_USBH_init
 .text.MSS_USBH_register_class_driver
                0x0000000000001c6c       0x24 ./mss_usb/mss_usb_host.o
                0x0000000000001c6c                MSS_USBH_register_class_driver
 .text.MSS_USBH_configure_control_pipe
                0x0000000000001c90       0x90 ./mss_usb/mss_usb_host.o
                0x0000000000001c90                MSS_USBH_configure_control_pipe
 .text.MSS_USBH_configure_out_pipe
                0x0000000000001d20      0x264 ./mss_usb/mss_usb_host.o
                0x0000000000001d20                MSS_USBH_configure_out_pipe
 .text.MSS_USBH_configure_in_pipe
                0x0000000000001f84      0x264 ./mss_usb/mss_usb_host.o
                0x0000000000001f84                MSS_USBH_configure_in_pipe
 .text.MSS_USBH_write_out_pipe
                0x00000000000021e8      0x10c ./mss_usb/mss_usb_host.o
                0x00000000000021e8                MSS_USBH_write_out_pipe
 .text.MSS_USBH_read_in_pipe
                0x00000000000022f4      0x100 ./mss_usb/mss_usb_host.o
                0x00000000000022f4                MSS_USBH_read_in_pipe
 .text.MSS_USBH_get_tdev_state
                0x00000000000023f4       0x54 ./mss_usb/mss_usb_host.o
                0x00000000000023f4                MSS_USBH_get_tdev_state
 .text.MSS_USBH_task
                0x0000000000002448       0x14 ./mss_usb/mss_usb_host.o
                0x0000000000002448                MSS_USBH_task
 .text.MSS_USBH_start_control_xfr
                0x000000000000245c       0xa0 ./mss_usb/mss_usb_host.o
                0x000000000000245c                MSS_USBH_start_control_xfr
 .text.MSS_USBH_construct_get_descr_command
                0x00000000000024fc       0x9c ./mss_usb/mss_usb_host.o
                0x00000000000024fc                MSS_USBH_construct_get_descr_command
 .text.MSS_USBH_get_cep_state
                0x0000000000002598       0x14 ./mss_usb/mss_usb_host.o
                0x0000000000002598                MSS_USBH_get_cep_state
 .text.MSS_USBH_1ms_tick
                0x00000000000025ac       0x54 ./mss_usb/mss_usb_host.o
                0x00000000000025ac                MSS_USBH_1ms_tick
 .text.MSS_USBH_get_milis
                0x0000000000002600       0x14 ./mss_usb/mss_usb_host.o
                0x0000000000002600                MSS_USBH_get_milis
 .text.MSS_USBH_fsm
                0x0000000000002614      0x20c ./mss_usb/mss_usb_host.o
 .text.MSS_USBH_enum_fsm
                0x0000000000002820      0x510 ./mss_usb/mss_usb_host.o
 .text.MSS_USBH_control_xfr_fsm
                0x0000000000002d30      0x41c ./mss_usb/mss_usb_host.o
 .text.MSS_USB_host_start_enum_fsm
                0x000000000000314c       0x18 ./mss_usb/mss_usb_host.o
 .text.MSS_USB_host_reset_enum_fsm
                0x0000000000003164       0x18 ./mss_usb/mss_usb_host.o
 .text.MSS_USB_host_get_enum_fsm_state
                0x000000000000317c       0x14 ./mss_usb/mss_usb_host.o
 .text.MSS_USB_host_ep_tx_complete_cb
                0x0000000000003190      0x1f0 ./mss_usb/mss_usb_host.o
 .text.MSS_USB_host_ep_rx_cb
                0x0000000000003380      0x1dc ./mss_usb/mss_usb_host.o
 .text.MSS_USB_host_cep_cb
                0x000000000000355c       0x20 ./mss_usb/mss_usb_host.o
 .text.MSS_USB_host_sof_cb
                0x000000000000357c       0x12 ./mss_usb/mss_usb_host.o
 *fill*         0x000000000000358e        0x2 
 .text.MSS_USB_host_connect_cb
                0x0000000000003590       0x30 ./mss_usb/mss_usb_host.o
 .text.MSS_USB_host_disconnect_cb
                0x00000000000035c0       0x18 ./mss_usb/mss_usb_host.o
 .text.MSS_USB_host_vbus_err_cb
                0x00000000000035d8       0x14 ./mss_usb/mss_usb_host.o
 .text.MSS_USB_host_babble_err_cb
                0x00000000000035ec        0xc ./mss_usb/mss_usb_host.o
 .text.MSS_USB_host_session_request_cb
                0x00000000000035f8        0xc ./mss_usb/mss_usb_host.o
 .text.validate_dev_desc
                0x0000000000003604       0xcc ./mss_usb/mss_usb_host.o
 .text.validate_def_conf_desc
                0x00000000000036d0       0x3e ./mss_usb/mss_usb_host.o
 *fill*         0x000000000000370e        0x2 
 .text.MSS_USB_handle_discon_event
                0x0000000000003710       0xc4 ./mss_usb/mss_usb_host.o
 .text.host_enum_check_class_support
                0x00000000000037d4       0xd4 ./mss_usb/mss_usb_host.o
 .text.NVIC_EnableIRQ
                0x00000000000038a8       0x30 ./mss_usb/mss_usb_host_cif.o
 .text.NVIC_ClearPendingIRQ
                0x00000000000038d8       0x34 ./mss_usb/mss_usb_host_cif.o
 .text.MSS_USB_CIF_enable_usbirq
                0x000000000000390c       0x28 ./mss_usb/mss_usb_host_cif.o
 .text.MSS_USB_CIF_disable_usbirq
                0x0000000000003934       0x34 ./mss_usb/mss_usb_host_cif.o
 .text.MSS_USB_CIF_cep_enable_irq
                0x0000000000003968       0x20 ./mss_usb/mss_usb_host_cif.o
 .text.MSS_USB_HCIF_clr_suspend_bus
                0x0000000000003988       0x20 ./mss_usb/mss_usb_host_cif.o
 .text.MSS_USB_HCIF_is_host_suspended
                0x00000000000039a8       0x24 ./mss_usb/mss_usb_host_cif.o
 .text.MSS_USB_HCIF_is_target_ls
                0x00000000000039cc       0x28 ./mss_usb/mss_usb_host_cif.o
 .text.MSS_USB_HCIF_is_target_fs
                0x00000000000039f4       0x28 ./mss_usb/mss_usb_host_cif.o
 .text.MSS_USB_HCIF_cep_clr_rxpktrdy
                0x0000000000003a1c       0x24 ./mss_usb/mss_usb_host_cif.o
 .text.MSS_USB_HCIF_tx_ep_set_target_func_addr
                0x0000000000003a40       0x30 ./mss_usb/mss_usb_host_cif.o
 .text.MSS_USB_CIF_soft_reset
                0x0000000000003a70       0x30 ./mss_usb/mss_usb_host_cif.o
 .text.MSS_USB_CIF_enable_hs_mode
                0x0000000000003aa0       0x20 ./mss_usb/mss_usb_host_cif.o
 .text.MSS_USB_CIF_clr_usb_irq_reg
                0x0000000000003ac0       0x18 ./mss_usb/mss_usb_host_cif.o
 .text.MSS_USB_CIF_tx_ep_disable_irq_all
                0x0000000000003ad8       0x20 ./mss_usb/mss_usb_host_cif.o
 .text.MSS_USB_CIF_rx_ep_disable_irq_all
                0x0000000000003af8       0x18 ./mss_usb/mss_usb_host_cif.o
 .text.MSS_USB_CIF_get_vbus_level
                0x0000000000003b10       0xb0 ./mss_usb/mss_usb_host_cif.o
 .text.MSS_USB_CIF_cep_rx_byte_count
                0x0000000000003bc0       0x20 ./mss_usb/mss_usb_host_cif.o
 .text.MSS_USB_CIF_rx_ep_clr_rxpktrdy
                0x0000000000003be0       0x3c ./mss_usb/mss_usb_host_cif.o
 .text.MSS_USB_CIF_rx_ep_read_count
                0x0000000000003c1c       0x28 ./mss_usb/mss_usb_host_cif.o
 .text.MSS_USB_CIF_load_tx_fifo
                0x0000000000003c44       0x80 ./mss_usb/mss_usb_host_cif.o
 .text.MSS_USB_CIF_read_rx_fifo
                0x0000000000003cc4       0x80 ./mss_usb/mss_usb_host_cif.o
 .text.MSS_USB_HCIF_cep_clr_csr_reg
                0x0000000000003d44       0x18 ./mss_usb/mss_usb_host_cif.o
 .text.MSS_USB_HCIF_cep_disable_ping
                0x0000000000003d5c       0x24 ./mss_usb/mss_usb_host_cif.o
 .text.MSS_USB_HCIF_cep_enable_ping
                0x0000000000003d80       0x24 ./mss_usb/mss_usb_host_cif.o
 .text.MSS_USB_HCIF_cep_set_naklimit
                0x0000000000003da4       0x2c ./mss_usb/mss_usb_host_cif.o
 .text.MSS_USB_HCIF_tx_ep_clr_retry_err
                0x0000000000003dd0       0x3c ./mss_usb/mss_usb_host_cif.o
 .text.MSS_USB_HCIF_tx_ep_clr_rxstall_err
                0x0000000000003e0c       0x3c ./mss_usb/mss_usb_host_cif.o
 .text.MSS_USB_HCIF_tx_ep_clr_data_tog
                0x0000000000003e48       0x3c ./mss_usb/mss_usb_host_cif.o
 .text.MSS_USB_HCIF_tx_ep_clr_naktimeout_err
                0x0000000000003e84       0x3c ./mss_usb/mss_usb_host_cif.o
 .text.MSS_USB_HCIF_tx_ep_clr_data_tog_we
                0x0000000000003ec0       0x3c ./mss_usb/mss_usb_host_cif.o
 .text.MSS_USB_HCIF_tx_ep_clr_force_data_tog
                0x0000000000003efc       0x3c ./mss_usb/mss_usb_host_cif.o
 .text.MSS_USB_HCIF_rx_ep_clr_retry_err
                0x0000000000003f38       0x3c ./mss_usb/mss_usb_host_cif.o
 .text.MSS_USB_HCIF_rx_ep_clr_naktimeout_err
                0x0000000000003f74       0x3c ./mss_usb/mss_usb_host_cif.o
 .text.MSS_USB_HCIF_rx_ep_clr_rxstall_err
                0x0000000000003fb0       0x3c ./mss_usb/mss_usb_host_cif.o
 .text.MSS_USB_HCIF_rx_ep_clr_data_tog_we
                0x0000000000003fec       0x3c ./mss_usb/mss_usb_host_cif.o
 .text.MSS_USB_HCIF_tx_ep_set_target_speed
                0x0000000000004028       0x70 ./mss_usb/mss_usb_host_cif.o
 .text.MSS_USB_HCIF_tx_ep_set_target_protocol
                0x0000000000004098       0x70 ./mss_usb/mss_usb_host_cif.o
 .text.MSS_USB_HCIF_tx_ep_set_target_ep_no
                0x0000000000004108       0x68 ./mss_usb/mss_usb_host_cif.o
 .text.MSS_USB_HCIF_tx_ep_set_target_interval
                0x0000000000004170       0x3c ./mss_usb/mss_usb_host_cif.o
 .text.MSS_USB_HCIF_rx_ep_set_target_speed
                0x00000000000041ac       0x70 ./mss_usb/mss_usb_host_cif.o
 .text.MSS_USB_HCIF_rx_ep_set_target_protocol
                0x000000000000421c       0x70 ./mss_usb/mss_usb_host_cif.o
 .text.MSS_USB_HCIF_rx_ep_set_target_ep_no
                0x000000000000428c       0x68 ./mss_usb/mss_usb_host_cif.o
 .text.MSS_USB_HCIF_rx_ep_set_target_interval
                0x00000000000042f4       0x3c ./mss_usb/mss_usb_host_cif.o
 .text.MSS_USB_HCIF_rx_ep_set_target_func_addr
                0x0000000000004330       0x30 ./mss_usb/mss_usb_host_cif.o
 .text.MSS_USB_HCIF_ctz
                0x0000000000004360       0x7e ./mss_usb/mss_usb_host_cif.o
 *fill*         0x00000000000043de        0x2 
 .text.MSS_USB_HCIF_init
                0x00000000000043e0       0x4c ./mss_usb/mss_usb_host_cif.o
                0x00000000000043e0                MSS_USB_HCIF_init
 .text.MSS_USB_HCIF_cep_configure
                0x000000000000442c       0x74 ./mss_usb/mss_usb_host_cif.o
                0x000000000000442c                MSS_USB_HCIF_cep_configure
 .text.MSS_USB_HCIF_tx_ep_configure
                0x00000000000044a0       0x48 ./mss_usb/mss_usb_host_cif.o
                0x00000000000044a0                MSS_USB_HCIF_tx_ep_configure
 .text.MSS_USB_HCIF_rx_ep_configure
                0x00000000000044e8       0x48 ./mss_usb/mss_usb_host_cif.o
                0x00000000000044e8                MSS_USB_HCIF_rx_ep_configure
 .text.MSS_USB_HCIF_read_vbus_level
                0x0000000000004530        0xe ./mss_usb/mss_usb_host_cif.o
                0x0000000000004530                MSS_USB_HCIF_read_vbus_level
 .text.MSS_USB_HCIF_tx_ep_mp_configure
                0x000000000000453e       0xca ./mss_usb/mss_usb_host_cif.o
                0x000000000000453e                MSS_USB_HCIF_tx_ep_mp_configure
 .text.MSS_USB_HCIF_rx_ep_mp_configure
                0x0000000000004608       0xca ./mss_usb/mss_usb_host_cif.o
                0x0000000000004608                MSS_USB_HCIF_rx_ep_mp_configure
 .text.MSS_USB_HCIF_cep_write_pkt
                0x00000000000046d2       0x6a ./mss_usb/mss_usb_host_cif.o
                0x00000000000046d2                MSS_USB_HCIF_cep_write_pkt
 .text.MSS_USB_HCIF_tx_ep_write_pkt
                0x000000000000473c       0x30 ./mss_usb/mss_usb_host_cif.o
                0x000000000000473c                MSS_USB_HCIF_tx_ep_write_pkt
 .text.MSS_USB_HCIF_cep_read_pkt
                0x000000000000476c       0x66 ./mss_usb/mss_usb_host_cif.o
                0x000000000000476c                MSS_USB_HCIF_cep_read_pkt
 .text.MSS_USB_HCIF_rx_ep_read_pkt
                0x00000000000047d2       0x80 ./mss_usb/mss_usb_host_cif.o
                0x00000000000047d2                MSS_USB_HCIF_rx_ep_read_pkt
 *fill*         0x0000000000004852        0x2 
 .text.MSS_USB_HCIF_handle_connect_irq
                0x0000000000004854       0x58 ./mss_usb/mss_usb_host_cif.o
                0x0000000000004854                MSS_USB_HCIF_handle_connect_irq
 .text.MSS_USBH_MSC_init
                0x00000000000048ac       0xbc ./mss_usb/mss_usb_host_msc.o
                0x00000000000048ac                MSS_USBH_MSC_init
 .text.MSS_USBH_MSC_get_handle
                0x0000000000004968       0x14 ./mss_usb/mss_usb_host_msc.o
                0x0000000000004968                MSS_USBH_MSC_get_handle
 .text.MSS_USBH_MSC_task
                0x000000000000497c      0x754 ./mss_usb/mss_usb_host_msc.o
                0x000000000000497c                MSS_USBH_MSC_task
 .text.MSS_USBH_MSC_construct_class_req
                0x00000000000050d0       0x7e ./mss_usb/mss_usb_host_msc.o
 *fill*         0x000000000000514e        0x2 
 .text.MSS_USBH_MSC_construct_cbw_cb6byte
                0x0000000000005150       0x74 ./mss_usb/mss_usb_host_msc.o
                0x0000000000005150                MSS_USBH_MSC_construct_cbw_cb6byte
 .text.MSS_USBH_MSC_construct_cbw_cb10byte
                0x00000000000051c4       0xd4 ./mss_usb/mss_usb_host_msc.o
                0x00000000000051c4                MSS_USBH_MSC_construct_cbw_cb10byte
 .text.MSS_USBH_MSC_get_state
                0x0000000000005298       0x14 ./mss_usb/mss_usb_host_msc.o
                0x0000000000005298                MSS_USBH_MSC_get_state
 .text.MSS_USBH_MSC_scsi_req
                0x00000000000052ac       0x3c ./mss_usb/mss_usb_host_msc.o
                0x00000000000052ac                MSS_USBH_MSC_scsi_req
 .text.MSS_USBH_MSC_is_scsi_req_complete
                0x00000000000052e8       0x14 ./mss_usb/mss_usb_host_msc.o
                0x00000000000052e8                MSS_USBH_MSC_is_scsi_req_complete
 .text.MSS_USBH_MSC_get_sector_count
                0x00000000000052fc       0x2c ./mss_usb/mss_usb_host_msc.o
                0x00000000000052fc                MSS_USBH_MSC_get_sector_count
 .text.MSS_USBH_MSC_get_sector_size
                0x0000000000005328       0x2c ./mss_usb/mss_usb_host_msc.o
                0x0000000000005328                MSS_USBH_MSC_get_sector_size
 .text.MSS_USBH_MSC_read
                0x0000000000005354       0x44 ./mss_usb/mss_usb_host_msc.o
                0x0000000000005354                MSS_USBH_MSC_read
 .text.MSS_USBH_MSC_write
                0x0000000000005398       0x44 ./mss_usb/mss_usb_host_msc.o
                0x0000000000005398                MSS_USBH_MSC_write
 .text.usbh_msc_allocate_cb
                0x00000000000053dc       0x2c ./mss_usb/mss_usb_host_msc.o
 .text.usbh_msc_release_cb
                0x0000000000005408       0xcc ./mss_usb/mss_usb_host_msc.o
 .text.usbh_msc_cep_done_cb
                0x00000000000054d4       0x34 ./mss_usb/mss_usb_host_msc.o
 .text.usbh_msc_dataout_done_cb
                0x0000000000005508       0x28 ./mss_usb/mss_usb_host_msc.o
 .text.usbh_msc_datain_done_cb
                0x0000000000005530       0x28 ./mss_usb/mss_usb_host_msc.o
 .text.MSS_USBH_MSC_validate_class_desc
                0x0000000000005558       0x14 ./mss_usb/mss_usb_host_msc.o
 .text.MSS_USBH_MSC_extract_tdev_ep_desc
                0x000000000000556c       0xf4 ./mss_usb/mss_usb_host_msc.o
 .text.MSS_USBH_MSC_bot_fsm
                0x0000000000005660      0x210 ./mss_usb/mss_usb_host_msc.o
 .text.NVIC_EnableIRQ
                0x0000000000005870       0x30 ./mss_sys_services/mss_comblk.o
 .text.NVIC_DisableIRQ
                0x00000000000058a0       0x34 ./mss_sys_services/mss_comblk.o
 .text.NVIC_ClearPendingIRQ
                0x00000000000058d4       0x34 ./mss_sys_services/mss_comblk.o
 .text.MSS_COMBLK_init
                0x0000000000005908       0xd8 ./mss_sys_services/mss_comblk.o
                0x0000000000005908                MSS_COMBLK_init
 .text.MSS_COMBLK_send_cmd
                0x00000000000059e0      0x130 ./mss_sys_services/mss_comblk.o
                0x00000000000059e0                MSS_COMBLK_send_cmd
 .text.MSS_COMBLK_send_paged_cmd
                0x0000000000005b10      0x130 ./mss_sys_services/mss_comblk.o
                0x0000000000005b10                MSS_COMBLK_send_paged_cmd
 .text.ComBlk_IRQHandler
                0x0000000000005c40       0x48 ./mss_sys_services/mss_comblk.o
                0x0000000000005c40                ComBlk_IRQHandler
 .text.handle_tx_okay_irq
                0x0000000000005c88      0x1b0 ./mss_sys_services/mss_comblk.o
 .text.handle_rx_okay_irq
                0x0000000000005e38      0x210 ./mss_sys_services/mss_comblk.o
 .text.complete_request
                0x0000000000006048       0x40 ./mss_sys_services/mss_comblk.o
 .text.abort_current_cmd
                0x0000000000006088       0x4c ./mss_sys_services/mss_comblk.o
 .text.send_cmd_opcode
                0x00000000000060d4       0x3c ./mss_sys_services/mss_comblk.o
 .text.fill_tx_fifo
                0x0000000000006110       0x60 ./mss_sys_services/mss_comblk.o
 .text.process_sys_ctrl_command
                0x0000000000006170       0x28 ./mss_sys_services/mss_comblk.o
 .text.MSS_SYS_init
                0x0000000000006198       0x50 ./mss_sys_services/mss_sys_services.o
                0x0000000000006198                MSS_SYS_init
 .text.asynchronous_event_handler
                0x00000000000061e8      0x104 ./mss_sys_services/mss_sys_services.o
 .text.isp_page_read_handler
                0x00000000000062ec       0xa0 ./mss_sys_services/mss_sys_services.o
 .text.isp_sys_completion_handler
                0x000000000000638c       0x4c ./mss_sys_services/mss_sys_services.o
 .text.MSS_SYS_start_isp
                0x00000000000063d8       0xd8 ./mss_sys_services/mss_sys_services.o
                0x00000000000063d8                MSS_SYS_start_isp
 .text.MSS_SYS_check_digest
                0x00000000000064b0       0xb0 ./mss_sys_services/mss_sys_services.o
                0x00000000000064b0                MSS_SYS_check_digest
 .text.request_completion_handler
                0x0000000000006560       0x2c ./mss_sys_services/mss_sys_services.o
 .text.signal_request_start
                0x000000000000658c       0x2c ./mss_sys_services/mss_sys_services.o
 .text.wait_for_request_completion
                0x00000000000065b8       0x28 ./mss_sys_services/mss_sys_services.o
 .text.NVIC_ClearPendingIRQ
                0x00000000000065e0       0x34 ./drivers/mss_uart/mss_uart.o
 .text.set_bit_reg8
                0x0000000000006614       0x3a ./drivers/mss_uart/mss_uart.o
 .text.clear_bit_reg8
                0x000000000000664e       0x3a ./drivers/mss_uart/mss_uart.o
 .text.read_bit_reg8
                0x0000000000006688       0x38 ./drivers/mss_uart/mss_uart.o
 .text.MSS_UART_init
                0x00000000000066c0       0x70 ./drivers/mss_uart/mss_uart.o
                0x00000000000066c0                MSS_UART_init
 .text.MSS_UART_polled_tx
                0x0000000000006730       0xc4 ./drivers/mss_uart/mss_uart.o
                0x0000000000006730                MSS_UART_polled_tx
 .text.MSS_UART_polled_tx_string
                0x00000000000067f4       0xb4 ./drivers/mss_uart/mss_uart.o
                0x00000000000067f4                MSS_UART_polled_tx_string
 .text.MSS_UART_get_rx
                0x00000000000068a8       0xbc ./drivers/mss_uart/mss_uart.o
                0x00000000000068a8                MSS_UART_get_rx
 .text.UART0_IRQHandler
                0x0000000000006964       0x24 ./drivers/mss_uart/mss_uart.o
                0x0000000000006964                UART0_IRQHandler
 .text.UART1_IRQHandler
                0x0000000000006988       0x24 ./drivers/mss_uart/mss_uart.o
                0x0000000000006988                UART1_IRQHandler
 .text.config_baud_divisors
                0x00000000000069ac      0x14c ./drivers/mss_uart/mss_uart.o
 .text.global_init
                0x0000000000006af8      0x1d8 ./drivers/mss_uart/mss_uart.o
 .text.MSS_UART_isr
                0x0000000000006cd0      0x208 ./drivers/mss_uart/mss_uart.o
 .text.default_tx_handler
                0x0000000000006ed8       0xe8 ./drivers/mss_uart/mss_uart.o
 .text.start_transfer
                0x0000000000006fc0      0x154 ./drivers/mss_hpdma/mss_hpdma.o
 .text.HPDMA_Complete_IRQHandler
                0x0000000000007114       0xf8 ./drivers/mss_hpdma/mss_hpdma.o
                0x0000000000007114                HPDMA_Complete_IRQHandler
 .text.HPDMA_Error_IRQHandler
                0x000000000000720c      0x104 ./drivers/mss_hpdma/mss_hpdma.o
                0x000000000000720c                HPDMA_Error_IRQHandler
 .text.NVIC_DisableIRQ
                0x0000000000007310       0x34 ./drivers/mss_gpio/mss_gpio.o
 .text.NVIC_ClearPendingIRQ
                0x0000000000007344       0x34 ./drivers/mss_gpio/mss_gpio.o
 .text.MSS_GPIO_init
                0x0000000000007378       0x78 ./drivers/mss_gpio/mss_gpio.o
                0x0000000000007378                MSS_GPIO_init
 .text.MSS_GPIO_config
                0x00000000000073f0       0x38 ./drivers/mss_gpio/mss_gpio.o
                0x00000000000073f0                MSS_GPIO_config
 .text.MSS_GPIO_set_output
                0x0000000000007428       0x64 ./drivers/mss_gpio/mss_gpio.o
                0x0000000000007428                MSS_GPIO_set_output
 .text.disk_initialize
                0x000000000000748c       0x16 ./FatFs/src/diskio.o
                0x000000000000748c                disk_initialize
 .text.disk_status
                0x00000000000074a2       0x16 ./FatFs/src/diskio.o
                0x00000000000074a2                disk_status
 .text.disk_read
                0x00000000000074b8       0x5c ./FatFs/src/diskio.o
                0x00000000000074b8                disk_read
 .text.disk_write
                0x0000000000007514       0x5c ./FatFs/src/diskio.o
                0x0000000000007514                disk_write
 .text.disk_ioctl
                0x0000000000007570       0xd0 ./FatFs/src/diskio.o
                0x0000000000007570                disk_ioctl
 .text.mem_cpy  0x0000000000007640       0x3c ./FatFs/src/ff.o
 .text.mem_set  0x000000000000767c       0x34 ./FatFs/src/ff.o
 .text.mem_cmp  0x00000000000076b0       0x4c ./FatFs/src/ff.o
 .text.chk_chr  0x00000000000076fc       0x3a ./FatFs/src/ff.o
 .text.sync_window
                0x0000000000007736       0x8c ./FatFs/src/ff.o
 .text.move_window
                0x00000000000077c2       0x50 ./FatFs/src/ff.o
 .text.sync_fs  0x0000000000007812      0x140 ./FatFs/src/ff.o
 .text.clust2sect
                0x0000000000007952       0x3c ./FatFs/src/ff.o
                0x0000000000007952                clust2sect
 .text.get_fat  0x000000000000798e      0x168 ./FatFs/src/ff.o
                0x000000000000798e                get_fat
 .text.put_fat  0x0000000000007af6      0x20e ./FatFs/src/ff.o
                0x0000000000007af6                put_fat
 .text.remove_chain
                0x0000000000007d04       0x9e ./FatFs/src/ff.o
 .text.create_chain
                0x0000000000007da2      0x112 ./FatFs/src/ff.o
 .text.dir_sdi  0x0000000000007eb4      0x104 ./FatFs/src/ff.o
 .text.dir_next
                0x0000000000007fb8      0x1a4 ./FatFs/src/ff.o
 .text.dir_alloc
                0x000000000000815c       0x8c ./FatFs/src/ff.o
 .text.ld_clust
                0x00000000000081e8       0x58 ./FatFs/src/ff.o
 .text.st_clust
                0x0000000000008240       0x4c ./FatFs/src/ff.o
 .text.dir_find
                0x000000000000828c       0x96 ./FatFs/src/ff.o
 .text.dir_read
                0x0000000000008322       0xb0 ./FatFs/src/ff.o
 .text.dir_register
                0x00000000000083d2       0x64 ./FatFs/src/ff.o
 *fill*         0x0000000000008436        0x2 
 .text.create_name
                0x0000000000008438      0x238 ./FatFs/src/ff.o
 .text.get_fileinfo
                0x0000000000008670      0x120 ./FatFs/src/ff.o
 .text.follow_path
                0x0000000000008790       0xdc ./FatFs/src/ff.o
 .text.check_fs
                0x000000000000886c       0xcc ./FatFs/src/ff.o
 .text.chk_mounted
                0x0000000000008938      0x554 ./FatFs/src/ff.o
 .text.validate
                0x0000000000008e8c       0x66 ./FatFs/src/ff.o
 *fill*         0x0000000000008ef2        0x2 
 .text.f_mount  0x0000000000008ef4       0x54 ./FatFs/src/ff.o
                0x0000000000008ef4                f_mount
 .text.f_open   0x0000000000008f48      0x278 ./FatFs/src/ff.o
                0x0000000000008f48                f_open
 .text.f_read   0x00000000000091c0      0x250 ./FatFs/src/ff.o
                0x00000000000091c0                f_read
 .text.f_sync   0x0000000000009410      0x112 ./FatFs/src/ff.o
                0x0000000000009410                f_sync
 .text.f_close  0x0000000000009522       0x28 ./FatFs/src/ff.o
                0x0000000000009522                f_close
 .text.f_lseek  0x000000000000954a      0x22a ./FatFs/src/ff.o
                0x000000000000954a                f_lseek
 .text.f_opendir
                0x0000000000009774       0xbe ./FatFs/src/ff.o
                0x0000000000009774                f_opendir
 .text.f_readdir
                0x0000000000009832       0x86 ./FatFs/src/ff.o
                0x0000000000009832                f_readdir
 .text.get_fattime
                0x00000000000098b8       0x10 ./FatFs/src/ff.o
                0x00000000000098b8                get_fattime
 .text.SystemInit
                0x00000000000098c8       0x20 ./CMSIS/system_m2sxxx.o
                0x00000000000098c8                SystemInit
 .text.SystemCoreClockUpdate
                0x00000000000098e8       0xfc ./CMSIS/system_m2sxxx.o
                0x00000000000098e8                SystemCoreClockUpdate
 .text.get_rcosc_25_50mhz_frequency
                0x00000000000099e4       0x3c ./CMSIS/system_m2sxxx.o
 .text.set_clock_frequency_globals
                0x0000000000009a20       0x5c ./CMSIS/system_m2sxxx.o
 .text.get_silicon_revision
                0x0000000000009a7c       0x48 ./CMSIS/system_m2sxxx.o
 .text.silicon_workarounds
                0x0000000000009ac4       0x22 ./CMSIS/system_m2sxxx.o
 *fill*         0x0000000000009ae6        0x2 
 .text.m2s050_rev_a_workarounds
                0x0000000000009ae8       0x30 ./CMSIS/system_m2sxxx.o
 .text.NVIC_EnableIRQ
                0x0000000000009b18       0x30 ./main.o
 .text.NVIC_SetPriority
                0x0000000000009b48       0x54 ./main.o
 .text.SysTick_Config
                0x0000000000009b9c       0x44 ./main.o
 .text.hex_to_char
                0x0000000000009be0       0x34 ./main.o
                0x0000000000009be0                hex_to_char
 .text.display_hex_byte
                0x0000000000009c14       0x58 ./main.o
                0x0000000000009c14                display_hex_byte
 .text.main     0x0000000000009c6c      0x418 ./main.o
                0x0000000000009c6c                main
 .text.SysTick_Handler
                0x000000000000a084       0x14 ./main.o
                0x000000000000a084                SysTick_Handler
 .text.scan_root_dir
                0x000000000000a098      0x124 ./main.o
                0x000000000000a098                scan_root_dir
 .text.USB_DEV_attached
                0x000000000000a1bc       0x60 ./main.o
                0x000000000000a1bc                USB_DEV_attached
 .text.USB_DEV_dettached
                0x000000000000a21c       0x1c ./main.o
                0x000000000000a21c                USB_DEV_dettached
 .text.USB_DEV_oc_error
                0x000000000000a238       0x1c ./main.o
                0x000000000000a238                USB_DEV_oc_error
 .text.USB_DEV_enumerated
                0x000000000000a254       0x28 ./main.o
                0x000000000000a254                USB_DEV_enumerated
 .text.USB_DEV_class_driver_assigned
                0x000000000000a27c       0x1c ./main.o
                0x000000000000a27c                USB_DEV_class_driver_assigned
 .text.USB_DEV_not_supported
                0x000000000000a298       0xd8 ./main.o
                0x000000000000a298                USB_DEV_not_supported
 .text.USB_DEV_permanent_erro
                0x000000000000a370        0xc ./main.o
                0x000000000000a370                USB_DEV_permanent_erro
 .text.MSC_DEV_valid_config
                0x000000000000a37c       0x1c ./main.o
                0x000000000000a37c                MSC_DEV_valid_config
 .text.MSC_DEV_ready
                0x000000000000a398       0x24 ./main.o
                0x000000000000a398                MSC_DEV_ready
 .text.MSC_DEV_driver_released
                0x000000000000a3bc       0x24 ./main.o
                0x000000000000a3bc                MSC_DEV_driver_released
 .text.MSC_DEV_error
                0x000000000000a3e0       0x24 ./main.o
                0x000000000000a3e0                MSC_DEV_error
 .text.isp_operations_menu
                0x000000000000a404       0x44 ./main.o
 .text.select_file_menu
                0x000000000000a448       0x1c ./main.o
 .text.isp_completion_handler
                0x000000000000a464       0x28 ./main.o
                0x000000000000a464                isp_completion_handler
 .text.read_page_from_USB
                0x000000000000a48c       0x70 ./main.o
 .text.page_read_handler
                0x000000000000a4fc       0x28 ./main.o
                0x000000000000a4fc                page_read_handler
 .text.press_any_key
                0x000000000000a524       0x40 ./main.o
                0x000000000000a524                press_any_key
 .text.__libc_init_array
                0x000000000000a564       0x48 d:/microchip/softconsole-v2021.1/arm-none-eabi-gcc/bin/../lib/gcc/arm-none-eabi/9.2.1/../../../../arm-none-eabi/lib/thumb/v7-m/nofp\libg_nano.a(lib_a-init.o)
                0x000000000000a564                __libc_init_array
 .text.memset   0x000000000000a5ac       0x10 d:/microchip/softconsole-v2021.1/arm-none-eabi-gcc/bin/../lib/gcc/arm-none-eabi/9.2.1/../../../../arm-none-eabi/lib/thumb/v7-m/nofp\libg_nano.a(lib_a-memset.o)
                0x000000000000a5ac                memset
 .text.strncpy  0x000000000000a5bc       0x26 d:/microchip/softconsole-v2021.1/arm-none-eabi-gcc/bin/../lib/gcc/arm-none-eabi/9.2.1/../../../../arm-none-eabi/lib/thumb/v7-m/nofp\libg_nano.a(lib_a-strncpy.o)
                0x000000000000a5bc                strncpy
 .text.strstr   0x000000000000a5e2       0x2e d:/microchip/softconsole-v2021.1/arm-none-eabi-gcc/bin/../lib/gcc/arm-none-eabi/9.2.1/../../../../arm-none-eabi/lib/thumb/v7-m/nofp\libg_nano.a(lib_a-strstr.o)
                0x000000000000a5e2                strstr
 *(.plt)
 *(.gnu.warning)
 *(.glue_7t)
 .glue_7t       0x000000000000a610        0x0 linker stubs
 *(.glue_7)
 .glue_7        0x000000000000a610        0x0 linker stubs
 *(.vfp11_veneer)
 .vfp11_veneer  0x000000000000a610        0x0 linker stubs
                0x000000000000a610                . = ALIGN (0x4)
 *crtbegin.o(.ctors)
 *(EXCLUDE_FILE(*crtend.o) .ctors)
 *(SORT_BY_NAME(.ctors.*))
 *crtend.o(.ctors)
 *crtbegin.o(.dtors)
 *(EXCLUDE_FILE(*crtend.o) .dtors)
 *(SORT_BY_NAME(.dtors.*))
 *crtend.o(.dtors)
 *(.rodata .rodata.* .gnu.linkonce.r.*)
 .rodata        0x000000000000a610       0x27 ./mss_usb/mss_usb_host_msc.o
 *fill*         0x000000000000a637        0x1 
 .rodata.g_config_reg_lut
                0x000000000000a638       0x80 ./drivers/mss_gpio/mss_gpio.o
 .rodata.g_gpio_irqn_lut
                0x000000000000a6b8       0x20 ./drivers/mss_gpio/mss_gpio.o
 .rodata        0x000000000000a6d8        0xf ./FatFs/src/ff.o
 *fill*         0x000000000000a6e7        0x1 
 .rodata        0x000000000000a6e8        0x8 ./CMSIS/system_m2sxxx.o
 .rodata        0x000000000000a6f0      0x55b ./main.o
 *(.ARM.extab* .gnu.linkonce.armextab.*)
 *(.gcc_except_table)
 *(.eh_frame_hdr)
 *(.eh_frame)
 *fill*         0x000000000000ac4b        0x1 
 .eh_frame      0x000000000000ac4c        0x0 d:/microchip/softconsole-v2021.1/arm-none-eabi-gcc/bin/../lib/gcc/arm-none-eabi/9.2.1/thumb/v7-m/nofp/crtbegin.o
 *(.vector_table)
 *(.init)
 .init          0x000000000000ac4c        0x4 d:/microchip/softconsole-v2021.1/arm-none-eabi-gcc/bin/../lib/gcc/arm-none-eabi/9.2.1/thumb/v7-m/nofp/crti.o
                0x000000000000ac4c                _init
 .init          0x000000000000ac50        0x8 d:/microchip/softconsole-v2021.1/arm-none-eabi-gcc/bin/../lib/gcc/arm-none-eabi/9.2.1/thumb/v7-m/nofp/crtn.o
 *(.fini)
 .fini          0x000000000000ac58        0x4 d:/microchip/softconsole-v2021.1/arm-none-eabi-gcc/bin/../lib/gcc/arm-none-eabi/9.2.1/thumb/v7-m/nofp/crti.o
                0x000000000000ac58                _fini
 .fini          0x000000000000ac5c        0x8 d:/microchip/softconsole-v2021.1/arm-none-eabi-gcc/bin/../lib/gcc/arm-none-eabi/9.2.1/thumb/v7-m/nofp/crtn.o
                0x000000000000ac64                PROVIDE (__preinit_array_start = .)
 *(.preinit_array)
                0x000000000000ac64                PROVIDE (__preinit_array_end = .)
                0x000000000000ac64                PROVIDE (__init_array_start = .)
 *(SORT_BY_NAME(.init_array.*))
 *(.init_array)
 .init_array    0x000000000000ac64        0x4 d:/microchip/softconsole-v2021.1/arm-none-eabi-gcc/bin/../lib/gcc/arm-none-eabi/9.2.1/thumb/v7-m/nofp/crtbegin.o
                0x000000000000ac68                PROVIDE (__init_array_end = .)
                [!provide]                        PROVIDE (__fini_array_start = .)
 *(.fini_array)
 .fini_array    0x000000000000ac68        0x4 d:/microchip/softconsole-v2021.1/arm-none-eabi-gcc/bin/../lib/gcc/arm-none-eabi/9.2.1/thumb/v7-m/nofp/crtbegin.o
 *(SORT_BY_NAME(.fini_array.*))
                [!provide]                        PROVIDE (__fini_array_end = .)
                0x000000000000ac70                . = ALIGN (0x10)
 *fill*         0x000000000000ac6c        0x4 
                0x000000000000ac70                __exidx_start = .

.v4_bx          0x000000000000ac70        0x0
 .v4_bx         0x000000000000ac70        0x0 linker stubs

.iplt           0x000000000000ac70        0x0
 .iplt          0x000000000000ac70        0x0 d:/microchip/softconsole-v2021.1/arm-none-eabi-gcc/bin/../lib/gcc/arm-none-eabi/9.2.1/thumb/v7-m/nofp/crtbegin.o

.rel.dyn        0x000000000000ac70        0x0
 .rel.iplt      0x000000000000ac70        0x0 d:/microchip/softconsole-v2021.1/arm-none-eabi-gcc/bin/../lib/gcc/arm-none-eabi/9.2.1/thumb/v7-m/nofp/crtbegin.o

.ARM.exidx
 *(.ARM.exidx* .gnu.linkonce.armexidx.*)
                0x000000000000ac70                __exidx_end = .
                0x000000000000ac70                _etext = .

.data           0x000000000000ac70       0xa0
                0x000000000000ac70                __data_load = LOADADDR (.data)
                0x000000000000ac70                _sidata = LOADADDR (.data)
                0x000000000000ac70                __data_start = .
                0x000000000000ac70                _sdata = .
 *(.jcr)
 *(.got.plt)
 *(.got)
 *(.shdata)
 *(.data .data.* .gnu.linkonce.d.*)
 .data.g_cep_xfr_result
                0x000000000000ac70        0x1 ./mss_usb/mss_usb_host.o
 *fill*         0x000000000000ac71        0x3 
 .data.g_mss_usb_host_cb
                0x000000000000ac74       0x24 ./mss_usb/mss_usb_host.o
                0x000000000000ac74                g_mss_usb_host_cb
 .data.msd_class
                0x000000000000ac98       0x1c ./mss_usb/mss_usb_host_msc.o
                0x000000000000ac98                msd_class
 .data.g_initial_envm_cr
                0x000000000000acb4        0x4 ./mss_sys_services/mss_sys_services.o
 .data.wait_for_clock_switch
                0x000000000000acb8        0x1 ./mss_sys_services/mss_sys_services.o
 *fill*         0x000000000000acb9        0x3 
 .data.SystemCoreClock
                0x000000000000acbc        0x4 ./CMSIS/system_m2sxxx.o
                0x000000000000acbc                SystemCoreClock
 .data.g_FrequencyPCLK0
                0x000000000000acc0        0x4 ./CMSIS/system_m2sxxx.o
                0x000000000000acc0                g_FrequencyPCLK0
 .data.g_FrequencyPCLK1
                0x000000000000acc4        0x4 ./CMSIS/system_m2sxxx.o
                0x000000000000acc4                g_FrequencyPCLK1
 .data.g_FrequencyPCLK2
                0x000000000000acc8        0x4 ./CMSIS/system_m2sxxx.o
                0x000000000000acc8                g_FrequencyPCLK2
 .data.g_FrequencyFIC0
                0x000000000000accc        0x4 ./CMSIS/system_m2sxxx.o
                0x000000000000accc                g_FrequencyFIC0
 .data.g_FrequencyFIC1
                0x000000000000acd0        0x4 ./CMSIS/system_m2sxxx.o
                0x000000000000acd0                g_FrequencyFIC1
 .data.g_FrequencyFIC64
                0x000000000000acd4        0x4 ./CMSIS/system_m2sxxx.o
                0x000000000000acd4                g_FrequencyFIC64
 .data.path     0x000000000000acd8        0x3 ./main.o
                0x000000000000acd8                path
 *fill*         0x000000000000acdb        0x1 
 .data.g_error_flag
                0x000000000000acdc        0x4 ./main.o
 .data.g_isp_operation_busy
                0x000000000000ace0        0x1 ./main.o
                0x000000000000ace0                g_isp_operation_busy
 *fill*         0x000000000000ace1        0x3 
 .data.MSS_USBH_user_cb
                0x000000000000ace4       0x1c ./main.o
                0x000000000000ace4                MSS_USBH_user_cb
 .data.MSS_USBH_MSC_user_cb
                0x000000000000ad00       0x10 ./main.o
                0x000000000000ad00                MSS_USBH_MSC_user_cb
                0x000000000000ad10                . = ALIGN (0x10)
                0x000000000000ad10                _edata = .

.igot.plt       0x000000000000ad10        0x0
 .igot.plt      0x000000000000ad10        0x0 d:/microchip/softconsole-v2021.1/arm-none-eabi-gcc/bin/../lib/gcc/arm-none-eabi/9.2.1/thumb/v7-m/nofp/crtbegin.o

.bss            0x000000000000ad10      0xb60
                0x000000000000ad10                __bss_start__ = .
                0x000000000000ad10                _sbss = .
 *(.shbss)
 *(.bss .bss.* .gnu.linkonce.b.*)
 .bss.completed.8911
                0x000000000000ad10        0x1 d:/microchip/softconsole-v2021.1/arm-none-eabi-gcc/bin/../lib/gcc/arm-none-eabi/9.2.1/thumb/v7-m/nofp/crtbegin.o
 *fill*         0x000000000000ad11        0x3 
 .bss.object.8916
                0x000000000000ad14       0x18 d:/microchip/softconsole-v2021.1/arm-none-eabi-gcc/bin/../lib/gcc/arm-none-eabi/9.2.1/thumb/v7-m/nofp/crtbegin.o
 .bss.gh_tdev_connect_event
                0x000000000000ad2c        0x1 ./mss_usb/mss_usb_host.o
                0x000000000000ad2c                gh_tdev_connect_event
 .bss.gh_tdev_discon_event
                0x000000000000ad2d        0x1 ./mss_usb/mss_usb_host.o
                0x000000000000ad2d                gh_tdev_discon_event
 .bss.gh_cep_cb_event
                0x000000000000ad2e        0x1 ./mss_usb/mss_usb_host.o
                0x000000000000ad2e                gh_cep_cb_event
 .bss.tdev_idx  0x000000000000ad2f        0x1 ./mss_usb/mss_usb_host.o
                0x000000000000ad2f                tdev_idx
 .bss.g_tdev    0x000000000000ad30        0xc ./mss_usb/mss_usb_host.o
 .bss.g_tdev_error_code
                0x000000000000ad3c        0x1 ./mss_usb/mss_usb_host.o
                0x000000000000ad3c                g_tdev_error_code
 *fill*         0x000000000000ad3d        0x3 
 .bss.g_tdev_desc
                0x000000000000ad40       0x2a ./mss_usb/mss_usb_host.o
 *fill*         0x000000000000ad6a        0x2 
 .bss.ms        0x000000000000ad6c        0x4 ./mss_usb/mss_usb_host.o
                0x000000000000ad6c                ms
 .bss.g_host_state
                0x000000000000ad70        0x1 ./mss_usb/mss_usb_host.o
 .bss.g_enum_state
                0x000000000000ad71        0x1 ./mss_usb/mss_usb_host.o
 *fill*         0x000000000000ad72        0x2 
 .bss.g_rcd     0x000000000000ad74        0x8 ./mss_usb/mss_usb_host.o
 .bss.g_user_cb
                0x000000000000ad7c        0x4 ./mss_usb/mss_usb_host.o
 .bss.g_internal_cep_xfr
                0x000000000000ad80        0x1 ./mss_usb/mss_usb_host.o
 *fill*         0x000000000000ad81        0x3 
 .bss.x.8161    0x000000000000ad84        0x4 ./mss_usb/mss_usb_host.o
 .bss.reset_milis.8195
                0x000000000000ad88        0x4 ./mss_usb/mss_usb_host.o
 .bss.reset_milis.8210
                0x000000000000ad8c        0x4 ./mss_usb/mss_usb_host.o
 .bss.g_scsi_command
                0x000000000000ad90       0x14 ./mss_usb/mss_usb_host_msc.o
 .bss.g_usbh_msc_alloc_event
                0x000000000000ada4        0x1 ./mss_usb/mss_usb_host_msc.o
 .bss.g_usbh_msc_cep_event
                0x000000000000ada5        0x1 ./mss_usb/mss_usb_host_msc.o
 .bss.g_usbh_msc_dataout_event
                0x000000000000ada6        0x1 ./mss_usb/mss_usb_host_msc.o
 .bss.g_usbh_msc_datain_event
                0x000000000000ada7        0x1 ./mss_usb/mss_usb_host_msc.o
 .bss.g_bot_cbw
                0x000000000000ada8       0x20 ./mss_usb/mss_usb_host_msc.o
 .bss.g_bot_inquiry
                0x000000000000adc8       0x24 ./mss_usb/mss_usb_host_msc.o
 .bss.g_bot_readcap
                0x000000000000adec        0x8 ./mss_usb/mss_usb_host_msc.o
 .bss.g_bot_csw
                0x000000000000adf4        0xd ./mss_usb/mss_usb_host_msc.o
 .bss.g_msc_bot_state
                0x000000000000ae01        0x1 ./mss_usb/mss_usb_host_msc.o
 .bss.g_msd_tdev_addr
                0x000000000000ae02        0x1 ./mss_usb/mss_usb_host_msc.o
 .bss.msd_tdev_state
                0x000000000000ae03        0x1 ./mss_usb/mss_usb_host_msc.o
 .bss.g_msd_conf_desc
                0x000000000000ae04       0x20 ./mss_usb/mss_usb_host_msc.o
 .bss.g_tdev_max_lun_idx
                0x000000000000ae24        0x4 ./mss_usb/mss_usb_host_msc.o
 .bss.g_tdev_in_ep
                0x000000000000ae28        0x4 ./mss_usb/mss_usb_host_msc.o
 .bss.g_tdev_out_ep
                0x000000000000ae2c        0x4 ./mss_usb/mss_usb_host_msc.o
 .bss.g_msc_state
                0x000000000000ae30        0x1 ./mss_usb/mss_usb_host_msc.o
 .bss.g_msch_error_code
                0x000000000000ae31        0x1 ./mss_usb/mss_usb_host_msc.o
 *fill*         0x000000000000ae32        0x2 
 .bss.g_msch_user_cb
                0x000000000000ae34        0x4 ./mss_usb/mss_usb_host_msc.o
 .bss.wait_mili.7878
                0x000000000000ae38        0x4 ./mss_usb/mss_usb_host_msc.o
 .bss.reqsense_buf.7904
                0x000000000000ae3c       0x12 ./mss_usb/mss_usb_host_msc.o
 .bss.error.7914
                0x000000000000ae4e        0x1 ./mss_usb/mss_usb_host_msc.o
 .bss.g_comblk_cmd_opcode
                0x000000000000ae4f        0x1 ./mss_sys_services/mss_comblk.o
 .bss.g_comblk_p_cmd
                0x000000000000ae50        0x4 ./mss_sys_services/mss_comblk.o
 .bss.g_comblk_cmd_size
                0x000000000000ae54        0x2 ./mss_sys_services/mss_comblk.o
 *fill*         0x000000000000ae56        0x2 
 .bss.g_comblk_p_data
                0x000000000000ae58        0x4 ./mss_sys_services/mss_comblk.o
 .bss.g_comblk_data_size
                0x000000000000ae5c        0x4 ./mss_sys_services/mss_comblk.o
 .bss.g_comblk_p_response
                0x000000000000ae60        0x4 ./mss_sys_services/mss_comblk.o
 .bss.g_comblk_response_size
                0x000000000000ae64        0x2 ./mss_sys_services/mss_comblk.o
 .bss.g_comblk_response_idx
                0x000000000000ae66        0x2 ./mss_sys_services/mss_comblk.o
 .bss.g_comblk_completion_handler
                0x000000000000ae68        0x4 ./mss_sys_services/mss_comblk.o
 .bss.g_comblk_page_handler
                0x000000000000ae6c        0x4 ./mss_sys_services/mss_comblk.o
 .bss.g_request_in_progress
                0x000000000000ae70        0x1 ./mss_sys_services/mss_comblk.o
 .bss.g_comblk_state
                0x000000000000ae71        0x1 ./mss_sys_services/mss_comblk.o
 *fill*         0x000000000000ae72        0x2 
 .bss.g_async_event_handler
                0x000000000000ae74        0x4 ./mss_sys_services/mss_comblk.o
 .bss.g_request_in_progress
                0x000000000000ae78        0x1 ./mss_sys_services/mss_sys_services.o
 *fill*         0x000000000000ae79        0x1 
 .bss.g_last_response_length
                0x000000000000ae7a        0x2 ./mss_sys_services/mss_sys_services.o
 .bss.g_event_handler
                0x000000000000ae7c        0x4 ./mss_sys_services/mss_sys_services.o
 .bss.g_response
                0x000000000000ae80        0x2 ./mss_sys_services/mss_sys_services.o
 *fill*         0x000000000000ae82        0x2 
 .bss.g_initial_mssddr_facc1_cr
                0x000000000000ae84        0x4 ./mss_sys_services/mss_sys_services.o
 .bss.g_isp_response
                0x000000000000ae88        0x2 ./mss_sys_services/mss_sys_services.o
 *fill*         0x000000000000ae8a        0x2 
 .bss.g_isp_completion_handler
                0x000000000000ae8c        0x4 ./mss_sys_services/mss_sys_services.o
                0x000000000000ae8c                g_isp_completion_handler
 .bss.g_isp_page_read_handler
                0x000000000000ae90        0x4 ./mss_sys_services/mss_sys_services.o
                0x000000000000ae90                g_isp_page_read_handler
 .bss.g_initial_mssddr_facc2_cr
                0x000000000000ae94        0x4 ./mss_sys_services/mss_sys_services.o
 .bss.g_mode    0x000000000000ae98        0x1 ./mss_sys_services/mss_sys_services.o
 *fill*         0x000000000000ae99        0x3 
 .bss.g_transfer
                0x000000000000ae9c       0x18 ./drivers/mss_hpdma/mss_hpdma.o
 .bss.g_hpdma_end_desc
                0x000000000000aeb4        0x4 ./drivers/mss_hpdma/mss_hpdma.o
 .bss.g_hpdma_current_desc
                0x000000000000aeb8        0x4 ./drivers/mss_hpdma/mss_hpdma.o
 .bss.FatFs     0x000000000000aebc        0x4 ./FatFs/src/ff.o
 .bss.Fsid      0x000000000000aec0        0x2 ./FatFs/src/ff.o
 *fill*         0x000000000000aec2        0x2 
 .bss.file_name
                0x000000000000aec4      0x208 ./main.o
                0x000000000000aec4                file_name
 .bss.file_attrib
                0x000000000000b0cc        0xa ./main.o
                0x000000000000b0cc                file_attrib
 *fill*         0x000000000000b0d6        0x2 
 .bss.g_src_image_target_address
                0x000000000000b0d8        0x4 ./main.o
 .bss.g_index   0x000000000000b0dc        0x4 ./main.o
                0x000000000000b0dc                g_index
 .bss.g_msc_driver_ready
                0x000000000000b0e0        0x1 ./main.o
                0x000000000000b0e0                g_msc_driver_ready
 .bss.g_msc_driver_released
                0x000000000000b0e1        0x1 ./main.o
                0x000000000000b0e1                g_msc_driver_released
 *(COMMON)
 *fill*         0x000000000000b0e2        0x2 
 COMMON         0x000000000000b0e4      0x2a8 ./mss_usb/mss_usb_host.o
                0x000000000000b0e4                gh_tx_ep
                0x000000000000b238                gh_rx_ep
 COMMON         0x000000000000b38c       0x80 ./drivers/mss_uart/mss_uart.o
                0x000000000000b38c                g_mss_uart1
                0x000000000000b3cc                g_mss_uart0
 COMMON         0x000000000000b40c      0x459 ./main.o
                0x000000000000b40c                fs
                0x000000000000b640                fsrc
                0x000000000000b664                g_page_buffer
                0x000000000000b864                res
                0x000000000000b870                . = ALIGN (0x10)
 *fill*         0x000000000000b865        0xb 
                0x000000000000b870                __bss_end__ = .
                0x000000000000b870                _end = .
                0x000000000000b870                __end = _end
                0x000000000000b870                _ebss = .
                [!provide]                        PROVIDE (end = .)

.heap           0x000000000000b870     0x1790
                0x000000000000b870                __heap_start__ = .
                0x000000000000b870                . = (. + MIN_SIZE_HEAP)
                0x000000000000d000                . = (. + (((ABSOLUTE (RAM_START_ADDRESS) + RAM_SIZE) - MAIN_STACK_SIZE) - .))
 *fill*         0x000000000000b870     0x1790 
                0x000000000000d000                _eheap = .

.stack          0x000000000000d000     0x2000
                0x000000000000d000                __stack_start__ = .
                0x000000000000f000                . = (. + MAIN_STACK_SIZE)
 *fill*         0x000000000000d000     0x2000 
                0x000000000000f000                _estack = .

.stab
 *(.stab)

.stabstr
 *(.stabstr)

.debug
 *(.debug)

.line
 *(.line)

.debug_srcinfo
 *(.debug_srcinfo)

.debug_sfnames
 *(.debug_sfnames)

.debug_aranges  0x0000000000000000      0xf28
 *(.debug_aranges)
 .debug_aranges
                0x0000000000000000      0x258 ./mss_usb/mss_usb_common_cif.o
 .debug_aranges
                0x0000000000000258      0x208 ./mss_usb/mss_usb_host.o
 .debug_aranges
                0x0000000000000460      0x250 ./mss_usb/mss_usb_host_cif.o
 .debug_aranges
                0x00000000000006b0       0xc0 ./mss_usb/mss_usb_host_msc.o
 .debug_aranges
                0x0000000000000770       0x90 ./mss_sys_services/mss_comblk.o
 .debug_aranges
                0x0000000000000800      0x1a8 ./mss_sys_services/mss_sys_services.o
 .debug_aranges
                0x00000000000009a8      0x1d0 ./drivers/mss_uart/mss_uart.o
 .debug_aranges
                0x0000000000000b78       0x80 ./drivers/mss_hpdma/mss_hpdma.o
 .debug_aranges
                0x0000000000000bf8       0x68 ./drivers/mss_gpio/mss_gpio.o
 .debug_aranges
                0x0000000000000c60       0x40 ./FatFs/src/diskio.o
 .debug_aranges
                0x0000000000000ca0      0x138 ./FatFs/src/ff.o
 .debug_aranges
                0x0000000000000dd8       0x20 ./CMSIS/startup_gcc/startup_m2sxxx.o
 .debug_aranges
                0x0000000000000df8       0x50 ./CMSIS/system_m2sxxx.o
 .debug_aranges
                0x0000000000000e48       0xe0 ./main.o

.debug_pubnames
 *(.debug_pubnames)

.debug_info     0x0000000000000000    0x12bd6
 *(.debug_info .gnu.linkonce.wi.*)
 .debug_info    0x0000000000000000     0x1afe ./mss_usb/mss_usb_common_cif.o
 .debug_info    0x0000000000001afe     0x2a79 ./mss_usb/mss_usb_host.o
 .debug_info    0x0000000000004577     0x1c08 ./mss_usb/mss_usb_host_cif.o
 .debug_info    0x000000000000617f     0x155b ./mss_usb/mss_usb_host_msc.o
 .debug_info    0x00000000000076da      0xb42 ./mss_sys_services/mss_comblk.o
 .debug_info    0x000000000000821c     0x25b3 ./mss_sys_services/mss_sys_services.o
 .debug_info    0x000000000000a7cf     0x1ea4 ./drivers/mss_uart/mss_uart.o
 .debug_info    0x000000000000c673     0x122d ./drivers/mss_hpdma/mss_hpdma.o
 .debug_info    0x000000000000d8a0     0x10d8 ./drivers/mss_gpio/mss_gpio.o
 .debug_info    0x000000000000e978      0x355 ./FatFs/src/diskio.o
 .debug_info    0x000000000000eccd     0x1367 ./FatFs/src/ff.o
 .debug_info    0x0000000000010034       0x26 ./CMSIS/startup_gcc/startup_m2sxxx.o
 .debug_info    0x000000000001005a      0xb5d ./CMSIS/system_m2sxxx.o
 .debug_info    0x0000000000010bb7     0x201f ./main.o

.debug_abbrev   0x0000000000000000     0x249d
 *(.debug_abbrev)
 .debug_abbrev  0x0000000000000000      0x33b ./mss_usb/mss_usb_common_cif.o
 .debug_abbrev  0x000000000000033b      0x43b ./mss_usb/mss_usb_host.o
 .debug_abbrev  0x0000000000000776      0x37c ./mss_usb/mss_usb_host_cif.o
 .debug_abbrev  0x0000000000000af2      0x3ae ./mss_usb/mss_usb_host_msc.o
 .debug_abbrev  0x0000000000000ea0      0x221 ./mss_sys_services/mss_comblk.o
 .debug_abbrev  0x00000000000010c1      0x324 ./mss_sys_services/mss_sys_services.o
 .debug_abbrev  0x00000000000013e5      0x353 ./drivers/mss_uart/mss_uart.o
 .debug_abbrev  0x0000000000001738      0x2a0 ./drivers/mss_hpdma/mss_hpdma.o
 .debug_abbrev  0x00000000000019d8      0x1e0 ./drivers/mss_gpio/mss_gpio.o
 .debug_abbrev  0x0000000000001bb8      0x10a ./FatFs/src/diskio.o
 .debug_abbrev  0x0000000000001cc2      0x1ea ./FatFs/src/ff.o
 .debug_abbrev  0x0000000000001eac       0x14 ./CMSIS/startup_gcc/startup_m2sxxx.o
 .debug_abbrev  0x0000000000001ec0      0x1af ./CMSIS/system_m2sxxx.o
 .debug_abbrev  0x000000000000206f      0x42e ./main.o

.debug_line     0x0000000000000000     0x9959
 *(.debug_line)
 .debug_line    0x0000000000000000      0xf2e ./mss_usb/mss_usb_common_cif.o
 .debug_line    0x0000000000000f2e     0x1572 ./mss_usb/mss_usb_host.o
 .debug_line    0x00000000000024a0      0xd73 ./mss_usb/mss_usb_host_cif.o
 .debug_line    0x0000000000003213      0x9f9 ./mss_usb/mss_usb_host_msc.o
 .debug_line    0x0000000000003c0c      0x78a ./mss_sys_services/mss_comblk.o
 .debug_line    0x0000000000004396      0xfc2 ./mss_sys_services/mss_sys_services.o
 .debug_line    0x0000000000005358     0x1479 ./drivers/mss_uart/mss_uart.o
 .debug_line    0x00000000000067d1      0x4ee ./drivers/mss_hpdma/mss_hpdma.o
 .debug_line    0x0000000000006cbf      0x3d4 ./drivers/mss_gpio/mss_gpio.o
 .debug_line    0x0000000000007093      0x2cb ./FatFs/src/diskio.o
 .debug_line    0x000000000000735e     0x170c ./FatFs/src/ff.o
 .debug_line    0x0000000000008a6a      0x18e ./CMSIS/startup_gcc/startup_m2sxxx.o
 .debug_line    0x0000000000008bf8      0x29c ./CMSIS/system_m2sxxx.o
 .debug_line    0x0000000000008e94      0xac5 ./main.o

.debug_frame    0x0000000000000000     0x4118
 *(.debug_frame)
 .debug_frame   0x0000000000000000      0xae0 ./mss_usb/mss_usb_common_cif.o
 .debug_frame   0x0000000000000ae0      0x89c ./mss_usb/mss_usb_host.o
 .debug_frame   0x000000000000137c      0xa18 ./mss_usb/mss_usb_host_cif.o
 .debug_frame   0x0000000000001d94      0x314 ./mss_usb/mss_usb_host_msc.o
 .debug_frame   0x00000000000020a8      0x240 ./mss_sys_services/mss_comblk.o
 .debug_frame   0x00000000000022e8      0x740 ./mss_sys_services/mss_sys_services.o
 .debug_frame   0x0000000000002a28      0x820 ./drivers/mss_uart/mss_uart.o
 .debug_frame   0x0000000000003248      0x208 ./drivers/mss_hpdma/mss_hpdma.o
 .debug_frame   0x0000000000003450      0x198 ./drivers/mss_gpio/mss_gpio.o
 .debug_frame   0x00000000000035e8       0xcc ./FatFs/src/diskio.o
 .debug_frame   0x00000000000036b4      0x560 ./FatFs/src/ff.o
 .debug_frame   0x0000000000003c14      0x10c ./CMSIS/system_m2sxxx.o
 .debug_frame   0x0000000000003d20      0x354 ./main.o
 .debug_frame   0x0000000000004074       0x2c d:/microchip/softconsole-v2021.1/arm-none-eabi-gcc/bin/../lib/gcc/arm-none-eabi/9.2.1/../../../../arm-none-eabi/lib/thumb/v7-m/nofp\libg_nano.a(lib_a-init.o)
 .debug_frame   0x00000000000040a0       0x20 d:/microchip/softconsole-v2021.1/arm-none-eabi-gcc/bin/../lib/gcc/arm-none-eabi/9.2.1/../../../../arm-none-eabi/lib/thumb/v7-m/nofp\libg_nano.a(lib_a-memset.o)
 .debug_frame   0x00000000000040c0       0x28 d:/microchip/softconsole-v2021.1/arm-none-eabi-gcc/bin/../lib/gcc/arm-none-eabi/9.2.1/../../../../arm-none-eabi/lib/thumb/v7-m/nofp\libg_nano.a(lib_a-strncpy.o)
 .debug_frame   0x00000000000040e8       0x30 d:/microchip/softconsole-v2021.1/arm-none-eabi-gcc/bin/../lib/gcc/arm-none-eabi/9.2.1/../../../../arm-none-eabi/lib/thumb/v7-m/nofp\libg_nano.a(lib_a-strstr.o)

.debug_str      0x0000000000000000     0x6ddb
 *(.debug_str)
 .debug_str     0x0000000000000000     0x14f5 ./mss_usb/mss_usb_common_cif.o
                                       0x15fb (size before relaxing)
 .debug_str     0x00000000000014f5     0x13b7 ./mss_usb/mss_usb_host.o
                                       0x206b (size before relaxing)
 .debug_str     0x00000000000028ac      0xbe6 ./mss_usb/mss_usb_host_cif.o
                                       0x1a21 (size before relaxing)
 .debug_str     0x0000000000003492      0x92d ./mss_usb/mss_usb_host_msc.o
                                       0x13c5 (size before relaxing)
 .debug_str     0x0000000000003dbf      0x31c ./mss_sys_services/mss_comblk.o
                                        0xb8e (size before relaxing)
 .debug_str     0x00000000000040db     0x100f ./mss_sys_services/mss_sys_services.o
                                       0x1748 (size before relaxing)
 .debug_str     0x00000000000050ea      0xbb6 ./drivers/mss_uart/mss_uart.o
                                       0x1b30 (size before relaxing)
 .debug_str     0x0000000000005ca0      0x4f7 ./drivers/mss_hpdma/mss_hpdma.o
                                       0x13f0 (size before relaxing)
 .debug_str     0x0000000000006197      0x2f9 ./drivers/mss_gpio/mss_gpio.o
                                       0x1345 (size before relaxing)
 .debug_str     0x0000000000006490       0xbe ./FatFs/src/diskio.o
                                        0x605 (size before relaxing)
 .debug_str     0x000000000000654e      0x3d0 ./FatFs/src/ff.o
                                        0x621 (size before relaxing)
 .debug_str     0x000000000000691e       0x34 ./CMSIS/startup_gcc/startup_m2sxxx.o
                                         0xba (size before relaxing)
 .debug_str     0x0000000000006952      0x195 ./CMSIS/system_m2sxxx.o
                                        0xb37 (size before relaxing)
 .debug_str     0x0000000000006ae7      0x2f4 ./main.o
                                       0x1834 (size before relaxing)

.debug_loc
 *(.debug_loc)

.debug_macinfo
 *(.debug_macinfo)

.debug_weaknames
 *(.debug_weaknames)

.debug_funcnames
 *(.debug_funcnames)

.debug_typenames
 *(.debug_typenames)

.debug_varnames
 *(.debug_varnames)

.note.gnu.arm.ident
 *(.note.gnu.arm.ident)

.ARM.attributes
                0x0000000000000000       0x29
 *(.ARM.attributes)
 .ARM.attributes
                0x0000000000000000       0x1d d:/microchip/softconsole-v2021.1/arm-none-eabi-gcc/bin/../lib/gcc/arm-none-eabi/9.2.1/thumb/v7-m/nofp/crti.o
 .ARM.attributes
                0x000000000000001d       0x2d d:/microchip/softconsole-v2021.1/arm-none-eabi-gcc/bin/../lib/gcc/arm-none-eabi/9.2.1/thumb/v7-m/nofp/crtbegin.o
 .ARM.attributes
                0x000000000000004a       0x1b d:/microchip/softconsole-v2021.1/arm-none-eabi-gcc/bin/../lib/gcc/arm-none-eabi/9.2.1/../../../../arm-none-eabi/lib/thumb/v7-m/nofp/crt0.o
 .ARM.attributes
                0x0000000000000065       0x2d ./mss_usb/mss_usb_common_cif.o
 .ARM.attributes
                0x0000000000000092       0x33 ./mss_usb/mss_usb_device.o
 .ARM.attributes
                0x00000000000000c5       0x33 ./mss_usb/mss_usb_device_cdc.o
 .ARM.attributes
                0x00000000000000f8       0x33 ./mss_usb/mss_usb_device_cif.o
 .ARM.attributes
                0x000000000000012b       0x33 ./mss_usb/mss_usb_device_hid.o
 .ARM.attributes
                0x000000000000015e       0x33 ./mss_usb/mss_usb_device_msd.o
 .ARM.attributes
                0x0000000000000191       0x2d ./mss_usb/mss_usb_host.o
 .ARM.attributes
                0x00000000000001be       0x2d ./mss_usb/mss_usb_host_cif.o
 .ARM.attributes
                0x00000000000001eb       0x2d ./mss_usb/mss_usb_host_msc.o
 .ARM.attributes
                0x0000000000000218       0x2d ./mss_sys_services/mss_comblk.o
 .ARM.attributes
                0x0000000000000245       0x2d ./mss_sys_services/mss_sys_services.o
 .ARM.attributes
                0x0000000000000272       0x1b ./hal/CortexM3/GNU/hal.o
 .ARM.attributes
                0x000000000000028d       0x1b ./hal/CortexM3/GNU/hw_reg_access.o
 .ARM.attributes
                0x00000000000002a8       0x2d ./hal/CortexM3/cortex_nvic.o
 .ARM.attributes
                0x00000000000002d5       0x33 ./drivers_config/sys_config/sys_config.o
 .ARM.attributes
                0x0000000000000308       0x2d ./drivers/mss_uart/mss_uart.o
 .ARM.attributes
                0x0000000000000335       0x2d ./drivers/mss_nvm/mss_nvm.o
 .ARM.attributes
                0x0000000000000362       0x2d ./drivers/mss_hpdma/mss_hpdma.o
 .ARM.attributes
                0x000000000000038f       0x2d ./drivers/mss_gpio/mss_gpio.o
 .ARM.attributes
                0x00000000000003bc       0x33 ./FatFs/src/option/syscall.o
 .ARM.attributes
                0x00000000000003ef       0x2d ./FatFs/src/diskio.o
 .ARM.attributes
                0x000000000000041c       0x2d ./FatFs/src/ff.o
 .ARM.attributes
                0x0000000000000449       0x2d ./CMSIS/startup_gcc/newlib_stubs.o
 .ARM.attributes
                0x0000000000000476       0x21 ./CMSIS/startup_gcc/startup_m2sxxx.o
 .ARM.attributes
                0x0000000000000497       0x2d ./CMSIS/system_m2sxxx.o
 .ARM.attributes
                0x00000000000004c4       0x2d ./main.o
 .ARM.attributes
                0x00000000000004f1       0x2d d:/microchip/softconsole-v2021.1/arm-none-eabi-gcc/bin/../lib/gcc/arm-none-eabi/9.2.1/../../../../arm-none-eabi/lib/thumb/v7-m/nofp\libg_nano.a(lib_a-errno.o)
 .ARM.attributes
                0x000000000000051e       0x2d d:/microchip/softconsole-v2021.1/arm-none-eabi-gcc/bin/../lib/gcc/arm-none-eabi/9.2.1/../../../../arm-none-eabi/lib/thumb/v7-m/nofp\libg_nano.a(lib_a-exit.o)
 .ARM.attributes
                0x000000000000054b       0x2d d:/microchip/softconsole-v2021.1/arm-none-eabi-gcc/bin/../lib/gcc/arm-none-eabi/9.2.1/../../../../arm-none-eabi/lib/thumb/v7-m/nofp\libg_nano.a(lib_a-impure.o)
 .ARM.attributes
                0x0000000000000578       0x2d d:/microchip/softconsole-v2021.1/arm-none-eabi-gcc/bin/../lib/gcc/arm-none-eabi/9.2.1/../../../../arm-none-eabi/lib/thumb/v7-m/nofp\libg_nano.a(lib_a-init.o)
 .ARM.attributes
                0x00000000000005a5       0x2d d:/microchip/softconsole-v2021.1/arm-none-eabi-gcc/bin/../lib/gcc/arm-none-eabi/9.2.1/../../../../arm-none-eabi/lib/thumb/v7-m/nofp\libg_nano.a(lib_a-memcpy-stub.o)
 .ARM.attributes
                0x00000000000005d2       0x2d d:/microchip/softconsole-v2021.1/arm-none-eabi-gcc/bin/../lib/gcc/arm-none-eabi/9.2.1/../../../../arm-none-eabi/lib/thumb/v7-m/nofp\libg_nano.a(lib_a-memset.o)
 .ARM.attributes
                0x00000000000005ff       0x2d d:/microchip/softconsole-v2021.1/arm-none-eabi-gcc/bin/../lib/gcc/arm-none-eabi/9.2.1/../../../../arm-none-eabi/lib/thumb/v7-m/nofp\libg_nano.a(lib_a-strncpy.o)
 .ARM.attributes
                0x000000000000062c       0x2d d:/microchip/softconsole-v2021.1/arm-none-eabi-gcc/bin/../lib/gcc/arm-none-eabi/9.2.1/../../../../arm-none-eabi/lib/thumb/v7-m/nofp\libg_nano.a(lib_a-strstr.o)
 .ARM.attributes
                0x0000000000000659       0x2d d:/microchip/softconsole-v2021.1/arm-none-eabi-gcc/bin/../lib/gcc/arm-none-eabi/9.2.1/thumb/v7-m/nofp/crtend.o
 .ARM.attributes
                0x0000000000000686       0x1d d:/microchip/softconsole-v2021.1/arm-none-eabi-gcc/bin/../lib/gcc/arm-none-eabi/9.2.1/thumb/v7-m/nofp/crtn.o

/DISCARD/
 *(.note.GNU-stack)
OUTPUT(demo_MSS_CM3_app.elf elf32-littlearm)

.debug_ranges   0x0000000000000000      0xf78
 .debug_ranges  0x0000000000000000      0x248 ./mss_usb/mss_usb_common_cif.o
 .debug_ranges  0x0000000000000248      0x288 ./mss_usb/mss_usb_host.o
 .debug_ranges  0x00000000000004d0      0x240 ./mss_usb/mss_usb_host_cif.o
 .debug_ranges  0x0000000000000710       0xe0 ./mss_usb/mss_usb_host_msc.o
 .debug_ranges  0x00000000000007f0       0xd0 ./mss_sys_services/mss_comblk.o
 .debug_ranges  0x00000000000008c0      0x198 ./mss_sys_services/mss_sys_services.o
 .debug_ranges  0x0000000000000a58      0x1d8 ./drivers/mss_uart/mss_uart.o
 .debug_ranges  0x0000000000000c30       0x70 ./drivers/mss_hpdma/mss_hpdma.o
 .debug_ranges  0x0000000000000ca0       0x58 ./drivers/mss_gpio/mss_gpio.o
 .debug_ranges  0x0000000000000cf8       0x30 ./FatFs/src/diskio.o
 .debug_ranges  0x0000000000000d28      0x128 ./FatFs/src/ff.o
 .debug_ranges  0x0000000000000e50       0x58 ./CMSIS/system_m2sxxx.o
 .debug_ranges  0x0000000000000ea8       0xd0 ./main.o

.comment        0x0000000000000000       0x66
 .comment       0x0000000000000000       0x66 ./mss_usb/mss_usb_common_cif.o
                                         0x67 (size before relaxing)
 .comment       0x0000000000000066       0x67 ./mss_usb/mss_usb_host.o
 .comment       0x0000000000000066       0x67 ./mss_usb/mss_usb_host_cif.o
 .comment       0x0000000000000066       0x67 ./mss_usb/mss_usb_host_msc.o
 .comment       0x0000000000000066       0x67 ./mss_sys_services/mss_comblk.o
 .comment       0x0000000000000066       0x67 ./mss_sys_services/mss_sys_services.o
 .comment       0x0000000000000066       0x67 ./drivers/mss_uart/mss_uart.o
 .comment       0x0000000000000066       0x67 ./drivers/mss_hpdma/mss_hpdma.o
 .comment       0x0000000000000066       0x67 ./drivers/mss_gpio/mss_gpio.o
 .comment       0x0000000000000066       0x67 ./FatFs/src/diskio.o
 .comment       0x0000000000000066       0x67 ./FatFs/src/ff.o
 .comment       0x0000000000000066       0x67 ./CMSIS/system_m2sxxx.o
 .comment       0x0000000000000066       0x67 ./main.o
