
Copyright (C) 1994-2023 Synopsys, Inc.
This Synopsys software and all associated documentation are proprietary to Synopsys, Inc.
and may only be used pursuant to the terms and conditions of a written license agreement
with Synopsys, Inc. All other use, reproduction, modification, or distribution of the
Synopsys software or the associated documentation is strictly prohibited.
Tool: Synplify Pro (R)
Build: V-2023.09M
Install: C:\Microchip\Libero_SoC_v2024.1\SynplifyPro
OS: Windows 10 or later
Hostname: DESKTOP-V6FS948

Implementation : synthesis
Synopsys HDL compiler and linker, Version comp202309synp1, Build 146R, Built Jan  4 2024 08:15:03, @

Modified Files: 1
FID:  path (prevtimestamp, timestamp)
11       C:\Users\Lucas\Documents\Nascerr\mss_based_isp\component\work\mss_based_isp\mss_based_isp.v (2025-04-10 09:58:11, 2025-04-10 09:59:41)

*******************************************************************
Modules that may have changed as a result of file changes: 10
MID:  lib.cell.view
0        work.Dev_Restart_after_ISP_blk.verilog may have changed because the following files changed:
                        C:\Users\Lucas\Documents\Nascerr\mss_based_isp\component\work\mss_based_isp\mss_based_isp.v (2025-04-10 09:58:11, 2025-04-10 09:59:41) <-- (may instantiate this module)
1        work.MSS_025.verilog may have changed because the following files changed:
                        C:\Users\Lucas\Documents\Nascerr\mss_based_isp\component\work\mss_based_isp\mss_based_isp.v (2025-04-10 09:58:11, 2025-04-10 09:59:41) <-- (may instantiate this module)
2        work.Ram_intferface.verilog may have changed because the following files changed:
                        C:\Users\Lucas\Documents\Nascerr\mss_based_isp\component\work\mss_based_isp\mss_based_isp.v (2025-04-10 09:58:11, 2025-04-10 09:59:41) <-- (may instantiate this module)
3        work.TAMPER.verilog may have changed because the following files changed:
                        C:\Users\Lucas\Documents\Nascerr\mss_based_isp\component\work\mss_based_isp\mss_based_isp.v (2025-04-10 09:58:11, 2025-04-10 09:59:41) <-- (may instantiate this module)
4        work.TAMPER_C0.verilog may have changed because the following files changed:
                        C:\Users\Lucas\Documents\Nascerr\mss_based_isp\component\work\mss_based_isp\mss_based_isp.v (2025-04-10 09:58:11, 2025-04-10 09:59:41) <-- (may instantiate this module)
5        work.TAMPER_C0_TAMPER_C0_0_TAMPER.verilog may have changed because the following files changed:
                        C:\Users\Lucas\Documents\Nascerr\mss_based_isp\component\work\mss_based_isp\mss_based_isp.v (2025-04-10 09:58:11, 2025-04-10 09:59:41) <-- (may instantiate this module)
6        work.TPSRAM_C0.verilog may have changed because the following files changed:
                        C:\Users\Lucas\Documents\Nascerr\mss_based_isp\component\work\mss_based_isp\mss_based_isp.v (2025-04-10 09:58:11, 2025-04-10 09:59:41) <-- (may instantiate this module)
7        work.TPSRAM_C0_TPSRAM_C0_0_TPSRAM.verilog may have changed because the following files changed:
                        C:\Users\Lucas\Documents\Nascerr\mss_based_isp\component\work\mss_based_isp\mss_based_isp.v (2025-04-10 09:58:11, 2025-04-10 09:59:41) <-- (may instantiate this module)
8        work.mss_based_isp.verilog may have changed because the following files changed:
                        C:\Users\Lucas\Documents\Nascerr\mss_based_isp\component\work\mss_based_isp\mss_based_isp.v (2025-04-10 09:58:11, 2025-04-10 09:59:41) <-- (module definition)
9        work.mss_based_isp_MSS.verilog may have changed because the following files changed:
                        C:\Users\Lucas\Documents\Nascerr\mss_based_isp\component\work\mss_based_isp\mss_based_isp.v (2025-04-10 09:58:11, 2025-04-10 09:59:41) <-- (may instantiate this module)

*******************************************************************
Unmodified files: 14
FID:  path (timestamp)
0        C:\Microchip\Libero_SoC_v2024.1\SynplifyPro\lib\generic\smartfusion2.v (2024-01-04 13:11:02)
1        C:\Microchip\Libero_SoC_v2024.1\SynplifyPro\lib\vlog\hypermods.v (2024-01-04 13:04:40)
2        C:\Microchip\Libero_SoC_v2024.1\SynplifyPro\lib\vlog\scemi_objects.v (2024-01-04 13:04:40)
3        C:\Microchip\Libero_SoC_v2024.1\SynplifyPro\lib\vlog\scemi_pipes.svh (2024-01-04 13:04:40)
4        C:\Microchip\Libero_SoC_v2024.1\SynplifyPro\lib\vlog\umr_capim.v (2024-01-04 13:08:34)
5        C:\Users\Lucas\Documents\Nascerr\mss_based_isp\component\Actel\SgCore\TAMPER\2.1.300\tamper_comps.v (2025-04-08 14:44:39)
6        C:\Users\Lucas\Documents\Nascerr\mss_based_isp\component\work\Dev_Restart_after_ISP_blk\Dev_Restart_after_ISP_blk.v (2025-04-10 09:57:43)
7        C:\Users\Lucas\Documents\Nascerr\mss_based_isp\component\work\TAMPER_C0\TAMPER_C0.v (2025-04-09 17:35:54)
8        C:\Users\Lucas\Documents\Nascerr\mss_based_isp\component\work\TAMPER_C0\TAMPER_C0_0\TAMPER_C0_TAMPER_C0_0_TAMPER.v (2025-04-09 17:35:54)
9        C:\Users\Lucas\Documents\Nascerr\mss_based_isp\component\work\TPSRAM_C0\TPSRAM_C0.v (2025-04-09 17:36:34)
10       C:\Users\Lucas\Documents\Nascerr\mss_based_isp\component\work\TPSRAM_C0\TPSRAM_C0_0\TPSRAM_C0_TPSRAM_C0_0_TPSRAM.v (2025-04-09 17:36:34)
12       C:\Users\Lucas\Documents\Nascerr\mss_based_isp\component\work\mss_based_isp_MSS\mss_based_isp_MSS.v (2025-04-09 17:35:10)
13       C:\Users\Lucas\Documents\Nascerr\mss_based_isp\component\work\mss_based_isp_MSS\mss_based_isp_MSS_syn.v (2025-04-09 17:35:10)
14       C:\Users\Lucas\Documents\Nascerr\mss_based_isp\hdl\Ram_interface.v (2025-04-09 17:37:21)

*******************************************************************
Unchanged modules: 0
MID:  lib.cell.view
